06-14 15:55:01.425   859 21339 I chatty  : uid=1001(radio) /system/bin/rild expire 1 line
06-14 15:55:01.086  1784  2683 I am_proc_start: [0,21348,10091,com.google.android.deskclock,broadcast,com.google.android.deskclock/com.android.deskclock.AlarmInitReceiver]
06-14 15:55:01.108  1784  1795 I am_proc_bound: [0,21348,com.google.android.deskclock]
06-14 15:55:01.328  1784  1831 I am_pss  : [2795,10035,com.google.android.gms,130611200,89092096,33167360]
06-14 15:55:01.334  1784  9497 I am_kill : [0,20419,com.android.chrome:sandboxed_process0,906,empty #13]
06-14 15:55:01.359   859 21386 I chatty  : uid=1001(radio) /system/bin/rild expire 1 line
06-14 15:55:01.362  1784 23026 I am_proc_start: [0,21387,1000,com.qualcomm.timeservice,broadcast,com.qualcomm.timeservice/.TimeServiceBroadcastReceiver]
06-14 15:55:01.373  1784  2051 I am_proc_died: [0,20419,com.android.chrome:sandboxed_process0]
06-14 15:55:01.390  1784  2472 I am_proc_bound: [0,21387,com.qualcomm.timeservice]
06-14 15:55:01.426  1784  2924 I am_kill : [0,20374,com.android.chrome,906,empty #13]
06-14 15:55:01.443  1784  2683 I am_proc_died: [0,20374,com.android.chrome]
06-14 15:55:01.467  1784  9498 I am_proc_start: [0,21409,10140,com.linkedin.android,broadcast,com.linkedin.android/androidx.work.impl.background.systemalarm.RescheduleReceiver]
06-14 15:55:01.479  1784  2940 I am_proc_bound: [0,21409,com.linkedin.android]
06-14 15:55:01.571   859 21428 I chatty  : uid=1001(radio) /system/bin/rild expire 1 line
06-14 15:55:01.852  1784  9497 I am_proc_start: [0,21480,10086,com.android.chrome,service,com.android.chrome/org.chromium.chrome.browser.customtabs.CustomTabsConnectionService]
06-14 15:55:01.874  1784  2622 I am_proc_start: [0,21494,10176,com.pepkit.ssg,broadcast,com.pepkit.ssg/androidx.work.impl.background.systemalarm.RescheduleReceiver]
06-14 15:55:01.875  1784  9305 I am_kill : [0,20869,com.android.documentsui,906,empty #13]
06-14 15:55:01.877  1784  2940 I am_proc_bound: [0,21480,com.android.chrome]
06-14 15:55:01.884  1784  2460 I am_proc_died: [0,20869,com.android.documentsui]
06-14 15:55:01.894  1784  9305 I am_proc_bound: [0,21494,com.pepkit.ssg]
06-14 15:55:01.960  1784  2612 I am_kill : [0,20891,com.android.externalstorage,906,empty #13]
06-14 15:55:01.970  1784  3828 I am_proc_died: [0,20891,com.android.externalstorage]
06-14 15:55:02.036  1784  2925 I am_kill : [0,20925,com.android.mtp,906,empty #13]
06-14 15:55:02.053  1784  2925 I am_proc_start: [0,21547,10173,com.whereismytrain.android,broadcast,com.whereismytrain.android/androidx.work.impl.background.systemalarm.RescheduleReceiver]
06-14 15:55:02.054  1784  1795 I am_proc_died: [0,20925,com.android.mtp]
06-14 15:55:02.069  1784  2460 I am_proc_bound: [0,21547,com.whereismytrain.android]
06-14 15:55:02.198  1784  9498 I force_gc: Binder
06-14 15:55:02.308  1784  1795 I am_proc_start: [0,21606,99309,com.android.chrome:sandboxed_process0,service,com.android.chrome/org.chromium.content.app.SandboxedProcessService0]
06-14 15:55:02.330  1784  9497 I am_proc_bound: [0,21606,com.android.chrome:sandboxed_process0]
06-14 15:55:02.348 21606 21606 I auditd  : type=1400 audit(0.0:737): avc: denied { getattr } for uid=99309 comm="dboxed_process0" path="/data/data/com.android.chrome" dev="dm-1" ino=974 scontext=u:r:isolated_app:s0:c512,c768 tcontext=u:object_r:app_data_file:s0:c512,c768 tclass=dir permissive=0
06-14 15:55:02.391  1784  2943 I am_proc_start: [0,21625,10086,com.android.chrome:privileged_process0,service,com.android.chrome/org.chromium.content.app.PrivilegedProcessService0]
06-14 15:55:02.393  1784  2622 I am_kill : [0,20954,com.google.android.apps.docs,906,empty #13]
06-14 15:55:02.409  1784  2940 I am_proc_bound: [0,21625,com.android.chrome:privileged_process0]
06-14 15:55:02.437  1784  1794 I am_proc_died: [0,20954,com.google.android.apps.docs]
06-14 15:55:02.459  1784  9305 I am_proc_start: [0,21647,10190,in.amazon.mShop.android.shopping,broadcast,in.amazon.mShop.android.shopping/com.amazon.identity.auth.device.storage.LambortishClock$ChangeTimestampsBroadcastReceiver]
06-14 15:55:02.475  1784  2460 I am_proc_bound: [0,21647,in.amazon.mShop.android.shopping]
06-14 15:55:02.486  1784  2192 I am_kill : [0,20593,com.android.printspooler,906,empty #13]
06-14 15:55:02.541  1784  2683 I am_proc_died: [0,20593,com.android.printspooler]
06-14 15:55:02.939  1784  2612 I am_proc_start: [0,21749,10151,in.startv.hotstar,broadcast,in.startv.hotstar/androidx.work.impl.background.systemalarm.RescheduleReceiver]
06-14 15:55:02.940  1784  2612 I am_kill : [0,20992,sessionTokenStorage.data,906,empty #13]
06-14 15:55:02.952  1784 23028 I am_proc_died: [0,20992,sessionTokenStorage.data]
06-14 15:55:02.962  1784  2192 I am_proc_bound: [0,21749,in.startv.hotstar]
06-14 15:55:03.072 20208 20219 I force_gc: Binder
06-14 15:55:05.530  1784  9305 I am_kill : [0,20693,com.commsource.beautyplus,906,empty #13]
06-14 15:55:05.561  1784  2925 I am_proc_died: [0,20693,com.commsource.beautyplus]
06-14 15:55:06.626  1784  1877 I am_kill : [0,21098,com.toi.reader.activities,906,empty #13]
06-14 15:55:06.648  1784  2924 I am_proc_died: [0,21098,com.toi.reader.activities]
06-14 15:55:07.904  1784  1831 I am_pss  : [26950,10131,com.facebook.katana,84284416,81235968,1661952]
06-14 15:55:09.314  2178  2294 I chatty  : uid=1001(radio) RILReceiver0 expire 46 lines
06-14 15:55:09.318   786 21878 I chatty  : uid=1001(radio) /system/bin/rild expire 1 line
06-14 15:55:09.333   786 21882 I chatty  : uid=1001(radio) /system/bin/rild expire 1 line
06-14 15:55:09.344  1784  2192 D TelephonyRegistry: notifyCellLocationForSubscriber: subId=1 cellLocation=Bundle[mParcelledData.dataSize=96]
06-14 15:55:09.535  2178  2293 I chatty  : uid=1001(radio) RILSender0 expire 3 lines
06-14 15:55:10.494  1784  1831 I am_pss  : [2656,10045,com.android.launcher3,67914752,55137280,8641536]
06-14 15:55:10.544  1784  1831 I am_pss  : [29267,10074,com.google.android.googlequicksearchbox:search,70125568,64185344,1555456]
06-14 15:55:13.136   786 21893 I chatty  : uid=1001(radio) /system/bin/rild expire 1 line
06-14 15:55:13.141  1784  2940 D TelephonyRegistry: notifyCellLocationForSubscriber: subId=1 cellLocation=Bundle[mParcelledData.dataSize=96]
06-14 15:55:14.429  1784  1842 I power_sleep_requested: 0
06-14 15:55:14.935  1784  1842 I am_pause_activity: [0,204453136,com.google.android.apps.messaging/.ui.conversation.ConversationActivity]
06-14 15:55:15.001 13071 13071 I am_on_paused_called: [0,com.google.android.apps.messaging.ui.conversation.ConversationActivity,handlePauseActivity]
06-14 15:55:15.003  1784  1832 I am_stop_activity: [0,204453136,com.google.android.apps.messaging/.ui.conversation.ConversationActivity]
06-14 15:55:15.204  1784  1837 I sysui_view_visibility: [223,100]
06-14 15:55:15.230  1784  1837 I am_proc_start: [0,21901,10054,com.motorola.motodisplay,service,com.motorola.motodisplay/.DozeService]
06-14 15:55:15.257  1784  2456 I am_proc_bound: [0,21901,com.motorola.motodisplay]
06-14 15:55:15.429  1784  1784 I power_screen_state: [0,3,0,0]
06-14 15:55:15.429  1784  1784 I screen_toggled: 0
06-14 15:55:15.429  1784  1784 I sysui_histogram: [screen_timeout,30]
06-14 15:55:15.429  1784  1784 I power_screen_broadcast_send: 1
06-14 15:55:15.811  2178  2178 I chatty  : uid=1001(radio) com.android.phone expire 24 lines
06-14 15:55:15.814  2178  2190 I chatty  : uid=1001(radio) Binder:2178_2 expire 3 lines
06-14 15:55:15.816  2178  2308 I chatty  : uid=1001(radio) Binder:2178_4 expire 3 lines
06-14 15:55:15.902  1784  5084 I am_create_task: [0,371]
06-14 15:55:15.902  1784  5084 I am_create_activity: [0,173514595,371,com.lenovo.anyshare.gps/com.ushareit.longevity.activity.OneTopActivity,NULL,NULL,NULL,276824064]
06-14 15:55:15.902  1784  5084 I wm_task_created: [371,1]
06-14 15:55:15.902  1784  5084 I wm_task_moved: [371,1,6]
06-14 15:55:15.902  1784  5084 I wm_task_moved: [371,1,6]
06-14 15:55:15.904  1784  5084 I am_focused_activity: [0,com.lenovo.anyshare.gps/com.ushareit.longevity.activity.OneTopActivity,startedActivity]
06-14 15:55:15.906  1784  5084 I am_restart_activity: [0,173514595,371,com.lenovo.anyshare.gps/com.ushareit.longevity.activity.OneTopActivity]
06-14 15:55:15.907  1784  5084 I am_pause_activity: [0,173514595,com.lenovo.anyshare.gps/com.ushareit.longevity.activity.OneTopActivity]
06-14 15:55:15.910  1784  5084 I sysui_action: [323,com.lenovo.anyshare.gps/com.ushareit.longevity.activity.OneTopActivity]
06-14 15:55:15.910  1784  5084 I sysui_action: [324,true]
06-14 15:55:15.910  1784  5084 I sysui_action: [325,51934]
06-14 15:55:15.918  1784  1839 I sysui_action: [320,3]
06-14 15:55:15.918  1784  1839 I sysui_action: [319,69]
06-14 15:55:15.927  3841  3841 I am_on_resume_called: [0,com.ushareit.longevity.activity.OneTopActivity,LAUNCH_ACTIVITY]
06-14 15:55:15.932  3841  3841 I am_on_paused_called: [0,com.ushareit.longevity.activity.OneTopActivity,handlePauseActivity]
06-14 15:55:15.932  1784  1832 I am_stop_activity: [0,173514595,com.lenovo.anyshare.gps/com.ushareit.longevity.activity.OneTopActivity]
06-14 15:55:15.935  1784  1832 I sysui_count: [window_time_0,35]
06-14 15:55:16.219 13071 13071 I am_on_stop_called: [0,com.google.android.apps.messaging.ui.conversation.ConversationActivity,sleeping]
06-14 15:55:16.230  3841  3841 I am_on_stop_called: [0,com.ushareit.longevity.activity.OneTopActivity,sleeping]
06-14 15:55:16.247  1784  1839 I sysui_action: [322,398]
06-14 15:55:16.247  1784  1839 I am_activity_launch_time: [0,173514595,com.lenovo.anyshare.gps/com.ushareit.longevity.activity.OneTopActivity,340,40434]
06-14 15:55:17.009  1784  1784 I power_screen_broadcast_done: [0,1580,1]
06-14 15:55:19.253   786 21950 I chatty  : uid=1001(radio) /system/bin/rild expire 1 line
06-14 15:55:19.266  1784  2614 D TelephonyRegistry: notifyCellLocationForSubscriber: subId=1 cellLocation=Bundle[mParcelledData.dataSize=96]
06-14 15:55:19.576  1936  1936 I sysui_view_visibility: [111,100]
06-14 15:55:19.576  1936  1936 I sysui_view_visibility: [126,100]
06-14 15:55:19.576  1936  1936 I sysui_view_visibility: [123,100]
06-14 15:55:19.576  1936  1936 I sysui_view_visibility: [27601,100]
06-14 15:55:19.576  1936  1936 I sysui_view_visibility: [115,100]
06-14 15:55:19.576  1936  1936 I sysui_view_visibility: [115,100]
06-14 15:55:19.607  1784  9499 I notification_expansion: [0|com.nnacres.app|1|101|10130,0,0,57680222,57680222,112969]
06-14 15:55:19.708  2178  3108 I chatty  : uid=1001(radio) Binder:2178_7 expire 3 lines
06-14 15:55:19.711  1936  1936 I sysui_status_bar_state: [1,1,0,0,1,0]
06-14 15:55:19.722  2178 29093 I chatty  : uid=1001(radio) Binder:2178_A expire 2 lines
06-14 15:55:19.739  2178  2307 I chatty  : uid=1001(radio) Binder:2178_3 expire 3 lines
06-14 15:55:19.838  2178 21936 I chatty  : uid=1001(radio) Binder:2178_9 expire 1 line
06-14 15:55:19.856  2178 17807 I chatty  : uid=1001(radio) Binder:2178_B expire 1 line
06-14 15:55:19.864  2178  2189 I chatty  : uid=1001(radio) Binder:2178_1 expire 1 line
06-14 15:55:19.870  2178  2782 I chatty  : uid=1001(radio) Binder:2178_6 expire 1 line
06-14 15:55:19.887   581   581 I sf_frame_dur: [NavigationBar,135,5,0,0,0,2,7]
06-14 15:55:27.135  1784  1831 I am_pss  : [2795,10035,com.google.android.gms,131365888,89686016,33167360]
06-14 15:55:39.386  1784  2622 I am_kill : [0,21348,com.google.android.deskclock,906,empty #13]
06-14 15:55:39.386  1784  2622 I am_kill : [0,21249,com.google.android.calendar,906,empty #14]
06-14 15:55:39.398  1784  9499 I am_proc_died: [0,21348,com.google.android.deskclock]
06-14 15:55:39.400  1784  9497 I am_proc_died: [0,21249,com.google.android.calendar]
06-14 15:55:39.428  1784  1831 I am_pss  : [21901,10054,com.motorola.motodisplay,47033344,45694976,76800]
06-14 15:55:39.467  1784  1831 I am_pss  : [20904,10156,com.boxer.email,39707648,37605376,75776]
06-14 15:55:39.501  1784  1831 I am_pss  : [21749,10151,in.startv.hotstar,27373568,26198016,77824]
06-14 15:55:39.536  1784  1831 I am_pss  : [21647,10190,in.amazon.mShop.android.shopping,32994304,31404032,77824]
06-14 15:55:39.566  1784  1831 I am_pss  : [21547,10173,com.whereismytrain.android,10964992,10014720,79872]
06-14 15:55:39.595  1784  1831 I am_pss  : [21625,10086,com.android.chrome:privileged_process0,6210560,4497408,78848]
06-14 15:55:39.625  1784  1831 I am_pss  : [21606,99309,com.android.chrome:sandboxed_process0,7382016,5521408,83968]
06-14 15:55:39.654  1784  1831 I am_pss  : [21494,10176,com.pepkit.ssg,12187648,11329536,82944]
06-14 15:55:39.687  1784  1831 I am_pss  : [21480,10086,com.android.chrome,27098112,23404544,78848]
06-14 15:55:39.726  1784  1831 I am_pss  : [21409,10140,com.linkedin.android,81695744,80556032,79872]
06-14 15:55:39.752  1784  1831 I am_pss  : [21387,1000,com.qualcomm.timeservice,2313216,1843200,90112]
06-14 15:55:42.208  1784  2191 I force_gc: Binder
06-14 15:55:42.227  1784  3828 I am_proc_start: [0,21971,10127,com.google.android.youtube,service,com.google.android.youtube/com.google.android.libraries.youtube.common.gcore.gcoreclient.gcm.impl.GcmTaskServiceDelegator]
06-14 15:55:42.244  1784  2943 I am_proc_bound: [0,21971,com.google.android.youtube]
06-14 15:55:42.269  2795 25155 I force_gc: Binder
06-14 15:55:47.217  1784  1831 I am_pss  : [6841,10061,com.android.vending,31997952,30633984,430080]
06-14 15:55:47.298  1784  1831 I am_pss  : [13562,10145,com.apalon.myclockfree,90917888,77901824,4773888]
06-14 15:56:15.180  1784  1784 I am_kill : [0,21387,com.qualcomm.timeservice,906,empty #13]
06-14 15:56:15.182  2151  2498 I c2dm    : [0,,52,43]
06-14 15:56:15.202  1784  9497 I am_proc_died: [0,21387,com.qualcomm.timeservice]
06-14 15:56:15.252  1784  1831 I am_pss  : [21494,10176,com.pepkit.ssg,14845952,13770752,82944]
06-14 15:56:15.257  2151  2543 I c2dm    : [1,,52,43]
06-14 15:56:15.316  1784  1831 I am_pss  : [21971,10127,com.google.android.youtube,43144192,40689664,78848]
06-14 15:56:15.350  1784  1831 I am_pss  : [21547,10173,com.whereismytrain.android,10931200,9777152,79872]
06-14 15:56:15.377  1784  1831 I am_pss  : [21234,10014,com.android.providers.calendar,4271104,3710976,81920]
06-14 15:56:21.890   786 22129 I chatty  : uid=1001(radio) /system/bin/rild expire 1 line
06-14 15:56:21.896  2178  2178 I chatty  : uid=1001(radio) com.android.phone expire 18 lines
06-14 15:56:21.897  2178  2294 I chatty  : uid=1001(radio) RILReceiver0 expire 15 lines
06-14 15:56:21.897   786 22133 I chatty  : uid=1001(radio) /system/bin/rild expire 1 line
06-14 15:56:21.907  1784 23028 D TelephonyRegistry: notifyCellLocationForSubscriber: subId=1 cellLocation=Bundle[mParcelledData.dataSize=96]
06-14 15:56:22.090  2178  2293 I chatty  : uid=1001(radio) RILSender0 expire 6 lines
06-14 15:56:32.237  1784 23028 I battery_level: [98,4415,332]
06-14 15:56:32.523  1784  1831 I am_pss  : [3841,10132,com.lenovo.anyshare.gps,63292416,40742912,18221056]
06-14 15:56:32.554  1784  1831 I am_pss  : [4333,10132,com.lenovo.anyshare.gps:transfer,16278528,2146304,13479936]
06-14 15:56:42.264  2178 20255 I chatty  : uid=1001(radio) Binder:2178_C expire 5 lines
06-14 15:56:42.278  2178  2298 I chatty  : uid=1001(radio) RILReceiver1 expire 2 lines
06-14 15:56:42.815  1784 23030 I force_gc: Binder
06-14 15:56:47.493   786 22157 I chatty  : uid=1001(radio) /system/bin/rild expire 1 line
06-14 15:56:47.502  1784 23030 D TelephonyRegistry: notifyCellLocationForSubscriber: subId=1 cellLocation=Bundle[mParcelledData.dataSize=96]
06-14 15:56:57.376  1784  1831 I am_pss  : [2151,10035,com.google.android.gms.persistent,108189696,95002624,7457792]
06-14 15:57:02.838  2178  2294 I chatty  : uid=1001(radio) RILReceiver0 expire 20 lines
06-14 15:57:02.838  2178  2178 I chatty  : uid=1001(radio) com.android.phone expire 30 lines
06-14 15:57:02.841   786 22164 I chatty  : uid=1001(radio) /system/bin/rild expire 1 line
06-14 15:57:02.846   786 22168 I chatty  : uid=1001(radio) /system/bin/rild expire 1 line
06-14 15:57:02.854  1784  5084 D TelephonyRegistry: notifyCellLocationForSubscriber: subId=1 cellLocation=Bundle[mParcelledData.dataSize=96]
06-14 15:57:12.169  1784  1831 I am_pss  : [13071,10114,com.google.android.apps.messaging,240524288,234668032,76800]
06-14 15:57:12.197  1784  1831 I am_pss  : [14472,10103,com.google.android.tts,6030336,5271552,202752]
06-14 15:57:12.224  1784  1831 I am_pss  : [20208,10035,com.google.process.gapps,5628928,5033984,80896]
06-14 15:57:12.253  1784  1831 I am_pss  : [18196,10012,android.process.acore,15010816,13856768,79872]
06-14 15:57:13.676  1784  1831 I am_pss  : [21971,10127,com.google.android.youtube,43472896,41009152,78848]
06-14 15:57:13.709  1784  1831 I am_pss  : [21547,10173,com.whereismytrain.android,11066368,9912320,79872]
06-14 15:57:34.998  1784  1831 I am_pss  : [2795,10035,com.google.android.gms,208619520,159313920,33150976]
06-14 15:57:58.041 22202 22202 I auditd  : type=1400 audit(0.0:738): avc: denied { read } for uid=2000 comm="main" name="name" dev="sysfs" ino=22298 scontext=u:r:shell:s0 tcontext=u:object_r:sysfs:s0 tclass=file permissive=0
06-14 15:57:58.931 22217 22217 I auditd  : type=1400 audit(0.0:739): avc: denied { read } for uid=2000 comm="main" name="name" dev="sysfs" ino=22298 scontext=u:r:shell:s0 tcontext=u:object_r:sysfs:s0 tclass=file permissive=0
06-14 15:58:01.230  1784  1875 I sysui_histogram: [power_double_tap_interval,275126]
06-14 15:58:01.231  1784  1784 I power_screen_state: [1,0,0,0]
06-14 15:58:01.231  1784  1784 I screen_toggled: 1
06-14 15:58:01.234  1784  1784 I power_screen_broadcast_send: 1
06-14 15:58:01.240  1936  1936 I sysui_histogram: [note_load,51]
06-14 15:58:01.241  1784  2940 I notification_panel_revealed: 51
06-14 15:58:01.243  1784  2683 I notification_visibility: [0|com.nnacres.app|1|1560443453527|10130,1,64627705,64627705,0,1]
06-14 15:58:01.243  1784  2683 I notification_visibility: [0|com.nnacres.app|1|101|10130,1,57841859,57841859,0,0]
06-14 15:58:01.292  2178 17807 I chatty  : uid=1001(radio) Binder:2178_B expire 3 lines
06-14 15:58:01.300  2178  2189 I chatty  : uid=1001(radio) Binder:2178_1 expire 4 lines
06-14 15:58:01.315  1784  1831 I am_pss  : [6841,10061,com.android.vending,31919104,30547968,431104]
06-14 15:58:01.378  1784  1831 I am_pss  : [13562,10145,com.apalon.myclockfree,102763520,89743360,4773888]
06-14 15:58:01.487  1784  1837 I sysui_view_visibility: [223,0]
06-14 15:58:01.487  1784  1837 I sysui_histogram: [dozing_minutes,2]
06-14 15:58:01.489  2178 29093 I chatty  : uid=1001(radio) Binder:2178_A expire 2 lines
06-14 15:58:01.492  2178  2308 I chatty  : uid=1001(radio) Binder:2178_4 expire 1 line
06-14 15:58:01.495  2178  2737 I chatty  : uid=1001(radio) Binder:2178_5 expire 3 lines
06-14 15:58:01.502   581   581 I sf_frame_dur: [ColorFade,26,0,0,0,0,0,0]
06-14 15:58:01.520  1784  2616 I am_finish_activity: [0,173514595,371,com.lenovo.anyshare.gps/com.ushareit.longevity.activity.OneTopActivity,app-request]
06-14 15:58:01.521  1784  2616 I wm_task_moved: [367,1,6]
06-14 15:58:01.523  1784  2616 I am_focused_activity: [0,com.google.android.apps.messaging/.ui.conversation.ConversationActivity,finishActivity adjustFocus]
06-14 15:58:01.528  1784  2616 I am_destroy_activity: [0,173514595,371,com.lenovo.anyshare.gps/com.ushareit.longevity.activity.OneTopActivity,finish-imm]
06-14 15:58:01.535   581   581 I sf_frame_dur: [AOD,0,0,0,0,0,0,2]
06-14 15:58:01.539  1784  2622 I wm_task_removed: [371,removeAppToken: last token]
06-14 15:58:01.539  1784  2622 I wm_task_removed: [371,removeTask]
06-14 15:58:01.545  1784  2622 I am_resume_activity: [0,204453136,367,com.google.android.apps.messaging/.ui.conversation.ConversationActivity]
06-14 15:58:01.545  1784  2622 I am_pause_activity: [0,204453136,com.google.android.apps.messaging/.ui.conversation.ConversationActivity]
06-14 15:58:01.676 13071 13071 I am_on_resume_called: [0,com.google.android.apps.messaging.ui.conversation.ConversationActivity,RESUME_ACTIVITY]
06-14 15:58:01.685 13071 13071 I am_on_paused_called: [0,com.google.android.apps.messaging.ui.conversation.ConversationActivity,handlePauseActivity]
06-14 15:58:01.688  1784  1832 I am_stop_activity: [0,204453136,com.google.android.apps.messaging/.ui.conversation.ConversationActivity]
06-14 15:58:01.701  1784  1784 I power_screen_broadcast_done: [1,467,1]
06-14 15:58:01.795 13071 13071 I am_on_stop_called: [0,com.google.android.apps.messaging.ui.conversation.ConversationActivity,sleeping]
06-14 15:58:01.957  1936  1936 I sysui_lockscreen_gesture: [1,86,3126]
06-14 15:58:01.964  1936  1936 I sysui_status_bar_state: [1,1,0,1,1,0]
06-14 15:58:02.193  1784  9497 I notification_visibility: [0|com.nnacres.app|1|1560443453527|10130,0,64628655,64628655,0,1]
06-14 15:58:02.193  1784  9497 I notification_visibility: [0|com.nnacres.app|1|101|10130,0,57842809,57842809,0,0]
06-14 15:58:02.193  1784  1795 I notification_panel_hidden: []
06-14 15:58:04.207   786 22267 I chatty  : uid=1001(radio) /system/bin/rild expire 1 line
06-14 15:58:04.218  1784  1795 D TelephonyRegistry: notifyCellLocationForSubscriber: subId=1 cellLocation=Bundle[mParcelledData.dataSize=96]
06-14 15:58:04.317  1936  1936 I screen_toggled: 2
06-14 15:58:04.454  1784  1794 I am_resume_activity: [0,204453136,367,com.google.android.apps.messaging/.ui.conversation.ConversationActivity]
06-14 15:58:04.485  1936  1936 I sysui_view_visibility: [111,0]
06-14 15:58:04.492  1784 23028 I notification_expansion: [0|com.nnacres.app|1|101|10130,0,1,57845108,57845108,3249]
06-14 15:58:04.540  1936  1936 I sysui_status_bar_state: [0,0,0,0,1,0]
06-14 15:58:04.619 13071 13071 I am_on_resume_called: [0,com.google.android.apps.messaging.ui.conversation.ConversationActivity,RESUME_ACTIVITY]
06-14 15:58:04.761   581   581 I sf_frame_dur: [InputMethod,0,2,3,1,3,1,0]
06-14 15:58:04.859  1784  1831 I am_meminfo: [788099072,136900608,140095488,331112448,215406592]
06-14 15:58:04.911  1784  1831 I am_pss  : [4196,10133,com.whatsapp,65498112,61825024,74752]
06-14 15:58:04.943  1784  1831 I am_pss  : [3199,1002,com.android.bluetooth,10427392,7221248,2630656]
06-14 15:58:04.992  1784  1831 I am_pss  : [28728,10130,com.nnacres.app,54855680,48775168,531456]
06-14 15:58:05.039  1784  1831 I am_pss  : [27751,10180,com.coolwinks.cwapp,96449536,83685376,10204160]
06-14 15:58:05.066  1784  1831 I am_pss  : [2385,1001,com.qualcomm.qcrilmsgtunnel,6170624,4403200,1389568]
06-14 15:58:05.095  1784  1831 I am_pss  : [27461,10053,com.motorola.motocare,24134656,15749120,7703552]
06-14 15:58:05.122  1784  1831 I am_pss  : [4162,10122,com.motorola.timeweatherwidget,6002688,4009984,1460224]
06-14 15:58:05.174  1784  1831 I am_pss  : [3841,10132,com.lenovo.anyshare.gps,64794624,42246144,18221056]
06-14 15:58:05.202  1784  1831 I am_pss  : [4333,10132,com.lenovo.anyshare.gps:transfer,16278528,2146304,13479936]
06-14 15:58:05.244  1784  1831 I am_pss  : [3413,10165,com.facebook.orca,66850816,50929664,14410752]
06-14 15:58:05.330  1784  1831 I am_pss  : [8135,10136,com.truecaller,89925632,62078976,19916800]
06-14 15:58:05.367  1784  1831 I am_pss  : [7410,10162,com.jio.myjio,26321920,19595264,5069824]
06-14 15:58:05.410  1784  1831 I am_pss  : [26909,10159,com.microsoft.office.lync15,48370688,45785088,599040]
06-14 15:58:05.441  1784  1831 I am_pss  : [12215,10185,com.snapdeal.main,17393664,14032896,2235392]
06-14 15:58:05.472  1784  1831 I am_pss  : [7582,10186,com.mcent.browser,15504384,9895936,4485120]
06-14 15:58:05.499  1784  1831 I am_pss  : [27676,10056,com.motorola.motokey,2893824,688128,1827840]
06-14 15:58:05.531  1784  1831 I am_pss  : [27467,10009,com.motorola.ccc,18510848,9543680,8065024]
06-14 15:58:05.558  1784  1831 I am_pss  : [4682,10105,com.motorola.groundloopnoisepreventer,2628608,2154496,102400]
06-14 15:58:05.591  1784  1831 I am_pss  : [8977,10168,org.telegram.messenger,31025152,16334848,13979648]
06-14 15:58:05.618  1784  1831 I am_pss  : [9260,10062,com.motorola.contacts.preloadcontacts,2896896,368640,2144256]
06-14 15:58:05.644  1784  1831 I am_pss  : [5796,10078,com.motorola.config.wifi,2830336,389120,2044928]
06-14 15:58:05.674  1784  1831 I am_pss  : [7001,10135,com.google.android.apps.translate:copydrop,9312256,749568,7855104]
06-14 15:58:05.700  1784  1831 I am_pss  : [6025,10070,org.simalliance.openmobileapi.service,2606080,389120,1835008]
06-14 15:58:05.726  1784  1831 I am_pss  : [5987,1000,com.qualcomm.telephony,3939328,1347584,2198528]
06-14 15:58:05.753  1784  1831 I am_pss  : [3277,10069,com.motorola.slpc,3133440,417792,2313216]
06-14 15:58:05.780  1784  1831 I am_pss  : [2521,10074,com.google.android.googlequicksearchbox:interactor,9638912,2887680,5001216]
06-14 15:58:05.808  1784  1831 I am_pss  : [2600,1000,com.motorola.modemservice,6124544,4096000,1456128]
06-14 15:58:05.833  1784  1831 I am_pss  : [2586,1000,com.motorola.process.slpc,3167232,1032192,1747968]
06-14 15:58:05.859  1784  1831 I am_pss  : [2572,1000,com.fingerprints.serviceext,2831360,733184,1680384]
06-14 15:58:05.885  1784  1831 I am_pss  : [2558,10068,com.motorola.frameworks.singlehand,2300928,393216,1565696]
06-14 15:58:05.912  1784  1831 I am_pss  : [2541,1027,com.android.nfc,7797760,5640192,1632256]
06-14 15:58:05.940  1784  1831 I am_pss  : [2534,1000,.dataservices,8390656,6483968,1422336]
06-14 15:58:05.966  1784  1831 I am_pss  : [2340,10036,com.google.android.ext.services,4887552,3530752,919552]
06-14 15:58:06.010  1784  1831 I am_pss  : [2178,1001,com.android.phone,43049984,36032512,3980288]
06-14 15:58:06.038  1784  1831 I am_pss  : [2165,10052,com.motorola.actions,6572032,1728512,4348928]
06-14 15:58:06.067  1784  1831 I am_pss  : [27427,1000,com.motorola.process.system,13666304,12062720,860160]
06-14 15:58:06.120  1784  1831 I am_pss  : [1936,10072,com.android.systemui,150922240,106778624,32962560]
06-14 15:58:06.200  1784  1831 I am_pss  : [1784,1000,system,135724032,125792256,7048192]
06-14 15:58:06.500  1784  1874 I am_new_intent: [0,64550688,1,com.android.launcher3/.GoogleNowPanel,android.intent.action.MAIN,NULL,NULL,270532608]
06-14 15:58:06.500  1784  1874 I am_focused_stack: [0,0,1,bringingFoundTaskToFront setFocusedActivity]
06-14 15:58:06.500  1784  1874 I wm_task_moved: [1,1,1]
06-14 15:58:06.502  1784  1874 I am_focused_activity: [0,com.android.launcher3/.GoogleNowPanel,bringingFoundTaskToFront]
06-14 15:58:06.502  1784  1874 I am_pause_activity: [0,204453136,com.google.android.apps.messaging/.ui.conversation.ConversationActivity]
06-14 15:58:06.532  1784  1874 I am_resume_activity: [0,213618903,1,com.android.launcher3/.GoogleNowPanel]
06-14 15:58:06.532  1784  1874 I am_task_to_front: [0,1]
06-14 15:58:06.534  1784  1874 I sysui_action: [323,com.android.launcher3/.GoogleNowPanel]
06-14 15:58:06.534  1784  1874 I sysui_action: [324,true]
06-14 15:58:06.534  1784  1874 I sysui_action: [325,52104]
06-14 15:58:06.541 13071 13071 I am_on_paused_called: [0,com.google.android.apps.messaging.ui.conversation.ConversationActivity,handlePauseActivity]
06-14 15:58:06.541  1784  1832 I am_stop_activity: [0,204453136,com.google.android.apps.messaging/.ui.conversation.ConversationActivity]
06-14 15:58:06.560  2656  2656 I am_on_resume_called: [0,com.android.launcher3.GoogleNowPanel,RESUME_ACTIVITY]
06-14 15:58:06.575 13071 13071 I am_on_stop_called: [0,com.google.android.apps.messaging.ui.conversation.ConversationActivity,handleStopActivity]
06-14 15:58:06.592  2178  2307 I chatty  : uid=1001(radio) Binder:2178_3 expire 1 line
06-14 15:58:06.607  1784  1839 I sysui_action: [320,2]
06-14 15:58:06.607  1784  1839 I sysui_action: [319,128]
06-14 15:58:06.609  1784  1839 I sysui_action: [322,130]
06-14 15:58:06.844  2178  2294 I chatty  : uid=1001(radio) RILReceiver0 expire 18 lines
06-14 15:58:06.844  2178  2178 I chatty  : uid=1001(radio) com.android.phone expire 18 lines
06-14 15:58:06.845   786 22313 I chatty  : uid=1001(radio) /system/bin/rild expire 1 line
06-14 15:58:06.848   786 22317 I chatty  : uid=1001(radio) /system/bin/rild expire 1 line
06-14 15:58:06.851  1784  2622 D TelephonyRegistry: notifyCellLocationForSubscriber: subId=1 cellLocation=Bundle[mParcelledData.dataSize=96]
06-14 15:58:08.284 22327 22327 I auditd  : type=1400 audit(0.0:740): avc: denied { read } for uid=2000 comm="main" name="name" dev="sysfs" ino=22298 scontext=u:r:shell:s0 tcontext=u:object_r:sysfs:s0 tclass=file permissive=0
06-14 15:58:09.508  1784  1845 I am_proc_start: [0,22409,10025,com.android.defcontainer,service,com.android.defcontainer/.DefaultContainerService]
06-14 15:58:09.521  1784  2683 I am_proc_bound: [0,22409,com.android.defcontainer]
06-14 15:58:13.006  1784  1845 I unknown_sources_enabled: 1
06-14 15:58:13.208  1784  1832 I am_proc_start: [0,22431,10144,com.toi.reader.activities,broadcast,com.toi.reader.activities/com.til.colombia.dmp.android.PersonaListener]
06-14 15:58:13.228  1784  2683 I am_proc_bound: [0,22431,com.toi.reader.activities]
06-14 15:58:13.395  1784  1784 I notification_cancel_all: [1000,1784,com.example.helloworld,0,0,0,5,NULL]
06-14 15:58:13.902  1784  2622 I force_gc: Binder
06-14 15:58:13.988 22447 22447 I auditd  : type=1400 audit(0.0:741): avc: denied { read } for uid=2000 comm="main" name="name" dev="sysfs" ino=22298 scontext=u:r:shell:s0 tcontext=u:object_r:sysfs:s0 tclass=file permissive=0
06-14 15:58:14.078  1784  2472 I am_proc_start: [0,22554,10040,com.google.android.partnersetup,broadcast,com.google.android.partnersetup/.RlzPingBroadcastReceiver]
06-14 15:58:14.133  1784  2616 I am_proc_bound: [0,22554,com.google.android.partnersetup]
06-14 15:58:14.142  1784  3828 I am_create_task: [0,372]
06-14 15:58:14.142  1784  3828 I am_create_activity: [0,174399088,372,com.example.helloworld/.MainActivity,android.intent.action.MAIN,NULL,NULL,268435456]
06-14 15:58:14.143  1784  3828 I wm_task_created: [372,1]
06-14 15:58:14.143  1784  3828 I wm_task_moved: [372,1,6]
06-14 15:58:14.143  1784  3828 I am_focused_stack: [0,1,0,startedActivity setFocusedActivity]
06-14 15:58:14.143  1784  3828 I wm_task_moved: [372,1,6]
06-14 15:58:14.145  1784  3828 I am_focused_activity: [0,com.example.helloworld/.MainActivity,startedActivity]
06-14 15:58:14.145  1784  3828 I am_pause_activity: [0,213618903,com.android.launcher3/.GoogleNowPanel]
06-14 15:58:14.146  2656  2656 I am_on_paused_called: [0,com.android.launcher3.GoogleNowPanel,handlePauseActivity]
06-14 15:58:14.148  1784  3828 I sysui_action: [323,com.example.helloworld/.MainActivity]
06-14 15:58:14.148  1784  3828 I sysui_action: [324,false]
06-14 15:58:14.148  1784  3828 I sysui_action: [325,52112]
06-14 15:58:14.167  1784  9497 I am_proc_start: [0,22572,10210,com.example.helloworld,activity,com.example.helloworld/.MainActivity]
06-14 15:58:14.179  1784  1832 I sysui_count: [window_time_0,178]
06-14 15:58:14.202  1784  5084 I am_proc_bound: [0,22572,com.example.helloworld]
06-14 15:58:14.207  1784  5084 I am_restart_activity: [0,174399088,372,com.example.helloworld/.MainActivity]
06-14 15:58:14.213  1784  1839 I sysui_action: [321,111]
06-14 15:58:14.224  1784  1839 I sysui_action: [320,1]
06-14 15:58:14.224  1784  1839 I sysui_action: [319,122]
06-14 15:58:14.267  1784  2472 I am_proc_start: [0,22596,10043,com.motorola.invisiblenet,broadcast,com.motorola.invisiblenet/.PackageAddedReceiver]
06-14 15:58:14.287  1784  2614 I am_proc_bound: [0,22596,com.motorola.invisiblenet]
06-14 15:58:14.347  1784  2456 I am_proc_start: [0,22613,10198,com.commsource.beautyplus,broadcast,com.commsource.beautyplus/com.meitu.pushkit.InnerReceiver]
06-14 15:58:14.357  1784  2456 I am_kill : [0,21409,com.linkedin.android,906,empty #13]
06-14 15:58:14.360  1784  2940 I am_proc_bound: [0,22613,com.commsource.beautyplus]
06-14 15:58:14.383  1784  2616 I am_proc_died: [0,21409,com.linkedin.android]
06-14 15:58:14.613 22572 22572 I am_on_resume_called: [0,com.example.helloworld.MainActivity,LAUNCH_ACTIVITY]
06-14 15:58:14.680  1784  1831 I am_pss  : [3841,10132,com.lenovo.anyshare.gps,64633856,42577920,18215936]
06-14 15:58:14.709  1784  1831 I am_pss  : [4333,10132,com.lenovo.anyshare.gps:transfer,16241664,2146304,13472768]
06-14 15:58:14.788 22712 22712 I auditd  : type=1400 audit(0.0:742): avc: denied { read } for uid=10198 comm="initCrashReport" name="anr" dev="dm-1" ino=53 scontext=u:r:untrusted_app:s0:c512,c768 tcontext=u:object_r:anr_data_file:s0 tclass=dir permissive=0
06-14 15:58:14.871  1784  1839 I sysui_action: [322,769]
06-14 15:58:14.871  1784  1839 I am_activity_launch_time: [0,174399088,com.example.helloworld/.MainActivity,716,716]
06-14 15:58:14.879  1784  2612 I am_stop_activity: [0,213618903,com.android.launcher3/.GoogleNowPanel]
06-14 15:58:14.881  2656  2656 I am_on_stop_called: [0,com.android.launcher3.GoogleNowPanel,handleStopActivity]
06-14 15:58:14.907  2178  3108 I chatty  : uid=1001(radio) Binder:2178_7 expire 12 lines
06-14 15:58:14.907   581   581 I sf_frame_dur: [com.android.launcher3/com.android.launcher3.GoogleNowPanel,35,0,0,1,1,2,0]
06-14 15:58:14.921  1784  2924 I am_proc_start: [0,22748,10147,com.coolmobilesolution.fastscannerfree,broadcast,com.coolmobilesolution.fastscannerfree/com.microsoft.aad.adal.ApplicationReceiver]
06-14 15:58:14.923  1784  2940 I am_kill : [0,21480,com.android.chrome,906,empty #13]
06-14 15:58:14.935  1784  9305 I am_proc_bound: [0,22748,com.coolmobilesolution.fastscannerfree]
06-14 15:58:14.964  1784  2191 I am_proc_died: [0,21480,com.android.chrome]
06-14 15:58:14.970  1784  2191 I am_kill : [0,21606,com.android.chrome:sandboxed_process0,0,isolated not needed]
06-14 15:58:14.981  1784  9305 I am_proc_died: [0,21625,com.android.chrome:privileged_process0]
06-14 15:58:14.981 22720 22720 I auditd  : type=1400 audit(0.0:743): avc: denied { read } for uid=10198 comm="BUGLY_THREAD" name="type" dev="sysfs" ino=28784 scontext=u:r:untrusted_app:s0:c512,c768 tcontext=u:object_r:sysfs:s0 tclass=file permissive=0
06-14 15:58:14.984 22720 22720 I auditd  : type=1400 audit(0.0:744): avc: denied { read } for uid=10198 comm="BUGLY_THREAD" name="online" dev="sysfs" ino=32124 scontext=u:r:untrusted_app:s0:c512,c768 tcontext=u:object_r:sysfs_mods_camd:s0 tclass=file permissive=0
06-14 15:58:14.991  1784  9499 I am_proc_died: [0,21606,com.android.chrome:sandboxed_process0]
06-14 15:58:18.571  1784  1874 I am_new_intent: [0,29970000,1,com.android.launcher3/.GoogleNowPanel,android.intent.action.MAIN,NULL,NULL,270532608]
06-14 15:58:18.571  1784  1874 I am_focused_stack: [0,0,1,bringingFoundTaskToFront setFocusedActivity]
06-14 15:58:18.572  1784  1874 I wm_task_moved: [1,1,1]
06-14 15:58:18.573  1784  1874 I am_focused_activity: [0,com.android.launcher3/.GoogleNowPanel,bringingFoundTaskToFront]
06-14 15:58:18.573  1784  1874 I am_pause_activity: [0,174399088,com.example.helloworld/.MainActivity]
06-14 15:58:18.585 22572 22572 I am_on_paused_called: [0,com.example.helloworld.MainActivity,handlePauseActivity]
06-14 15:58:18.602  1784  1874 I am_resume_activity: [0,213618903,1,com.android.launcher3/.GoogleNowPanel]
06-14 15:58:18.603  1784  1874 I am_task_to_front: [0,1]
06-14 15:58:18.604  1784  1874 I sysui_action: [323,com.android.launcher3/.GoogleNowPanel]
06-14 15:58:18.604  1784  1874 I sysui_action: [324,true]
06-14 15:58:18.604  1784  1874 I sysui_action: [325,52116]
06-14 15:58:18.608  1784  1832 I sysui_count: [window_time_0,4]
06-14 15:58:18.608  1784  1832 I am_stop_activity: [0,174399088,com.example.helloworld/.MainActivity]
06-14 15:58:18.612 22572 22572 I am_on_stop_called: [0,com.example.helloworld.MainActivity,handleStopActivity]
06-14 15:58:18.631  2656  2656 I am_on_resume_called: [0,com.android.launcher3.GoogleNowPanel,RESUME_ACTIVITY]
06-14 15:58:18.674  1784  1839 I sysui_action: [320,2]
06-14 15:58:18.674  1784  1839 I sysui_action: [319,109]
06-14 15:58:18.675  1784  1839 I sysui_action: [322,110]
06-14 15:58:19.102   581   581 I sf_frame_dur: [com.example.helloworld/com.example.helloworld.MainActivity,1,0,3,1,6,0,0]
06-14 15:58:19.659  1784 23575 I am_kill : [0,21647,in.amazon.mShop.android.shopping,906,empty #13]
06-14 15:58:19.676  1784  9497 I am_proc_died: [0,21647,in.amazon.mShop.android.shopping]
06-14 15:58:19.869  2795 13743 I force_gc: Binder
06-14 15:58:21.736  1784  1831 I am_pss  : [21234,10014,com.android.providers.calendar,4346880,3809280,76800]
06-14 15:58:22.295   581   581 I sf_frame_dur: [InputMethod,3,2,3,1,2,0,0]
06-14 15:58:22.940  1784  9497 I am_create_task: [0,373]
06-14 15:58:22.940  1784  9497 I am_create_activity: [0,87133085,373,com.android.settings/.applications.InstalledAppDetails,android.settings.APPLICATION_DETAILS_SETTINGS,NULL,package:com.example.helloworld,268468224]
06-14 15:58:22.941  1784  9497 I wm_task_created: [373,1]
06-14 15:58:22.941  1784  9497 I wm_task_moved: [373,1,7]
06-14 15:58:22.941  1784  9497 I am_focused_stack: [0,1,0,startedActivity setFocusedActivity]
06-14 15:58:22.941  1784  9497 I wm_task_moved: [373,1,7]
06-14 15:58:22.943  1784  9497 I am_focused_activity: [0,com.android.settings/.applications.InstalledAppDetails,startedActivity]
06-14 15:58:22.943  1784  9497 I am_pause_activity: [0,213618903,com.android.launcher3/.GoogleNowPanel]
06-14 15:58:22.946  1784  9497 I sysui_action: [323,com.android.settings/.applications.InstalledAppDetails]
06-14 15:58:22.946  1784  9497 I sysui_action: [324,false]
06-14 15:58:22.946  1784  9497 I sysui_action: [325,52121]
06-14 15:58:22.950  2656  2656 I am_on_paused_called: [0,com.android.launcher3.GoogleNowPanel,handlePauseActivity]
06-14 15:58:22.962  1784  2683 I am_proc_start: [0,22857,1000,com.android.settings,activity,com.android.settings/.applications.InstalledAppDetails]
06-14 15:58:22.964  1784  1832 I sysui_count: [window_time_0,5]
06-14 15:58:22.978  1784 23028 I am_proc_bound: [0,22857,com.android.settings]
06-14 15:58:22.983  1784 23028 I am_restart_activity: [0,87133085,373,com.android.settings/.applications.InstalledAppDetails]
06-14 15:58:23.030  1784  1839 I sysui_action: [321,98]
06-14 15:58:23.031  1784  1839 I sysui_action: [320,1]
06-14 15:58:23.031  1784  1839 I sysui_action: [319,99]
06-14 15:58:23.558 22857 22857 I sysui_view_visibility: [20,100]
06-14 15:58:23.631  1784  5084 I am_proc_start: [0,22878,10039,com.google.android.packageinstaller,service,com.google.android.packageinstaller/com.android.packageinstaller.permission.service.RuntimePermissionPresenterServiceImpl]
06-14 15:58:23.645  1784  3828 I am_proc_bound: [0,22878,com.google.android.packageinstaller]
06-14 15:58:23.661 22857 22857 I am_on_resume_called: [0,com.android.settings.applications.InstalledAppDetails,LAUNCH_ACTIVITY]
06-14 15:58:23.940  1784  1839 I sysui_action: [322,1007]
06-14 15:58:23.940  1784  1839 I am_activity_launch_time: [0,87133085,com.android.settings/.applications.InstalledAppDetails,989,989]
06-14 15:58:23.998  1784  2940 I am_stop_activity: [0,213618903,com.android.launcher3/.GoogleNowPanel]
06-14 15:58:24.001  2656  2656 I am_on_stop_called: [0,com.android.launcher3.GoogleNowPanel,handleStopActivity]
06-14 15:58:24.033   581   581 I sf_frame_dur: [com.android.launcher3/com.android.launcher3.GoogleNowPanel,80,5,4,5,4,0,0]
06-14 15:58:24.956  1784  2943 I wm_task_moved: [373,1,7]
06-14 15:58:24.957  1784  2943 I am_create_activity: [0,180166689,373,com.google.android.packageinstaller/com.android.packageinstaller.permission.ui.ManagePermissionsActivity,android.intent.action.MANAGE_APP_PERMISSIONS,NULL,NULL,8388608]
06-14 15:58:24.957  1784  2943 I wm_task_moved: [373,1,7]
06-14 15:58:24.959  1784  2943 I am_focused_activity: [0,com.google.android.packageinstaller/com.android.packageinstaller.permission.ui.ManagePermissionsActivity,startedActivity]
06-14 15:58:24.959  1784  2943 I am_pause_activity: [0,87133085,com.android.settings/.applications.InstalledAppDetails]
06-14 15:58:24.961  1784  2943 I sysui_action: [323,com.google.android.packageinstaller/com.android.packageinstaller.permission.ui.ManagePermissionsActivity]
06-14 15:58:24.961  1784  2943 I sysui_action: [324,true]
06-14 15:58:24.961  1784  2943 I sysui_action: [325,52123]
06-14 15:58:24.992  1784  1831 I am_pss  : [27461,10053,com.motorola.motocare,24451072,16048128,7693312]
06-14 15:58:25.001 22857 22857 I sysui_view_visibility: [20,0]
06-14 15:58:25.002 22857 22857 I am_on_paused_called: [0,com.android.settings.applications.InstalledAppDetails,handlePauseActivity]
06-14 15:58:25.006  1784  2940 I am_restart_activity: [0,180166689,373,com.google.android.packageinstaller/com.android.packageinstaller.permission.ui.ManagePermissionsActivity]
06-14 15:58:25.010  1784  1832 I sysui_count: [window_time_0,2]
06-14 15:58:25.059  1784  1831 I am_pss  : [14396,10110,com.google.android.inputmethod.latin,75966464,60266496,13180928]
06-14 15:58:25.077 22878 22878 I am_on_resume_called: [0,com.android.packageinstaller.permission.ui.ManagePermissionsActivity,LAUNCH_ACTIVITY]
06-14 15:58:25.093  1784  1831 I am_pss  : [3199,1002,com.android.bluetooth,10391552,7225344,2625536]
06-14 15:58:25.122  1784  1831 I am_pss  : [2385,1001,com.qualcomm.qcrilmsgtunnel,6138880,4399104,1387520]
06-14 15:58:25.159  1784  1831 I am_pss  : [7410,10162,com.jio.myjio,25667584,18849792,5064704]
06-14 15:58:25.187  1784  1831 I am_pss  : [4162,10122,com.motorola.timeweatherwidget,5965824,4005888,1455104]
06-14 15:58:25.188  1784  1839 I sysui_action: [320,2]
06-14 15:58:25.189  1784  1839 I sysui_action: [319,238]
06-14 15:58:25.190  1784  1839 I sysui_action: [322,239]
06-14 15:58:25.190  1784  1839 I am_activity_launch_time: [0,180166689,com.google.android.packageinstaller/com.android.packageinstaller.permission.ui.ManagePermissionsActivity,188,188]
06-14 15:58:25.290  1784  1831 I am_pss  : [8135,10136,com.truecaller,89490432,61288448,19936256]
06-14 15:58:25.334  1784  1831 I am_pss  : [3413,10165,com.facebook.orca,66375680,50405376,14470144]
06-14 15:58:25.380  1784  1831 I am_pss  : [26909,10159,com.microsoft.office.lync15,48233472,45645824,593920]
06-14 15:58:25.411  1784  1831 I am_pss  : [12215,10185,com.snapdeal.main,17360896,14106624,2230272]
06-14 15:58:25.444  1784  1831 I am_pss  : [7582,10186,com.mcent.browser,15248384,9740288,4478976]
06-14 15:58:25.471  1784  1831 I am_pss  : [27676,10056,com.motorola.motokey,2864128,688128,1817600]
06-14 15:58:25.503  1784  1831 I am_pss  : [27467,10009,com.motorola.ccc,18417664,9502720,8068096]
06-14 15:58:25.529  1784  1831 I am_pss  : [4682,10105,com.motorola.groundloopnoisepreventer,2591744,2154496,93184]
06-14 15:58:25.540  1784  1832 I am_stop_activity: [0,87133085,com.android.settings/.applications.InstalledAppDetails]
06-14 15:58:25.551 22857 22857 I am_on_stop_called: [0,com.android.settings.applications.InstalledAppDetails,handleStopActivity]
06-14 15:58:25.562  1784  1831 I am_pss  : [8977,10168,org.telegram.messenger,30973952,16322560,13977600]
06-14 15:58:25.571   581   581 I sf_frame_dur: [com.android.settings/com.android.settings.applications.InstalledAppDetails,30,3,0,0,0,1,0]
06-14 15:58:25.589  1784  1831 I am_pss  : [9260,10062,com.motorola.contacts.preloadcontacts,2864128,368640,2135040]
06-14 15:58:25.616  1784  1831 I am_pss  : [5796,10078,com.motorola.config.wifi,2797568,389120,2035712]
06-14 15:58:25.647  1784  1831 I am_pss  : [7001,10135,com.google.android.apps.translate:copydrop,9265152,749568,7847936]
06-14 15:58:25.674  1784  1831 I am_pss  : [6025,10070,org.simalliance.openmobileapi.service,2574336,389120,1827840]
06-14 15:58:25.701  1784  1831 I am_pss  : [5987,1000,com.qualcomm.telephony,3909632,1347584,2192384]
06-14 15:58:25.728  1784  1831 I am_pss  : [3277,10069,com.motorola.slpc,3100672,413696,2309120]
06-14 15:58:25.756  1784  1831 I am_pss  : [2521,10074,com.google.android.googlequicksearchbox:interactor,9600000,2887680,4992000]
06-14 15:58:25.783  1784  1831 I am_pss  : [2340,10036,com.google.android.ext.services,4857856,3514368,929792]
06-14 15:58:28.179  1784  1831 I am_pss  : [13071,10114,com.google.android.apps.messaging,201968640,196849664,70656]
06-14 15:58:28.208  1784  1831 I am_pss  : [14472,10103,com.google.android.tts,5993472,5287936,197632]
06-14 15:58:28.637  1784  3828 I am_new_intent: [0,206089776,8,com.android.systemui/.recents.RecentsActivity,NULL,NULL,NULL,276840448]
06-14 15:58:28.638  1784  3828 I am_focused_stack: [0,0,1,bringingFoundTaskToFront setFocusedActivity]
06-14 15:58:28.638  1784  3828 I wm_task_moved: [8,1,1]
06-14 15:58:28.641  1784  3828 I am_focused_activity: [0,com.android.systemui/.recents.RecentsActivity,bringingFoundTaskToFront]
06-14 15:58:28.641  1784  3828 I am_pause_activity: [0,180166689,com.google.android.packageinstaller/com.android.packageinstaller.permission.ui.ManagePermissionsActivity]
06-14 15:58:28.648 22878 22878 I snet_event_log: [permissions_toggled,10039,com.example.helloworld:android.permission-group.CONTACTS|true|0;android.permission-group.PHONE|true|0;android.permission-group.SMS|true|0]
06-14 15:58:28.657 22878 22878 I am_on_paused_called: [0,com.android.packageinstaller.permission.ui.ManagePermissionsActivity,handlePauseActivity]
06-14 15:58:28.667  1784  3828 I am_resume_activity: [0,167358851,8,com.android.systemui/.recents.RecentsActivity]
06-14 15:58:28.668  1784  3828 I am_task_to_front: [0,8]
06-14 15:58:28.670  1784  3828 I sysui_action: [323,com.android.systemui/.recents.RecentsActivity]
06-14 15:58:28.670  1784  3828 I sysui_action: [324,true]
06-14 15:58:28.670  1784  3828 I sysui_action: [325,52126]
06-14 15:58:28.671  1784  1832 I am_stop_activity: [0,180166689,com.google.android.packageinstaller/com.android.packageinstaller.permission.ui.ManagePermissionsActivity]
06-14 15:58:28.674  1936  1936 I sysui_view_visibility: [224,100]
06-14 15:58:28.677  1936  1936 I sysui_count: [overview_trigger_nav_btn,1]
06-14 15:58:28.677  1936  1936 I sysui_count: [overview_source_app,1]
06-14 15:58:28.677  1936  1936 I sysui_histogram: [overview_source_app_index,7]
06-14 15:58:28.677  1936  1936 I sysui_histogram: [overview_task_count,8]
06-14 15:58:28.679  1936  1936 I am_on_resume_called: [0,com.android.systemui.recents.RecentsActivity,RESUME_ACTIVITY]
06-14 15:58:28.688 22878 22878 I am_on_stop_called: [0,com.android.packageinstaller.permission.ui.ManagePermissionsActivity,handleStopActivity]
06-14 15:58:28.744  1784  1839 I sysui_action: [320,2]
06-14 15:58:28.744  1784  1839 I sysui_action: [319,119]
06-14 15:58:28.745  1784  1839 I sysui_action: [322,120]
06-14 15:58:29.501  1936  1936 I sysui_action: [289,ComponentInfo{com.android.settings/com.android.settings.applications.InstalledAppDetailsTop}]
06-14 15:58:29.501  1936  1936 I sysui_histogram: [overview_task_dismissed_source,1]
06-14 15:58:29.501  1784  2924 I am_finish_activity: [0,87133085,373,com.android.settings/.applications.InstalledAppDetails,clear-task-index]
06-14 15:58:29.502  1784  2924 I am_destroy_activity: [0,87133085,373,com.android.settings/.applications.InstalledAppDetails,finish-imm]
06-14 15:58:29.504  1784  2924 I am_kill : [0,21749,in.startv.hotstar,906,empty #13]
06-14 15:58:29.505  1784  2924 I am_finish_activity: [0,180166689,373,com.google.android.packageinstaller/com.android.packageinstaller.permission.ui.ManagePermissionsActivity,clear-task-index]
06-14 15:58:29.506  1784  2924 I am_destroy_activity: [0,180166689,373,com.google.android.packageinstaller/com.android.packageinstaller.permission.ui.ManagePermissionsActivity,finish-imm]
06-14 15:58:29.508  1784  2924 I am_kill : [0,20904,com.boxer.email,906,empty #13]
06-14 15:58:29.509  1784  2924 I am_kill : [0,22857,com.android.settings,900,remove task]
06-14 15:58:29.525  1784  2472 I am_proc_died: [0,21749,in.startv.hotstar]
06-14 15:58:29.534  1784  2191 I am_proc_died: [0,20904,com.boxer.email]
06-14 15:58:29.540  1784  2612 I am_proc_died: [0,22857,com.android.settings]
06-14 15:58:29.542  1784  2612 I wm_task_removed: [373,removeAppToken: last token]
06-14 15:58:29.542  1784  2612 I wm_task_removed: [373,removeTask]
06-14 15:58:29.605  1784  1795 I am_focused_stack: [0,1,0,moveTaskToFront setFocusedActivity]
06-14 15:58:29.605  1784  1795 I wm_task_moved: [372,1,6]
06-14 15:58:29.607  1784  1795 I am_focused_activity: [0,com.example.helloworld/.MainActivity,moveTaskToFront]
06-14 15:58:29.607  1784  1795 I am_pause_activity: [0,167358851,com.android.systemui/.recents.RecentsActivity]
06-14 15:58:29.608  1784  1795 I am_task_to_front: [0,372]
06-14 15:58:29.608  1784  1795 I sysui_action: [323,com.example.helloworld/.MainActivity]
06-14 15:58:29.608  1784  1795 I sysui_action: [324,true]
06-14 15:58:29.608  1784  1795 I sysui_action: [325,52127]
06-14 15:58:29.609  1936  1936 I sysui_histogram: [overview_task_launch_index,1]
06-14 15:58:29.610  1936  1936 I sysui_action: [277,ComponentInfo{com.example.helloworld/com.example.helloworld.MainActivity}]
06-14 15:58:29.617  1936  1936 I am_on_paused_called: [0,com.android.systemui.recents.RecentsActivity,handlePauseActivity]
06-14 15:58:29.621  1784  9498 I am_resume_activity: [0,174399088,372,com.example.helloworld/.MainActivity]
06-14 15:58:29.625  1784  1832 I sysui_count: [window_time_0,4]
06-14 15:58:29.636 22572 22572 I am_on_resume_called: [0,com.example.helloworld.MainActivity,RESUME_ACTIVITY]
06-14 15:58:29.705  1784  1839 I sysui_action: [320,2]
06-14 15:58:29.705  1784  1839 I sysui_action: [319,100]
06-14 15:58:29.705  1784  1839 I sysui_action: [322,100]
06-14 15:58:30.054  1784  1832 I am_stop_activity: [0,167358851,com.android.systemui/.recents.RecentsActivity]
06-14 15:58:30.092  1936  1936 I sysui_view_visibility: [224,0]
06-14 15:58:30.092  1936  1936 I am_on_stop_called: [0,com.android.systemui.recents.RecentsActivity,handleStopActivity]
06-14 15:58:30.101   581   581 I sf_frame_dur: [com.android.systemui/com.android.systemui.recents.RecentsActivity,56,1,0,2,0,0,0]
06-14 15:58:31.191  1784  2051 I am_new_intent: [0,32530169,8,com.android.systemui/.recents.RecentsActivity,NULL,NULL,NULL,276840448]
06-14 15:58:31.191  1784  2051 I am_focused_stack: [0,0,1,bringingFoundTaskToFront setFocusedActivity]
06-14 15:58:31.191  1784  2051 I wm_task_moved: [8,1,1]
