06-14 13:40:19.068  2178  2178 I chatty  : uid=1001(radio) com.android.phone expire 21 lines
06-14 13:40:42.172  2178  2737 I chatty  : uid=1001(radio) Binder:2178_5 expire 9 lines
06-14 13:42:51.383   786  1092 I chatty  : uid=1001(radio) /system/bin/rild expire 3 lines
06-14 13:42:51.389   786  1117 I chatty  : uid=1001(radio) /system/bin/rild expire 3 lines
06-14 13:42:51.392   859  1093 I chatty  : uid=1001(radio) /system/bin/rild expire 3 lines
06-14 13:42:51.393   859  1114 I chatty  : uid=1001(radio) /system/bin/rild expire 3 lines
06-14 13:42:51.419   859  1256 I chatty  : uid=1001(radio) glide-active-re expire 1 line
06-14 13:42:51.422   786  1262 I chatty  : uid=1001(radio) lowpool[175] expire 1 line
06-14 13:42:51.436  1784 23026 D TelephonyRegistry: notifyCellLocationForSubscriber: subId=2 cellLocation=Bundle[mParcelledData.dataSize=96]
06-14 13:42:51.451  2178  2178 I chatty  : uid=1001(radio) com.android.phone expire 65 lines
06-14 13:42:51.453  1784  9498 D TelephonyRegistry: notifyCellLocationForSubscriber: subId=1 cellLocation=Bundle[mParcelledData.dataSize=96]
06-14 13:42:51.454  2178  2782 I chatty  : uid=1001(radio) Binder:2178_6 expire 2 lines
06-14 13:42:51.463   786  1266 I chatty  : uid=1001(radio) /system/bin/rild expire 1 line
06-14 13:42:51.463  2178  2294 I chatty  : uid=1001(radio) RILReceiver0 expire 22 lines
06-14 13:42:51.600  2178  2297 I chatty  : uid=1001(radio) RILSender1 expire 1 line
06-14 13:42:51.632  2178  2293 I chatty  : uid=1001(radio) RILSender0 expire 5 lines
06-14 13:42:51.638  2178 17807 I chatty  : uid=1001(radio) Binder:2178_B expire 1 line
06-14 13:42:52.092  2178  2189 I chatty  : uid=1001(radio) Binder:2178_1 expire 1 line
06-14 13:42:52.098  2178  2307 I chatty  : uid=1001(radio) Binder:2178_3 expire 3 lines
06-14 13:42:53.199  8135  8135 D PhoneNumberUtils: slotId:1 subId:2 country:null emergencyNumbers: 911,112
06-14 13:42:53.267  2178  2298 I chatty  : uid=1001(radio) RILReceiver1 expire 10 lines
06-14 13:44:16.066  2178  2294 I chatty  : uid=1001(radio) RILReceiver0 expire 43 lines
06-14 13:44:16.066  2178  2178 I chatty  : uid=1001(radio) com.android.phone expire 79 lines
06-14 13:44:16.098   786  2115 I chatty  : uid=1001(radio) /system/bin/rild expire 1 line
06-14 13:44:16.102   859  2119 I chatty  : uid=1001(radio) /system/bin/rild expire 1 line
06-14 13:44:16.112  1784  2620 D TelephonyRegistry: notifyCellLocationForSubscriber: subId=1 cellLocation=Bundle[mParcelledData.dataSize=96]
06-14 13:44:16.124  1784  1877 D TelephonyRegistry: notifyCellLocationForSubscriber: subId=2 cellLocation=Bundle[mParcelledData.dataSize=96]
06-14 13:44:16.128   786  2123 I chatty  : uid=1001(radio) /system/bin/rild expire 1 line
06-14 13:44:16.268  2178  2297 I chatty  : uid=1001(radio) RILSender1 expire 2 lines
06-14 13:44:16.308  2178  2189 I chatty  : uid=1001(radio) Binder:2178_1 expire 5 lines
06-14 13:44:16.310  2178  2293 I chatty  : uid=1001(radio) RILSender0 expire 3 lines
06-14 13:44:16.325  2178  3108 I chatty  : uid=1001(radio) Binder:2178_7 expire 1 line
06-14 13:44:16.339  2178 29093 I chatty  : uid=1001(radio) Binder:2178_A expire 5 lines
06-14 13:44:16.629  8135  8135 D PhoneNumberUtils: slotId:1 subId:2 country:null emergencyNumbers: 911,112
06-14 13:44:16.891   786  2145 I chatty  : uid=1001(radio) /system/bin/rild expire 1 line
06-14 13:44:16.900  1784  2622 D TelephonyRegistry: notifyCellLocationForSubscriber: subId=1 cellLocation=Bundle[mParcelledData.dataSize=96]
06-14 13:44:16.901  2178 17807 I chatty  : uid=1001(radio) Binder:2178_B expire 2 lines
06-14 13:44:16.912  2178  2782 I chatty  : uid=1001(radio) Binder:2178_6 expire 2 lines
06-14 13:44:17.589   786  1092 I chatty  : uid=1001(radio) /system/bin/rild expire 2 lines
06-14 13:44:17.592   859  1093 I chatty  : uid=1001(radio) /system/bin/rild expire 2 lines
06-14 13:44:17.593  2178  2298 I chatty  : uid=1001(radio) RILReceiver1 expire 9 lines
06-14 13:44:17.593   786  1117 I chatty  : uid=1001(radio) /system/bin/rild expire 2 lines
06-14 13:44:17.593   859  1114 I chatty  : uid=1001(radio) /system/bin/rild expire 2 lines
06-14 13:44:17.609  2178  2190 I chatty  : uid=1001(radio) Binder:2178_2 expire 2 lines
06-14 13:44:17.825  2178  2737 I chatty  : uid=1001(radio) Binder:2178_5 expire 2 lines
06-14 13:44:18.195   786  2266 I chatty  : uid=1001(radio) /system/bin/rild expire 1 line
06-14 13:44:18.244   859  2274 I chatty  : uid=1001(radio) /system/bin/rild expire 1 line
06-14 13:44:18.265  2178  2706 I chatty  : uid=1001(radio) Binder:2178_8 expire 1 line
06-14 13:44:18.278  2178  2307 I chatty  : uid=1001(radio) Binder:2178_3 expire 1 line
06-14 13:44:18.420   786  2282 I chatty  : uid=1001(radio) /system/bin/rild expire 1 line
06-14 13:44:18.440  2178  2308 I chatty  : uid=1001(radio) Binder:2178_4 expire 10 lines
06-14 13:44:18.631  2178  2190 I chatty  : uid=1001(radio) Binder:2178_2 expire 9 lines
06-14 13:44:18.720  2178 21936 I chatty  : uid=1001(radio) Binder:2178_9 expire 5 lines
06-14 13:44:18.802  2178 29093 I chatty  : uid=1001(radio) Binder:2178_A expire 4 lines
06-14 13:44:18.819  2178  2178 I chatty  : uid=1001(radio) com.android.phone expire 100 lines
06-14 13:44:18.824  2178  2294 I chatty  : uid=1001(radio) RILReceiver0 expire 21 lines
06-14 13:44:18.838  2178  2307 I chatty  : uid=1001(radio) Binder:2178_3 expire 4 lines
06-14 13:44:19.002  2178  3108 I chatty  : uid=1001(radio) Binder:2178_7 expire 6 lines
06-14 13:44:19.057  2178  2706 I chatty  : uid=1001(radio) Binder:2178_8 expire 3 lines
06-14 13:44:19.148  2178 17807 I chatty  : uid=1001(radio) Binder:2178_B expire 3 lines
06-14 13:44:19.187  2178  2782 I chatty  : uid=1001(radio) Binder:2178_6 expire 5 lines
06-14 13:44:19.222  2178  2737 I chatty  : uid=1001(radio) Binder:2178_5 expire 5 lines
06-14 13:44:19.400  8135  8135 D PhoneNumberUtils: slotId:1 subId:2 country:null emergencyNumbers: 911,112
06-14 13:44:19.812   786  1092 I chatty  : uid=1001(radio) /system/bin/rild expire 1 line
06-14 13:44:19.814   859  1093 I chatty  : uid=1001(radio) /system/bin/rild expire 1 line
06-14 13:44:19.814  2178  2298 I chatty  : uid=1001(radio) RILReceiver1 expire 1 line
06-14 13:44:19.815   786  1117 I chatty  : uid=1001(radio) /system/bin/rild expire 1 line
06-14 13:44:19.816   859  1114 I chatty  : uid=1001(radio) /system/bin/rild expire 1 line
06-14 13:44:20.737  2178  2189 I chatty  : uid=1001(radio) Binder:2178_1 expire 4 lines
06-14 13:44:20.813  2178  2293 I chatty  : uid=1001(radio) RILSender0 expire 9 lines
06-14 13:45:12.145  2178  2178 I chatty  : uid=1001(radio) com.android.phone expire 41 lines
06-14 13:45:12.226  2178  2307 I chatty  : uid=1001(radio) Binder:2178_3 expire 16 lines
06-14 13:45:12.260  2178  2189 I chatty  : uid=1001(radio) Binder:2178_1 expire 6 lines
06-14 13:45:12.277  2178  2782 I chatty  : uid=1001(radio) Binder:2178_6 expire 4 lines
06-14 13:45:12.288  2178  2737 I chatty  : uid=1001(radio) Binder:2178_5 expire 7 lines
06-14 13:45:12.297  2178  3108 I chatty  : uid=1001(radio) Binder:2178_7 expire 6 lines
06-14 13:45:12.313  2178 21936 I chatty  : uid=1001(radio) Binder:2178_9 expire 9 lines
06-14 13:45:12.324  2178  2190 I chatty  : uid=1001(radio) Binder:2178_2 expire 9 lines
06-14 13:45:12.894  2178 17807 I chatty  : uid=1001(radio) Binder:2178_B expire 5 lines
06-14 13:45:14.327  2178  2294 I chatty  : uid=1001(radio) RILReceiver0 expire 40 lines
06-14 13:45:14.338  2178  2298 I chatty  : uid=1001(radio) RILReceiver1 expire 2 lines
06-14 13:46:14.787   786  2998 I chatty  : uid=1001(radio) /system/bin/rild expire 1 line
06-14 13:46:17.254   786  3004 I chatty  : uid=1001(radio) /system/bin/rild expire 1 line
06-14 13:46:18.112  2178  2706 I chatty  : uid=1001(radio) Binder:2178_8 expire 5 lines
06-14 13:46:18.219  2178 29093 I chatty  : uid=1001(radio) Binder:2178_A expire 5 lines
06-14 13:46:18.246  2178  2308 I chatty  : uid=1001(radio) Binder:2178_4 expire 4 lines
06-14 13:46:23.047  2178  2307 I chatty  : uid=1001(radio) Binder:2178_3 expire 4 lines
06-14 13:46:23.056  2178  2294 I chatty  : uid=1001(radio) RILReceiver0 expire 97 lines
06-14 13:46:23.062  2178  2298 I chatty  : uid=1001(radio) RILReceiver1 expire 2 lines
06-14 13:46:25.130  2178  2293 I chatty  : uid=1001(radio) RILSender0 expire 17 lines
06-14 13:46:26.489  2178  2178 I chatty  : uid=1001(radio) com.android.phone expire 39 lines
06-14 13:46:42.943   786  3038 I chatty  : uid=1001(radio) /system/bin/rild expire 1 line
06-14 13:46:45.515   786  3042 I chatty  : uid=1001(radio) /system/bin/rild expire 1 line
06-14 13:47:02.207   786  3047 I chatty  : uid=1001(radio) /system/bin/rild expire 1 line
06-14 13:47:04.704   786  3052 I chatty  : uid=1001(radio) /system/bin/rild expire 1 line
06-14 13:47:24.127  2178  2706 I chatty  : uid=1001(radio) Binder:2178_8 expire 4 lines
06-14 13:47:24.491  2178  2782 I chatty  : uid=1001(radio) Binder:2178_6 expire 9 lines
06-14 13:48:06.136  2178  2294 I chatty  : uid=1001(radio) RILReceiver0 expire 78 lines
06-14 13:48:06.338  2178  2293 I chatty  : uid=1001(radio) RILSender0 expire 17 lines
06-14 13:48:25.158  2178  2737 I chatty  : uid=1001(radio) Binder:2178_5 expire 8 lines
06-14 13:48:25.178  2178  2298 I chatty  : uid=1001(radio) RILReceiver1 expire 9 lines
06-14 13:49:26.239  2178 21936 I chatty  : uid=1001(radio) Binder:2178_9 expire 4 lines
06-14 13:49:46.876  2178  2178 I chatty  : uid=1001(radio) com.android.phone expire 12 lines
06-14 13:51:30.106  2178  2706 I chatty  : uid=1001(radio) Binder:2178_8 expire 5 lines
06-14 13:52:32.204  2178  2190 I chatty  : uid=1001(radio) Binder:2178_2 expire 5 lines
06-14 13:52:32.649  2178 17807 I chatty  : uid=1001(radio) Binder:2178_B expire 7 lines
06-14 13:52:32.717  2178  2308 I chatty  : uid=1001(radio) Binder:2178_4 expire 4 lines
06-14 13:52:33.026  2178  2189 I chatty  : uid=1001(radio) Binder:2178_1 expire 1 line
06-14 13:53:55.487  2178 29093 I chatty  : uid=1001(radio) Binder:2178_A expire 6 lines
06-14 13:55:58.078  2178 17807 I chatty  : uid=1001(radio) Binder:2178_B expire 6 lines
06-14 13:56:18.955  2178  2178 I chatty  : uid=1001(radio) com.android.phone expire 75 lines
06-14 13:56:18.961   859  1093 I chatty  : uid=1001(radio) /system/bin/rild expire 3 lines
06-14 13:56:18.961   786  1092 I chatty  : uid=1001(radio) /system/bin/rild expire 3 lines
06-14 13:56:18.962  2178  2294 I chatty  : uid=1001(radio) RILReceiver0 expire 34 lines
06-14 13:56:18.964  2178  2298 I chatty  : uid=1001(radio) RILReceiver1 expire 16 lines
06-14 13:56:18.965   859  1114 I chatty  : uid=1001(radio) /system/bin/rild expire 3 lines
06-14 13:56:18.965   786  1117 I chatty  : uid=1001(radio) /system/bin/rild expire 3 lines
06-14 13:56:18.998   859  3454 I chatty  : uid=1001(radio) /system/bin/rild expire 1 line
06-14 13:56:19.008   786  3458 I chatty  : uid=1001(radio) /system/bin/rild expire 1 line
06-14 13:56:19.010  1784  1795 D TelephonyRegistry: notifyCellLocationForSubscriber: subId=2 cellLocation=Bundle[mParcelledData.dataSize=96]
06-14 13:56:19.030  1784  2614 D TelephonyRegistry: notifyCellLocationForSubscriber: subId=1 cellLocation=Bundle[mParcelledData.dataSize=96]
06-14 13:56:19.044  2178  2190 I chatty  : uid=1001(radio) Binder:2178_2 expire 2 lines
06-14 13:56:19.046   786  3463 I chatty  : uid=1001(radio) /system/bin/rild expire 1 line
06-14 13:56:19.071  2178  3108 I chatty  : uid=1001(radio) Binder:2178_7 expire 2 lines
06-14 13:56:19.174  2178  2297 I chatty  : uid=1001(radio) RILSender1 expire 1 line
06-14 13:56:19.234  2178  2293 I chatty  : uid=1001(radio) RILSender0 expire 1 line
06-14 13:56:19.258  2178  2307 I chatty  : uid=1001(radio) Binder:2178_3 expire 2 lines
06-14 13:56:19.978  2178  2308 I chatty  : uid=1001(radio) Binder:2178_4 expire 1 line
06-14 13:56:20.038  8135  8135 D PhoneNumberUtils: slotId:1 subId:2 country:null emergencyNumbers: 911,112
06-14 13:56:20.193  2178  2782 I chatty  : uid=1001(radio) Binder:2178_6 expire 4 lines
06-14 13:56:20.417  2178  2737 I chatty  : uid=1001(radio) Binder:2178_5 expire 1 line
06-14 13:56:20.451  2178  2189 I chatty  : uid=1001(radio) Binder:2178_1 expire 2 lines
06-14 13:56:20.467  2178  2706 I chatty  : uid=1001(radio) Binder:2178_8 expire 1 line
06-14 13:56:59.094  2178 21936 I chatty  : uid=1001(radio) Binder:2178_9 expire 5 lines
06-14 13:57:12.139   786  4043 I chatty  : uid=1001(radio) /system/bin/rild expire 1 line
06-14 13:57:12.140   859  4040 I chatty  : uid=1001(radio) /system/bin/rild expire 1 line
06-14 13:57:12.153  2178  2178 I chatty  : uid=1001(radio) com.android.phone expire 41 lines
06-14 13:57:12.307  2178  2297 I chatty  : uid=1001(radio) RILSender1 expire 1 line
06-14 13:57:12.333  2178  2293 I chatty  : uid=1001(radio) RILSender0 expire 5 lines
06-14 13:57:12.524  2178  2294 I chatty  : uid=1001(radio) RILReceiver0 expire 38 lines
06-14 13:57:12.754   786  4070 I chatty  : uid=1001(radio) /system/bin/rild expire 1 line
06-14 13:57:12.757  1784  1795 D TelephonyRegistry: notifyCellLocationForSubscriber: subId=1 cellLocation=Bundle[mParcelledData.dataSize=96]
06-14 13:57:12.920  2178 17807 I chatty  : uid=1001(radio) Binder:2178_B expire 9 lines
06-14 13:57:12.939  8135  8135 D PhoneNumberUtils: slotId:1 subId:2 country:null emergencyNumbers: 911,112
06-14 13:57:15.430  2178  2308 I chatty  : uid=1001(radio) Binder:2178_4 expire 7 lines
06-14 13:57:15.758  8135  8135 D PhoneNumberUtils: slotId:1 subId:2 country:null emergencyNumbers: 911,112
06-14 13:57:15.896  2178  2737 I chatty  : uid=1001(radio) Binder:2178_5 expire 4 lines
06-14 13:57:15.909  2178  2190 I chatty  : uid=1001(radio) Binder:2178_2 expire 5 lines
06-14 13:57:15.999  2178  3108 I chatty  : uid=1001(radio) Binder:2178_7 expire 6 lines
06-14 13:57:16.127  2178 21936 I chatty  : uid=1001(radio) Binder:2178_9 expire 4 lines
06-14 13:57:16.421  2178  2782 I chatty  : uid=1001(radio) Binder:2178_6 expire 4 lines
06-14 13:57:16.444  2178  2706 I chatty  : uid=1001(radio) Binder:2178_8 expire 6 lines
06-14 13:57:16.474  2178 29093 I chatty  : uid=1001(radio) Binder:2178_A expire 2 lines
06-14 13:57:16.478  2178  2189 I chatty  : uid=1001(radio) Binder:2178_1 expire 9 lines
06-14 13:57:17.868   786  4150 I chatty  : uid=1001(radio) /system/bin/rild expire 1 line
06-14 13:57:17.875  1784  2472 D TelephonyRegistry: notifyCellLocationForSubscriber: subId=1 cellLocation=Bundle[mParcelledData.dataSize=96]
06-14 13:57:17.956  2178  2307 I chatty  : uid=1001(radio) Binder:2178_3 expire 3 lines
06-14 13:57:22.878   786  4301 I chatty  : uid=1001(radio) /system/bin/rild expire 1 line
06-14 13:57:22.891  1784  2940 D TelephonyRegistry: notifyCellLocationForSubscriber: subId=1 cellLocation=Bundle[mParcelledData.dataSize=96]
06-14 13:57:43.180  2178  2178 I chatty  : uid=1001(radio) com.android.phone expire 5 lines
06-14 13:57:47.601  2178  2294 I chatty  : uid=1001(radio) RILReceiver0 expire 6 lines
06-14 13:57:59.372  2178  2298 I chatty  : uid=1001(radio) RILReceiver1 expire 2 lines
06-14 13:58:01.746   786  1092 I chatty  : uid=1001(radio) /system/bin/rild expire 1 line
06-14 13:58:01.748   786  1117 I chatty  : uid=1001(radio) /system/bin/rild expire 1 line
06-14 13:58:01.749   859  1093 I chatty  : uid=1001(radio) /system/bin/rild expire 1 line
06-14 13:58:01.752   859  1114 I chatty  : uid=1001(radio) /system/bin/rild expire 2 lines
06-14 13:58:01.770  2178  2178 I chatty  : uid=1001(radio) com.android.phone expire 57 lines
06-14 13:58:02.165  2178 17807 I chatty  : uid=1001(radio) Binder:2178_B expire 6 lines
06-14 13:58:02.169  2178  2782 I chatty  : uid=1001(radio) Binder:2178_6 expire 6 lines
06-14 13:58:02.595   786  1092 I chatty  : uid=1001(radio) /system/bin/rild expire 1 line
06-14 13:58:02.595  2178  2294 I chatty  : uid=1001(radio) RILReceiver0 expire 31 lines
06-14 13:58:02.597   786  1117 I chatty  : uid=1001(radio) /system/bin/rild expire 1 line
06-14 13:58:02.606   859  1093 I chatty  : uid=1001(radio) /system/bin/rild expire 1 line
06-14 13:58:02.606  2178  2298 I chatty  : uid=1001(radio) RILReceiver1 expire 9 lines
06-14 13:58:02.720   786  4613 I chatty  : uid=1001(radio) /system/bin/rild expire 1 line
06-14 13:58:02.725   859  4617 I chatty  : uid=1001(radio) /system/bin/rild expire 1 line
06-14 13:58:02.831  2178  2297 I chatty  : uid=1001(radio) RILSender1 expire 1 line
06-14 13:58:02.852   786  4627 I chatty  : uid=1001(radio) /system/bin/rild expire 1 line
06-14 13:58:02.926  2178  2293 I chatty  : uid=1001(radio) RILSender0 expire 1 line
06-14 13:58:33.594  2178 29093 I chatty  : uid=1001(radio) Binder:2178_A expire 5 lines
06-14 13:58:33.602  2178  2189 I chatty  : uid=1001(radio) Binder:2178_1 expire 7 lines
06-14 13:58:38.021  2178  2737 I chatty  : uid=1001(radio) Binder:2178_5 expire 9 lines
06-14 13:58:38.100  2178  2706 I chatty  : uid=1001(radio) Binder:2178_8 expire 6 lines
06-14 13:58:38.150  2178 21936 I chatty  : uid=1001(radio) Binder:2178_9 expire 10 lines
06-14 13:58:38.232  2178  2308 I chatty  : uid=1001(radio) Binder:2178_4 expire 6 lines
06-14 13:58:38.253  2178  3108 I chatty  : uid=1001(radio) Binder:2178_7 expire 7 lines
06-14 13:58:49.680  2178  2190 I chatty  : uid=1001(radio) Binder:2178_2 expire 5 lines
06-14 13:59:53.763  2178  2307 I chatty  : uid=1001(radio) Binder:2178_3 expire 4 lines
06-14 13:59:54.590  2178  2190 I chatty  : uid=1001(radio) Binder:2178_2 expire 7 lines
06-14 13:59:54.606  2178 17807 I chatty  : uid=1001(radio) Binder:2178_B expire 3 lines
06-14 13:59:54.648  2178  2706 I chatty  : uid=1001(radio) Binder:2178_8 expire 6 lines
06-14 13:59:54.661  2178  2782 I chatty  : uid=1001(radio) Binder:2178_6 expire 3 lines
06-14 13:59:54.675  2178  3108 I chatty  : uid=1001(radio) Binder:2178_7 expire 3 lines
06-14 13:59:54.689  2178 21936 I chatty  : uid=1001(radio) Binder:2178_9 expire 2 lines
06-14 13:59:54.703  2178  2737 I chatty  : uid=1001(radio) Binder:2178_5 expire 9 lines
06-14 13:59:54.717  2178  2308 I chatty  : uid=1001(radio) Binder:2178_4 expire 3 lines
06-14 14:00:02.579  2178  2178 I chatty  : uid=1001(radio) com.android.phone expire 59 lines
06-14 14:00:25.854  2178  2294 I chatty  : uid=1001(radio) RILReceiver0 expire 40 lines
06-14 14:00:25.862  2178  2298 I chatty  : uid=1001(radio) RILReceiver1 expire 12 lines
06-14 14:01:13.851  2178 29093 I chatty  : uid=1001(radio) Binder:2178_A expire 5 lines
06-14 14:03:53.089   786  1092 I chatty  : uid=1001(radio) /system/bin/rild expire 2 lines
06-14 14:03:53.090   859  1093 I chatty  : uid=1001(radio) /system/bin/rild expire 2 lines
06-14 14:03:53.104   786  1117 I chatty  : uid=1001(radio) /system/bin/rild expire 2 lines
06-14 14:03:53.116   859  1114 I chatty  : uid=1001(radio) /system/bin/rild expire 2 lines
06-14 14:03:53.221   786  6408 I chatty  : uid=1001(radio) /system/bin/rild expire 1 line
06-14 14:03:53.224   859  6412 I chatty  : uid=1001(radio) /system/bin/rild expire 1 line
06-14 14:03:53.285   786  6422 I chatty  : uid=1001(radio) /system/bin/rild expire 1 line
06-14 14:03:53.391  2178  2297 I chatty  : uid=1001(radio) RILSender1 expire 1 line
06-14 14:03:53.409  2178  2293 I chatty  : uid=1001(radio) RILSender0 expire 1 line
06-14 14:04:01.307  2178  2189 I chatty  : uid=1001(radio) Binder:2178_1 expire 9 lines
06-14 14:04:02.006  2178  2178 I chatty  : uid=1001(radio) com.android.phone expire 60 lines
06-14 14:04:02.201  2178  2293 I chatty  : uid=1001(radio) RILSender0 expire 3 lines
06-14 14:04:02.281  2178  2294 I chatty  : uid=1001(radio) RILReceiver0 expire 43 lines
06-14 14:04:02.294   786  6712 I chatty  : uid=1001(radio) /system/bin/rild expire 1 line
06-14 14:04:02.303  1784  2614 D TelephonyRegistry: notifyCellLocationForSubscriber: subId=1 cellLocation=Bundle[mParcelledData.dataSize=96]
06-14 14:04:02.448  2178  2308 I chatty  : uid=1001(radio) Binder:2178_4 expire 9 lines
06-14 14:04:02.459  2178 21936 I chatty  : uid=1001(radio) Binder:2178_9 expire 1 line
06-14 14:04:03.858  2178  2190 I chatty  : uid=1001(radio) Binder:2178_2 expire 5 lines
06-14 14:04:08.244   786  7312 I chatty  : uid=1001(radio) /system/bin/rild expire 1 line
06-14 14:04:08.252  1784  2622 D TelephonyRegistry: notifyCellLocationForSubscriber: subId=1 cellLocation=Bundle[mParcelledData.dataSize=96]
06-14 14:04:08.845  2178  2307 I chatty  : uid=1001(radio) Binder:2178_3 expire 6 lines
06-14 14:04:08.859  2178  2737 I chatty  : uid=1001(radio) Binder:2178_5 expire 3 lines
06-14 14:04:09.447  2178 29093 I chatty  : uid=1001(radio) Binder:2178_A expire 3 lines
06-14 14:05:22.142  2178 17807 I chatty  : uid=1001(radio) Binder:2178_B expire 4 lines
06-14 14:05:22.161  2178  2298 I chatty  : uid=1001(radio) RILReceiver1 expire 10 lines
06-14 14:07:26.417  2178  2706 I chatty  : uid=1001(radio) Binder:2178_8 expire 6 lines
06-14 14:07:26.443  2178  2782 I chatty  : uid=1001(radio) Binder:2178_6 expire 6 lines
06-14 14:08:57.867  2178  3108 I chatty  : uid=1001(radio) Binder:2178_7 expire 2 lines
06-14 14:09:35.838   786  8287 I chatty  : uid=1001(radio) /system/bin/rild expire 1 line
06-14 14:09:35.846  1784  5084 D TelephonyRegistry: notifyCellLocationForSubscriber: subId=1 cellLocation=Bundle[mParcelledData.dataSize=96]
06-14 14:09:51.234  2178  2178 I chatty  : uid=1001(radio) com.android.phone expire 12 lines
06-14 14:09:51.243  2178  2294 I chatty  : uid=1001(radio) RILReceiver0 expire 2 lines
06-14 14:10:43.611   859  8523 I chatty  : uid=1001(radio) /system/bin/rild expire 1 line
06-14 14:10:43.617   859  8527 I chatty  : uid=1001(radio) /system/bin/rild expire 1 line
06-14 14:10:43.618  2178  2298 I chatty  : uid=1001(radio) RILReceiver1 expire 6 lines
06-14 14:10:43.619  2178  2178 I chatty  : uid=1001(radio) com.android.phone expire 20 lines
06-14 14:10:43.624  1784  2924 D TelephonyRegistry: notifyCellLocationForSubscriber: subId=2 cellLocation=Bundle[mParcelledData.dataSize=96]
06-14 14:10:43.811  2178  2297 I chatty  : uid=1001(radio) RILSender1 expire 1 line
06-14 14:10:58.351  2178  2737 I chatty  : uid=1001(radio) Binder:2178_5 expire 5 lines
06-14 14:10:58.358  2178 21936 I chatty  : uid=1001(radio) Binder:2178_9 expire 7 lines
06-14 14:10:58.398  2178  2307 I chatty  : uid=1001(radio) Binder:2178_3 expire 6 lines
06-14 14:10:58.433  2178  3108 I chatty  : uid=1001(radio) Binder:2178_7 expire 8 lines
06-14 14:10:58.507  2178  2190 I chatty  : uid=1001(radio) Binder:2178_2 expire 4 lines
06-14 14:10:58.563  2178 17807 I chatty  : uid=1001(radio) Binder:2178_B expire 5 lines
06-14 14:10:58.590  2178  2308 I chatty  : uid=1001(radio) Binder:2178_4 expire 5 lines
06-14 14:10:58.617  2178  2782 I chatty  : uid=1001(radio) Binder:2178_6 expire 5 lines
06-14 14:10:58.677  2178  2189 I chatty  : uid=1001(radio) Binder:2178_1 expire 5 lines
06-14 14:10:58.791  2178  2706 I chatty  : uid=1001(radio) Binder:2178_8 expire 2 lines
06-14 14:10:58.825  2178 29093 I chatty  : uid=1001(radio) Binder:2178_A expire 3 lines
06-14 14:11:01.592  2178  2294 I chatty  : uid=1001(radio) RILReceiver0 expire 18 lines
06-14 14:11:01.595   786  8553 I chatty  : uid=1001(radio) /system/bin/rild expire 1 line
06-14 14:11:01.601   786  8557 I chatty  : uid=1001(radio) /system/bin/rild expire 1 line
06-14 14:11:01.610  1784  2591 D TelephonyRegistry: notifyCellLocationForSubscriber: subId=1 cellLocation=Bundle[mParcelledData.dataSize=96]
06-14 14:11:01.795  2178  2293 I chatty  : uid=1001(radio) RILSender0 expire 4 lines
06-14 14:11:02.073  2178  2178 I chatty  : uid=1001(radio) com.android.phone expire 10 lines
06-14 14:11:13.033   786  8595 I chatty  : uid=1001(radio) /system/bin/rild expire 1 line
06-14 14:11:13.041  1784  2924 D TelephonyRegistry: notifyCellLocationForSubscriber: subId=1 cellLocation=Bundle[mParcelledData.dataSize=96]
06-14 14:11:16.167  2178  2178 I chatty  : uid=1001(radio) com.android.phone expire 13 lines
06-14 14:11:16.173  2178  2294 I chatty  : uid=1001(radio) RILReceiver0 expire 14 lines
06-14 14:12:15.857   786  8605 I chatty  : uid=1001(radio) /system/bin/rild expire 1 line
06-14 14:12:15.867  1784 23026 D TelephonyRegistry: notifyCellLocationForSubscriber: subId=1 cellLocation=Bundle[mParcelledData.dataSize=96]
06-14 14:12:28.544  2178  2178 I chatty  : uid=1001(radio) com.android.phone expire 33 lines
06-14 14:12:28.547   786  8616 I chatty  : uid=1001(radio) /system/bin/rild expire 1 line
06-14 14:12:28.557  1784 23028 D TelephonyRegistry: notifyCellLocationForSubscriber: subId=1 cellLocation=Bundle[mParcelledData.dataSize=96]
06-14 14:12:36.699  2178  2294 I chatty  : uid=1001(radio) RILReceiver0 expire 23 lines
06-14 14:16:49.759   786  9062 I chatty  : uid=1001(radio) /system/bin/rild expire 1 line
06-14 14:16:49.760  2178  2178 I chatty  : uid=1001(radio) com.android.phone expire 17 lines
06-14 14:16:49.775  1784  2943 D TelephonyRegistry: notifyCellLocationForSubscriber: subId=1 cellLocation=Bundle[mParcelledData.dataSize=96]
06-14 14:16:49.959  2178  2293 I chatty  : uid=1001(radio) RILSender0 expire 5 lines
06-14 14:17:11.427  2178  2294 I chatty  : uid=1001(radio) RILReceiver0 expire 12 lines
06-14 14:17:11.430   786  9084 I chatty  : uid=1001(radio) /system/bin/rild expire 1 line
06-14 14:17:11.438  1784  2943 D TelephonyRegistry: notifyCellLocationForSubscriber: subId=1 cellLocation=Bundle[mParcelledData.dataSize=96]
06-14 14:17:25.587  2178  2178 I chatty  : uid=1001(radio) com.android.phone expire 23 lines
06-14 14:17:25.589   786  9090 I chatty  : uid=1001(radio) /system/bin/rild expire 1 line
06-14 14:17:25.597  1784  5084 D TelephonyRegistry: notifyCellLocationForSubscriber: subId=1 cellLocation=Bundle[mParcelledData.dataSize=96]
06-14 14:17:44.227  2178  2294 I chatty  : uid=1001(radio) RILReceiver0 expire 10 lines
06-14 14:18:21.932   786  9121 I chatty  : uid=1001(radio) /system/bin/rild expire 1 line
06-14 14:18:21.940  1784 23026 D TelephonyRegistry: notifyCellLocationForSubscriber: subId=1 cellLocation=Bundle[mParcelledData.dataSize=96]
06-14 14:18:25.490  2178  2307 I chatty  : uid=1001(radio) Binder:2178_3 expire 4 lines
06-14 14:18:25.499  2178  2294 I chatty  : uid=1001(radio) RILReceiver0 expire 13 lines
06-14 14:18:25.507  2178  2298 I chatty  : uid=1001(radio) RILReceiver1 expire 33 lines
06-14 14:18:29.458  2178  2178 I chatty  : uid=1001(radio) com.android.phone expire 67 lines
06-14 14:18:29.461   859  9142 I chatty  : uid=1001(radio) /system/bin/rild expire 1 line
06-14 14:18:29.467   859  9146 I chatty  : uid=1001(radio) /system/bin/rild expire 1 line
06-14 14:18:29.661  2178  2297 I chatty  : uid=1001(radio) RILSender1 expire 4 lines
06-14 14:18:30.397   859  9150 I chatty  : uid=1001(radio) /system/bin/rild expire 1 line
06-14 14:18:31.369   859  9230 I chatty  : uid=1001(radio) /system/bin/rild expire 1 line
06-14 14:18:31.868   859  9312 I chatty  : uid=1001(radio) /system/bin/rild expire 1 line
06-14 14:19:05.027   786  9923 I chatty  : uid=1001(radio) /system/bin/rild expire 1 line
06-14 14:19:47.863  2178  2178 I chatty  : uid=1001(radio) com.android.phone expire 53 lines
06-14 14:19:47.870  2178  2294 I chatty  : uid=1001(radio) RILReceiver0 expire 45 lines
06-14 14:19:59.837  2178 29093 I chatty  : uid=1001(radio) Binder:2178_A expire 7 lines
06-14 14:19:59.970  2178  2190 I chatty  : uid=1001(radio) Binder:2178_2 expire 12 lines
06-14 14:20:00.157  2178  3108 I chatty  : uid=1001(radio) Binder:2178_7 expire 9 lines
06-14 14:20:00.179  2178 21936 I chatty  : uid=1001(radio) Binder:2178_9 expire 7 lines
06-14 14:20:00.198  2178 17807 I chatty  : uid=1001(radio) Binder:2178_B expire 11 lines
06-14 14:20:00.249  2178  2706 I chatty  : uid=1001(radio) Binder:2178_8 expire 8 lines
06-14 14:20:00.262  2178  2307 I chatty  : uid=1001(radio) Binder:2178_3 expire 8 lines
06-14 14:20:00.277  2178  2308 I chatty  : uid=1001(radio) Binder:2178_4 expire 6 lines
06-14 14:20:00.420  2178  2782 I chatty  : uid=1001(radio) Binder:2178_6 expire 4 lines
06-14 14:20:00.456  2178  2737 I chatty  : uid=1001(radio) Binder:2178_5 expire 7 lines
06-14 14:20:00.529  2178  2189 I chatty  : uid=1001(radio) Binder:2178_1 expire 7 lines
06-14 14:22:25.153  2178  2654 I chatty  : uid=1001(radio) RilMessageDecod expire 2 lines
06-14 14:22:25.269  2178  2606 I chatty  : uid=1001(radio) Stk App Service expire 9 lines
06-14 14:22:25.430  2178  2293 I chatty  : uid=1001(radio) RILSender0 expire 1 line
06-14 14:22:29.811  2178  2298 I chatty  : uid=1001(radio) RILReceiver1 expire 2 lines
06-14 14:26:14.084   786 10404 I chatty  : uid=1001(radio) /system/bin/rild expire 1 line
06-14 14:26:14.098   786 10408 I chatty  : uid=1001(radio) /system/bin/rild expire 1 line
06-14 14:26:14.099  2178  2294 I chatty  : uid=1001(radio) RILReceiver0 expire 21 lines
06-14 14:26:14.099  2178  2178 I chatty  : uid=1001(radio) com.android.phone expire 26 lines
06-14 14:26:14.106  1784  3828 D TelephonyRegistry: notifyCellLocationForSubscriber: subId=1 cellLocation=Bundle[mParcelledData.dataSize=96]
06-14 14:26:14.308  2178  2293 I chatty  : uid=1001(radio) RILSender0 expire 4 lines
06-14 14:26:29.879  2178 17807 I chatty  : uid=1001(radio) Binder:2178_B expire 2 lines
06-14 14:26:29.879  2178  2706 I chatty  : uid=1001(radio) Binder:2178_8 expire 2 lines
06-14 14:26:29.882  2178  2737 I chatty  : uid=1001(radio) Binder:2178_5 expire 5 lines
06-14 14:26:29.893  2178  2782 I chatty  : uid=1001(radio) Binder:2178_6 expire 2 lines
06-14 14:26:30.631  2178  2190 I chatty  : uid=1001(radio) Binder:2178_2 expire 5 lines
06-14 14:26:30.642  2178  2189 I chatty  : uid=1001(radio) Binder:2178_1 expire 5 lines
06-14 14:26:31.633  2178  2308 I chatty  : uid=1001(radio) Binder:2178_4 expire 2 lines
06-14 14:26:31.967  2178 21936 I chatty  : uid=1001(radio) Binder:2178_9 expire 1 line
06-14 14:28:01.534  2178  2303 I chatty  : uid=1001(radio) GsmInboundSmsHa expire 24 lines
06-14 14:28:01.614 10069 10080 D PhoneNumberUtils: slotId:1 subId:2 country:null emergencyNumbers: 911,112
06-14 14:28:01.615 10069 10080 D PhoneNumberUtils: slotId:1 subId:2 country:null emergencyNumbers: 911,112
06-14 14:28:01.723 10595 10606 I chatty  : uid=1001(radio) expire 1 line
06-14 14:28:01.802  2178 29093 I chatty  : uid=1001(radio) Binder:2178_A expire 1 line
06-14 14:28:01.805  2178 10609 I chatty  : uid=1001(radio) com.android.phone expire 1 line
06-14 14:28:01.830  9944 10611 V Telephony:  getMessagesFromIntent sub_id : 1
06-14 14:28:02.746 16042 16042 V Telephony:  getMessagesFromIntent sub_id : 1
06-14 14:28:06.669  2178  2294 I chatty  : uid=1001(radio) RILReceiver0 expire 48 lines
06-14 14:28:06.673  2178  2298 I chatty  : uid=1001(radio) RILReceiver1 expire 3 lines
06-14 14:28:25.547  2178  2178 I chatty  : uid=1001(radio) com.android.phone expire 49 lines
06-14 14:37:32.917  2178  2307 I chatty  : uid=1001(radio) Binder:2178_3 expire 4 lines
06-14 14:38:11.574  2178  2308 I chatty  : uid=1001(radio) Binder:2178_4 expire 3 lines
06-14 14:38:11.580  2178  2298 I chatty  : uid=1001(radio) RILReceiver1 expire 14 lines
06-14 14:38:27.168  2178  2178 I chatty  : uid=1001(radio) com.android.phone expire 43 lines
06-14 14:38:47.886  2178  2294 I chatty  : uid=1001(radio) RILReceiver0 expire 27 lines
06-14 14:43:43.440  2178 29093 I chatty  : uid=1001(radio) Binder:2178_A expire 4 lines
06-14 14:45:10.613   859 11629 I chatty  : uid=1001(radio) /system/bin/rild expire 1 line
06-14 14:45:10.619   859 11633 I chatty  : uid=1001(radio) /system/bin/rild expire 1 line
06-14 14:45:10.628  1784  1795 D TelephonyRegistry: notifyCellLocationForSubscriber: subId=2 cellLocation=Bundle[mParcelledData.dataSize=96]
06-14 14:45:10.814  2178  2297 I chatty  : uid=1001(radio) RILSender1 expire 2 lines
06-14 14:45:13.039  2178  2178 I chatty  : uid=1001(radio) com.android.phone expire 11 lines
06-14 14:45:34.453  2178  2298 I chatty  : uid=1001(radio) RILReceiver1 expire 6 lines
06-14 14:45:34.456   859 11812 I chatty  : uid=1001(radio) /system/bin/rild expire 1 line
06-14 14:45:34.468  1784  2924 D TelephonyRegistry: notifyCellLocationForSubscriber: subId=2 cellLocation=Bundle[mParcelledData.dataSize=96]
06-14 14:45:47.865  2178  2178 I chatty  : uid=1001(radio) com.android.phone expire 10 lines
06-14 14:45:47.887  2178  2294 I chatty  : uid=1001(radio) RILReceiver0 expire 11 lines
06-14 14:47:44.080  2178  2303 I chatty  : uid=1001(radio) GsmInboundSmsHa expire 12 lines
06-14 14:47:44.280  2178  2293 I chatty  : uid=1001(radio) RILSender0 expire 2 lines
06-14 14:47:44.406 11948 11960 D PhoneNumberUtils: slotId:1 subId:2 country:null emergencyNumbers: 911,112
06-14 14:47:44.409 11948 11960 D PhoneNumberUtils: slotId:1 subId:2 country:null emergencyNumbers: 911,112
06-14 14:47:44.498 11967 11980 I chatty  : uid=1001(radio) expire 1 line
06-14 14:47:44.579  2178  2782 I chatty  : uid=1001(radio) Binder:2178_6 expire 1 line
06-14 14:47:44.582  2178 11982 I chatty  : uid=1001(radio) com.android.phone expire 1 line
06-14 14:47:44.591  9944 11984 V Telephony:  getMessagesFromIntent sub_id : 1
06-14 14:47:44.873  2178  2294 I chatty  : uid=1001(radio) RILReceiver0 expire 28 lines
06-14 14:47:44.874  2178  2178 I chatty  : uid=1001(radio) com.android.phone expire 28 lines
06-14 14:47:44.880   786 11985 I chatty  : uid=1001(radio) /system/bin/rild expire 1 line
06-14 14:47:44.999 16042 16042 V Telephony:  getMessagesFromIntent sub_id : 1
06-14 14:47:45.158   786 12012 I chatty  : uid=1001(radio) /system/bin/rild expire 1 line
06-14 14:47:45.209   786 12017 I chatty  : uid=1001(radio) /system/bin/rild expire 1 line
06-14 14:47:45.210  2178  2178 I chatty  : uid=1001(radio) com.android.phone expire 73 lines
06-14 14:47:45.212  1784  9305 D TelephonyRegistry: notifyCellLocationForSubscriber: subId=1 cellLocation=Bundle[mParcelledData.dataSize=96]
06-14 14:47:45.220  2178  2294 I chatty  : uid=1001(radio) RILReceiver0 expire 14 lines
06-14 14:47:45.223   786 12022 I chatty  : uid=1001(radio) /system/bin/rild expire 1 line
06-14 14:47:45.362  2178  2303 I chatty  : uid=1001(radio) GsmInboundSmsHa expire 12 lines
06-14 14:47:45.436  2178  2293 I chatty  : uid=1001(radio) RILSender0 expire 1 line
06-14 14:48:09.929  2178  2298 I chatty  : uid=1001(radio) RILReceiver1 expire 54 lines
06-14 14:48:09.932   859 12051 I chatty  : uid=1001(radio) /system/bin/rild expire 1 line
06-14 14:48:09.939   859 12055 I chatty  : uid=1001(radio) /system/bin/rild expire 1 line
06-14 14:48:09.955   859 12059 I chatty  : uid=1001(radio) /system/bin/rild expire 1 line
06-14 14:48:10.154  2178  2297 I chatty  : uid=1001(radio) RILSender1 expire 4 lines
06-14 14:48:11.005   859 12108 I chatty  : uid=1001(radio) /system/bin/rild expire 1 line
06-14 14:48:11.129  1784 23028 D TelephonyRegistry: notifyCellLocationForSubscriber: subId=2 cellLocation=Bundle[mParcelledData.dataSize=96]
06-14 14:48:11.151  2178  2511 I chatty  : uid=1001(radio) pool-2-thread-1 expire 4 lines
06-14 14:48:11.165  2178  2178 I chatty  : uid=1001(radio) com.android.phone expire 32 lines
06-14 14:48:11.177   859 12101 I chatty  : uid=1001(radio) /system/bin/rild expire 1 line
06-14 14:48:11.462   859 12199 I chatty  : uid=1001(radio) /system/bin/rild expire 1 line
06-14 14:48:11.598   859 12067 I chatty  : uid=1001(radio) /system/bin/rild expire 1 line
06-14 14:48:15.413  2178  2737 I chatty  : uid=1001(radio) Binder:2178_5 expire 2 lines
06-14 14:48:15.438  2178  2294 I chatty  : uid=1001(radio) RILReceiver0 expire 2 lines
06-14 14:48:15.449  2178 29093 I chatty  : uid=1001(radio) Binder:2178_A expire 2 lines
06-14 14:48:15.464  2178 21936 I chatty  : uid=1001(radio) Binder:2178_9 expire 8 lines
06-14 14:48:15.465  2178  2294 I chatty  : uid=1001(radio) RILReceiver0 expire 14 lines
06-14 14:48:15.473  2178 17807 I chatty  : uid=1001(radio) Binder:2178_B expire 6 lines
06-14 14:48:15.497  2178  2782 I chatty  : uid=1001(radio) Binder:2178_6 expire 3 lines
06-14 14:48:15.517  2178  2307 I chatty  : uid=1001(radio) Binder:2178_3 expire 3 lines
06-14 14:48:15.540  2178  2706 I chatty  : uid=1001(radio) Binder:2178_8 expire 9 lines
06-14 14:48:15.557  2178  2737 I chatty  : uid=1001(radio) Binder:2178_5 expire 7 lines
06-14 14:48:15.577  2178  2190 I chatty  : uid=1001(radio) Binder:2178_2 expire 7 lines
06-14 14:48:15.594  2178  2189 I chatty  : uid=1001(radio) Binder:2178_1 expire 7 lines
06-14 14:48:15.668  2178  2308 I chatty  : uid=1001(radio) Binder:2178_4 expire 3 lines
06-14 14:48:15.801  2178 29093 I chatty  : uid=1001(radio) Binder:2178_A expire 6 lines
06-14 14:48:15.906  2178  3108 I chatty  : uid=1001(radio) Binder:2178_7 expire 2 lines
06-14 14:48:27.441  2178  2178 I chatty  : uid=1001(radio) com.android.phone expire 46 lines
06-14 14:48:33.632  2178  2298 I chatty  : uid=1001(radio) RILReceiver1 expire 34 lines
06-14 14:48:33.643   859 12807 I chatty  : uid=1001(radio) /system/bin/rild expire 1 line
06-14 14:48:33.651  1784  1794 D TelephonyRegistry: notifyCellLocationForSubscriber: subId=2 cellLocation=Bundle[mParcelledData.dataSize=96]
06-14 14:48:33.840  2178  2297 I chatty  : uid=1001(radio) RILSender1 expire 2 lines
06-14 14:48:46.543  2178  2294 I chatty  : uid=1001(radio) RILReceiver0 expire 16 lines
06-14 14:50:46.539  2178  2293 I chatty  : uid=1001(radio) RILSender0 expire 2 lines
06-14 14:52:29.621   859 12911 I chatty  : uid=1001(radio) /system/bin/rild expire 1 line
06-14 14:52:29.635   859 12915 I chatty  : uid=1001(radio) /system/bin/rild expire 1 line
06-14 14:52:29.641  1784  2942 D TelephonyRegistry: notifyCellLocationForSubscriber: subId=2 cellLocation=Bundle[mParcelledData.dataSize=96]
06-14 14:52:46.536  2178  2178 I chatty  : uid=1001(radio) com.android.phone expire 11 lines
06-14 14:52:46.544  2178  2294 I chatty  : uid=1001(radio) RILReceiver0 expire 9 lines
06-14 14:53:06.194  2178  2298 I chatty  : uid=1001(radio) RILReceiver1 expire 3 lines
06-14 14:53:39.696  2178  2508 I chatty  : uid=1001(radio) org.codeaurora. expire 10 lines
06-14 14:54:28.775  2178  2178 I chatty  : uid=1001(radio) com.android.phone expire 106 lines
06-14 14:54:28.776  2178  2298 I chatty  : uid=1001(radio) RILReceiver1 expire 74 lines
06-14 14:54:28.788   859 12977 I chatty  : uid=1001(radio) /system/bin/rild expire 1 line
06-14 14:54:28.797  1784  2924 D TelephonyRegistry: notifyCellLocationForSubscriber: subId=2 cellLocation=Bundle[mParcelledData.dataSize=96]
06-14 14:54:28.815   859 12981 I chatty  : uid=1001(radio) /system/bin/rild expire 1 line
06-14 14:54:28.997  2178  2297 I chatty  : uid=1001(radio) RILSender1 expire 4 lines
06-14 14:54:46.553  2178  2294 I chatty  : uid=1001(radio) RILReceiver0 expire 2 lines
06-14 14:54:57.332   859 12991 I chatty  : uid=1001(radio) /system/bin/rild expire 1 line
06-14 14:54:57.628   859 12996 I chatty  : uid=1001(radio) /system/bin/rild expire 1 line
06-14 14:54:58.825   859 13000 I chatty  : uid=1001(radio) /system/bin/rild expire 1 line
06-14 14:54:59.025   859 13008 I chatty  : uid=1001(radio) /system/bin/rild expire 1 line
06-14 14:54:59.036   859 13015 I chatty  : uid=1001(radio) /system/bin/rild expire 1 line
06-14 14:54:59.040  1784  2943 D TelephonyRegistry: notifyCellLocationForSubscriber: subId=2 cellLocation=Bundle[mParcelledData.dataSize=96]
06-14 14:54:59.053  2178  2511 I chatty  : uid=1001(radio) pool-2-thread-1 expire 4 lines
06-14 14:54:59.435  2178  2298 I chatty  : uid=1001(radio) RILReceiver1 expire 6 lines
06-14 14:54:59.436  2178  2178 I chatty  : uid=1001(radio) com.android.phone expire 7 lines
06-14 14:54:59.445   859 13019 I chatty  : uid=1001(radio) /system/bin/rild expire 1 line
06-14 14:54:59.451  2178  2178 I chatty  : uid=1001(radio) com.android.phone expire 70 lines
06-14 14:54:59.638  2178  2297 I chatty  : uid=1001(radio) RILSender1 expire 4 lines
06-14 14:55:00.527  2178  2298 I chatty  : uid=1001(radio) RILReceiver1 expire 18 lines
06-14 14:55:00.535   859 13023 I chatty  : uid=1001(radio) /system/bin/rild expire 1 line
06-14 14:55:00.545  1784 23030 D TelephonyRegistry: notifyCellLocationForSubscriber: subId=2 cellLocation=Bundle[mParcelledData.dataSize=96]
06-14 14:55:27.040  2178  2632 I chatty  : uid=1001(radio) RilMessageDecod expire 1 line
06-14 14:55:27.055  2178  2606 I chatty  : uid=1001(radio) Stk App Service expire 21 lines
06-14 14:55:28.599  2178  2294 I chatty  : uid=1001(radio) RILReceiver0 expire 18 lines
06-14 14:56:08.083  2178  2782 I chatty  : uid=1001(radio) Binder:2178_6 expire 11 lines
06-14 14:56:08.230  2178  2706 I chatty  : uid=1001(radio) Binder:2178_8 expire 9 lines
06-14 14:56:08.379  2178  2737 I chatty  : uid=1001(radio) Binder:2178_5 expire 6 lines
06-14 14:56:08.383  2178  2190 I chatty  : uid=1001(radio) Binder:2178_2 expire 6 lines
06-14 14:56:08.396  2178  2189 I chatty  : uid=1001(radio) Binder:2178_1 expire 7 lines
06-14 14:56:08.524  2178  3108 I chatty  : uid=1001(radio) Binder:2178_7 expire 7 lines
06-14 14:56:08.568  2178 21936 I chatty  : uid=1001(radio) Binder:2178_9 expire 9 lines
06-14 14:56:08.614  2178  2308 I chatty  : uid=1001(radio) Binder:2178_4 expire 5 lines
06-14 14:56:08.620  2178 17807 I chatty  : uid=1001(radio) Binder:2178_B expire 6 lines
06-14 14:56:08.649  2178 29093 I chatty  : uid=1001(radio) Binder:2178_A expire 6 lines
06-14 14:56:08.780  2178  2307 I chatty  : uid=1001(radio) Binder:2178_3 expire 11 lines
06-14 14:59:29.230  2178  2294 I chatty  : uid=1001(radio) RILReceiver0 expire 55 lines
06-14 14:59:29.299  2178  2178 I chatty  : uid=1001(radio) com.android.phone expire 88 lines
06-14 15:02:42.845  2178  3108 I chatty  : uid=1001(radio) Binder:2178_7 expire 6 lines
06-14 15:02:42.917  2178 17807 I chatty  : uid=1001(radio) Binder:2178_B expire 1 line
06-14 15:02:42.928  2178  2782 I chatty  : uid=1001(radio) Binder:2178_6 expire 6 lines
06-14 15:02:45.682  2178 29093 I chatty  : uid=1001(radio) Binder:2178_A expire 4 lines
06-14 15:02:45.697  2178  2308 I chatty  : uid=1001(radio) Binder:2178_4 expire 10 lines
06-14 15:02:49.688  2178  2706 I chatty  : uid=1001(radio) Binder:2178_8 expire 5 lines
06-14 15:02:51.694  2178  2189 I chatty  : uid=1001(radio) Binder:2178_1 expire 1 line
06-14 15:02:51.713  2178 21936 I chatty  : uid=1001(radio) Binder:2178_9 expire 3 lines
06-14 15:03:22.298  2178  2298 I chatty  : uid=1001(radio) RILReceiver1 expire 8 lines
06-14 15:06:46.626  2178  2632 I chatty  : uid=1001(radio) RilMessageDecod expire 1 line
06-14 15:06:46.634  2178  2606 I chatty  : uid=1001(radio) Stk App Service expire 20 lines
06-14 15:06:46.864  2178  2297 I chatty  : uid=1001(radio) RILSender1 expire 1 line
06-14 15:08:26.571  2178  2190 I chatty  : uid=1001(radio) Binder:2178_2 expire 2 lines
06-14 15:09:48.478  2178  2654 I chatty  : uid=1001(radio) RilMessageDecod expire 2 lines
06-14 15:09:48.527  2178  2606 I chatty  : uid=1001(radio) Stk App Service expire 19 lines
06-14 15:09:48.717  2178  2293 I chatty  : uid=1001(radio) RILSender0 expire 1 line
06-14 15:09:57.933  2178  2178 I chatty  : uid=1001(radio) com.android.phone expire 71 lines
06-14 15:09:57.944  2178  2294 I chatty  : uid=1001(radio) RILReceiver0 expire 39 lines
06-14 15:13:31.761  2178  2737 I chatty  : uid=1001(radio) Binder:2178_5 expire 12 lines
06-14 15:13:31.773  2178  2298 I chatty  : uid=1001(radio) RILReceiver1 expire 12 lines
06-14 15:13:47.305  2178  2308 I chatty  : uid=1001(radio) Binder:2178_4 expire 1 line
06-14 15:13:47.336  2178 21936 I chatty  : uid=1001(radio) Binder:2178_9 expire 1 line
06-14 15:13:47.356  2178  2706 I chatty  : uid=1001(radio) Binder:2178_8 expire 1 line
06-14 15:13:54.219  2178  2190 I chatty  : uid=1001(radio) Binder:2178_2 expire 5 lines
06-14 15:13:54.248  2178  2782 I chatty  : uid=1001(radio) Binder:2178_6 expire 5 lines
06-14 15:13:54.267  2178  2189 I chatty  : uid=1001(radio) Binder:2178_1 expire 1 line
06-14 15:15:13.595  2178  2632 I chatty  : uid=1001(radio) RilMessageDecod expire 1 line
06-14 15:15:13.849  2178  2297 I chatty  : uid=1001(radio) RILSender1 expire 2 lines
06-14 15:18:54.641   859 14390 I chatty  : uid=1001(radio) /system/bin/rild expire 1 line
06-14 15:18:54.649  1784  2472 D TelephonyRegistry: notifyCellLocationForSubscriber: subId=2 cellLocation=Bundle[mParcelledData.dataSize=96]
06-14 15:19:07.088  2178  2294 I chatty  : uid=1001(radio) RILReceiver0 expire 19 lines
06-14 15:19:07.098  2178  2298 I chatty  : uid=1001(radio) RILReceiver1 expire 5 lines
06-14 15:19:21.454  2178  2178 I chatty  : uid=1001(radio) com.android.phone expire 110 lines
06-14 15:23:40.437  2178  2632 I chatty  : uid=1001(radio) RilMessageDecod expire 3 lines
06-14 15:23:40.450  2178  2606 I chatty  : uid=1001(radio) Stk App Service expire 41 lines
06-14 15:23:40.638  2178  2297 I chatty  : uid=1001(radio) RILSender1 expire 3 lines
06-14 15:23:41.521  2178  2298 I chatty  : uid=1001(radio) RILReceiver1 expire 14 lines
06-14 15:23:46.580  2178  2294 I chatty  : uid=1001(radio) RILReceiver0 expire 50 lines
06-14 15:28:25.503  2178  2189 I chatty  : uid=1001(radio) Binder:2178_1 expire 4 lines
06-14 15:34:01.383  2178  2308 I chatty  : uid=1001(radio) Binder:2178_4 expire 8 lines
06-14 15:34:01.966  2178 17807 I chatty  : uid=1001(radio) Binder:2178_B expire 4 lines
06-14 15:34:08.050  2178  2190 I chatty  : uid=1001(radio) Binder:2178_2 expire 5 lines
06-14 15:35:55.048  2178  2294 I chatty  : uid=1001(radio) RILReceiver0 expire 32 lines
06-14 15:35:55.110  2178  2178 I chatty  : uid=1001(radio) com.android.phone expire 90 lines
06-14 15:36:53.765  2178  2189 I chatty  : uid=1001(radio) Binder:2178_1 expire 5 lines
06-14 15:36:53.777  2178  2307 I chatty  : uid=1001(radio) Binder:2178_3 expire 4 lines
06-14 15:36:53.969  2178 17807 I chatty  : uid=1001(radio) Binder:2178_B expire 12 lines
06-14 15:36:54.753  2178 21936 I chatty  : uid=1001(radio) Binder:2178_9 expire 4 lines
06-14 15:36:54.764  2178  3108 I chatty  : uid=1001(radio) Binder:2178_7 expire 3 lines
06-14 15:36:57.773  2178  2782 I chatty  : uid=1001(radio) Binder:2178_6 expire 3 lines
06-14 15:36:59.760  2178  2706 I chatty  : uid=1001(radio) Binder:2178_8 expire 7 lines
06-14 15:36:59.767  2178  2737 I chatty  : uid=1001(radio) Binder:2178_5 expire 7 lines
06-14 15:37:23.236  2178  2298 I chatty  : uid=1001(radio) RILReceiver1 expire 11 lines
06-14 15:40:35.471  2178  2632 I chatty  : uid=1001(radio) RilMessageDecod expire 2 lines
06-14 15:40:35.483  2178  2606 I chatty  : uid=1001(radio) Stk App Service expire 32 lines
06-14 15:40:35.673  2178  2297 I chatty  : uid=1001(radio) RILSender1 expire 3 lines
06-14 15:44:29.746  2178  2308 I chatty  : uid=1001(radio) Binder:2178_4 expire 1 line
06-14 15:44:29.766  2178 29093 I chatty  : uid=1001(radio) Binder:2178_A expire 2 lines
06-14 15:45:36.295  2178  2782 I chatty  : uid=1001(radio) Binder:2178_6 expire 3 lines
06-14 15:45:36.301  2178  2737 I chatty  : uid=1001(radio) Binder:2178_5 expire 3 lines
06-14 15:45:37.108  2178  2189 I chatty  : uid=1001(radio) Binder:2178_1 expire 1 line
06-14 15:45:38.092  2178 21936 I chatty  : uid=1001(radio) Binder:2178_9 expire 4 lines
06-14 15:45:38.099  2178  2308 I chatty  : uid=1001(radio) Binder:2178_4 expire 3 lines
06-14 15:45:38.312  2178  2178 I chatty  : uid=1001(radio) com.android.phone expire 74 lines
06-14 15:45:38.315  2178  2706 I chatty  : uid=1001(radio) Binder:2178_8 expire 1 line
06-14 15:45:38.317  2178  2190 I chatty  : uid=1001(radio) Binder:2178_2 expire 2 lines
06-14 15:45:38.587  2178  2294 I chatty  : uid=1001(radio) RILReceiver0 expire 38 lines
06-14 15:45:48.152   786 15985 I chatty  : uid=1001(radio) /system/bin/rild expire 1 line
06-14 15:45:48.159   786 15989 I chatty  : uid=1001(radio) /system/bin/rild expire 1 line
06-14 15:45:48.168  1784  2051 D TelephonyRegistry: notifyCellLocationForSubscriber: subId=1 cellLocation=Bundle[mParcelledData.dataSize=96]
06-14 15:45:48.352  2178  2293 I chatty  : uid=1001(radio) RILSender0 expire 3 lines
06-14 15:45:53.805   859  1093 I chatty  : uid=1001(radio) /system/bin/rild expire 2 lines
06-14 15:45:53.805   786  1092 I chatty  : uid=1001(radio) /system/bin/rild expire 2 lines
06-14 15:45:53.806  2178  2298 I chatty  : uid=1001(radio) RILReceiver1 expire 20 lines
06-14 15:45:53.810   786  1117 I chatty  : uid=1001(radio) /system/bin/rild expire 2 lines
06-14 15:45:53.810   859  1114 I chatty  : uid=1001(radio) /system/bin/rild expire 2 lines
06-14 15:45:53.897   859 16010 I chatty  : uid=1001(radio) /system/bin/rild expire 1 line
06-14 15:45:53.898   786 16014 I chatty  : uid=1001(radio) /system/bin/rild expire 1 line
06-14 15:45:54.145  2178  2297 I chatty  : uid=1001(radio) RILSender1 expire 2 lines
06-14 15:45:54.154   786 16023 I chatty  : uid=1001(radio) /system/bin/rild expire 1 line
06-14 15:45:56.060   859 16092 I chatty  : uid=1001(radio) /system/bin/rild expire 1 line
06-14 15:45:56.062   859 16096 I chatty  : uid=1001(radio) /system/bin/rild expire 1 line
06-14 15:45:56.066  1784  5084 D TelephonyRegistry: notifyCellLocationForSubscriber: subId=2 cellLocation=Bundle[mParcelledData.dataSize=96]
06-14 15:45:56.396  2178  2178 I chatty  : uid=1001(radio) com.android.phone expire 27 lines
06-14 15:45:56.401  2178  2294 I chatty  : uid=1001(radio) RILReceiver0 expire 24 lines
06-14 15:45:56.947  2178  3108 I chatty  : uid=1001(radio) Binder:2178_7 expire 2 lines
06-14 15:45:59.590   786 16107 I chatty  : uid=1001(radio) /system/bin/rild expire 1 line
06-14 15:45:59.596   786 16114 I chatty  : uid=1001(radio) /system/bin/rild expire 1 line
06-14 15:45:59.610  1784  2612 D TelephonyRegistry: notifyCellLocationForSubscriber: subId=1 cellLocation=Bundle[mParcelledData.dataSize=96]
06-14 15:45:59.912  2178  2307 I chatty  : uid=1001(radio) Binder:2178_3 expire 1 line
06-14 15:46:02.913  2178 17807 I chatty  : uid=1001(radio) Binder:2178_B expire 5 lines
06-14 15:46:05.884  2178  2294 I chatty  : uid=1001(radio) RILReceiver0 expire 27 lines
06-14 15:46:05.885  2178  2178 I chatty  : uid=1001(radio) com.android.phone expire 47 lines
06-14 15:46:05.887   786 16584 I chatty  : uid=1001(radio) /system/bin/rild expire 1 line
