06-14 11:44:27.608  2178  2298 I chatty  : uid=1001(radio) RILReceiver1 expire 23 lines
06-14 11:44:59.548  2178  2307 I chatty  : uid=1001(radio) Binder:2178_3 expire 8 lines
06-14 11:45:06.074   859 18633 I chatty  : uid=1001(radio) /system/bin/rild expire 1 line
06-14 11:45:06.080  1784 23575 D TelephonyRegistry: notifyCellLocationForSubscriber: subId=2 cellLocation=Bundle[mParcelledData.dataSize=96]
06-14 11:45:06.085  2178  2178 I chatty  : uid=1001(radio) com.android.phone expire 18 lines
06-14 11:45:06.091   859 18637 I chatty  : uid=1001(radio) /system/bin/rild expire 1 line
06-14 11:45:06.092  2178  2298 I chatty  : uid=1001(radio) RILReceiver1 expire 5 lines
06-14 11:45:21.481  2178 29093 I chatty  : uid=1001(radio) Binder:2178_A expire 2 lines
06-14 11:45:51.958   786  1092 I chatty  : uid=1001(radio) /system/bin/rild expire 1 line
06-14 11:45:51.959   859  1093 I chatty  : uid=1001(radio) /system/bin/rild expire 1 line
06-14 11:45:51.961   786  1117 I chatty  : uid=1001(radio) /system/bin/rild expire 1 line
06-14 11:45:51.961   859  1114 I chatty  : uid=1001(radio) /system/bin/rild expire 1 line
06-14 11:45:57.745  2178  2190 I chatty  : uid=1001(radio) Binder:2178_2 expire 1 line
06-14 11:45:57.766  2178  2189 I chatty  : uid=1001(radio) Binder:2178_1 expire 3 lines
06-14 11:45:57.798  2178  2782 I chatty  : uid=1001(radio) Binder:2178_6 expire 3 lines
06-14 11:45:57.866  2178  2706 I chatty  : uid=1001(radio) Binder:2178_8 expire 2 lines
06-14 11:45:57.882  2178 21936 I chatty  : uid=1001(radio) Binder:2178_9 expire 1 line
06-14 11:45:57.896  2178 17807 I chatty  : uid=1001(radio) Binder:2178_B expire 1 line
06-14 11:45:57.904  2178  2737 I chatty  : uid=1001(radio) Binder:2178_5 expire 2 lines
06-14 11:47:34.943  2178  3108 I chatty  : uid=1001(radio) Binder:2178_7 expire 8 lines
06-14 11:47:34.947  2178  2294 I chatty  : uid=1001(radio) RILReceiver0 expire 34 lines
06-14 11:47:34.952  2178  2298 I chatty  : uid=1001(radio) RILReceiver1 expire 10 lines
06-14 11:48:00.198  2178 21936 I chatty  : uid=1001(radio) Binder:2178_9 expire 2 lines
06-14 11:49:17.299  2178  2706 I chatty  : uid=1001(radio) Binder:2178_8 expire 5 lines
06-14 11:49:29.221  2178  2178 I chatty  : uid=1001(radio) com.android.phone expire 38 lines
06-14 11:49:29.231   786 19107 I chatty  : uid=1001(radio) /system/bin/rild expire 1 line
06-14 11:49:29.419  2178  2293 I chatty  : uid=1001(radio) RILSender0 expire 4 lines
06-14 11:52:36.006  2178  2737 I chatty  : uid=1001(radio) Binder:2178_5 expire 4 lines
06-14 11:54:42.975  2178  2189 I chatty  : uid=1001(radio) Binder:2178_1 expire 1 line
06-14 11:54:51.707  2178  2190 I chatty  : uid=1001(radio) Binder:2178_2 expire 3 lines
06-14 11:55:08.466  2178 29093 I chatty  : uid=1001(radio) Binder:2178_A expire 6 lines
06-14 11:55:34.956  2178  2654 I chatty  : uid=1001(radio) RilMessageDecod expire 2 lines
06-14 11:55:34.995  2178  2606 I chatty  : uid=1001(radio) Stk App Service expire 9 lines
06-14 11:56:37.979   786  1092 I chatty  : uid=1001(radio) /system/bin/rild expire 1 line
06-14 11:56:37.980   786  1117 I chatty  : uid=1001(radio) /system/bin/rild expire 1 line
06-14 11:56:37.983   859  1093 I chatty  : uid=1001(radio) /system/bin/rild expire 1 line
06-14 11:56:37.983   859  1114 I chatty  : uid=1001(radio) /system/bin/rild expire 1 line
06-14 11:56:37.995   786 19629 I chatty  : uid=1001(radio) /system/bin/rild expire 1 line
06-14 11:56:37.998   859 19634 I chatty  : uid=1001(radio) /system/bin/rild expire 1 line
06-14 11:56:38.002  1784  2051 D TelephonyRegistry: notifyCellLocationForSubscriber: subId=1 cellLocation=Bundle[mParcelledData.dataSize=96]
06-14 11:56:38.002  2178  2298 I chatty  : uid=1001(radio) RILReceiver1 expire 1 line
06-14 11:56:38.020  2178  2178 I chatty  : uid=1001(radio) com.android.phone expire 45 lines
06-14 11:56:38.027  2178  2294 I chatty  : uid=1001(radio) RILReceiver0 expire 32 lines
06-14 11:56:38.030   786 19638 I chatty  : uid=1001(radio) /system/bin/rild expire 1 line
06-14 11:56:38.033  2178  2308 I chatty  : uid=1001(radio) Binder:2178_4 expire 3 lines
06-14 11:56:38.189  2178  2297 I chatty  : uid=1001(radio) RILSender1 expire 1 line
06-14 11:56:42.023  2178 17807 I chatty  : uid=1001(radio) Binder:2178_B expire 1 line
06-14 11:57:38.945   786 20286 I chatty  : uid=1001(radio) /system/bin/rild expire 1 line
06-14 11:57:39.649   786 20293 I chatty  : uid=1001(radio) /system/bin/rild expire 1 line
06-14 11:57:39.693   786 20297 I chatty  : uid=1001(radio) /system/bin/rild expire 1 line
06-14 11:57:39.696  2178  2294 I chatty  : uid=1001(radio) RILReceiver0 expire 28 lines
06-14 11:57:39.696  2178  2178 I chatty  : uid=1001(radio) com.android.phone expire 31 lines
06-14 11:57:39.698  1784  1795 D TelephonyRegistry: notifyCellLocationForSubscriber: subId=1 cellLocation=Bundle[mParcelledData.dataSize=96]
06-14 11:57:39.706   786 20303 I chatty  : uid=1001(radio) /system/bin/rild expire 1 line
06-14 11:57:39.910  2178  2293 I chatty  : uid=1001(radio) RILSender0 expire 3 lines
06-14 11:57:50.977   786 20370 I chatty  : uid=1001(radio) /system/bin/rild expire 1 line
06-14 11:57:50.983  1784  2460 D TelephonyRegistry: notifyCellLocationForSubscriber: subId=1 cellLocation=Bundle[mParcelledData.dataSize=96]
06-14 11:57:50.987  2178  2178 I chatty  : uid=1001(radio) com.android.phone expire 46 lines
06-14 11:57:50.992   786 20374 I chatty  : uid=1001(radio) /system/bin/rild expire 1 line
06-14 11:57:50.993  2178  2294 I chatty  : uid=1001(radio) RILReceiver0 expire 28 lines
06-14 11:58:18.864  2178  2189 I chatty  : uid=1001(radio) Binder:2178_1 expire 3 lines
06-14 11:58:18.985  2178  2782 I chatty  : uid=1001(radio) Binder:2178_6 expire 9 lines
06-14 11:58:18.993  2178  2298 I chatty  : uid=1001(radio) RILReceiver1 expire 10 lines
06-14 11:58:19.184  2178  2308 I chatty  : uid=1001(radio) Binder:2178_4 expire 5 lines
06-14 11:58:19.661  2178  2307 I chatty  : uid=1001(radio) Binder:2178_3 expire 8 lines
06-14 11:58:49.273   786  1092 I chatty  : uid=1001(radio) /system/bin/rild expire 2 lines
06-14 11:58:49.277   786  1117 I chatty  : uid=1001(radio) /system/bin/rild expire 2 lines
06-14 11:58:49.279   859  1093 I chatty  : uid=1001(radio) /system/bin/rild expire 2 lines
06-14 11:58:49.280   859  1114 I chatty  : uid=1001(radio) /system/bin/rild expire 2 lines
06-14 11:58:49.868  2178  2737 I chatty  : uid=1001(radio) Binder:2178_5 expire 6 lines
06-14 11:58:49.872  2178 29093 I chatty  : uid=1001(radio) Binder:2178_A expire 6 lines
06-14 11:58:54.236  2178 17807 I chatty  : uid=1001(radio) Binder:2178_B expire 8 lines
06-14 11:58:54.309  2178  3108 I chatty  : uid=1001(radio) Binder:2178_7 expire 3 lines
06-14 11:58:54.321  2178 21936 I chatty  : uid=1001(radio) Binder:2178_9 expire 2 lines
06-14 11:58:54.341  2178  2706 I chatty  : uid=1001(radio) Binder:2178_8 expire 7 lines
06-14 12:00:01.499  2178  2190 I chatty  : uid=1001(radio) Binder:2178_2 expire 4 lines
06-14 12:00:51.317   859 20917 I chatty  : uid=1001(radio) /system/bin/rild expire 1 line
06-14 12:00:51.318   786 20921 I chatty  : uid=1001(radio) /system/bin/rild expire 1 line
06-14 12:00:51.331   786 20928 I chatty  : uid=1001(radio) /system/bin/rild expire 1 line
06-14 12:00:51.334  2178  2294 I chatty  : uid=1001(radio) RILReceiver0 expire 31 lines
06-14 12:00:51.334  2178  2308 I chatty  : uid=1001(radio) Binder:2178_4 expire 10 lines
06-14 12:00:51.334  2178  2178 I chatty  : uid=1001(radio) com.android.phone expire 59 lines
06-14 12:00:51.342  2178  2190 I chatty  : uid=1001(radio) Binder:2178_2 expire 12 lines
06-14 12:00:51.506  2178  2297 I chatty  : uid=1001(radio) RILSender1 expire 2 lines
06-14 12:00:51.526  2178  2293 I chatty  : uid=1001(radio) RILSender0 expire 2 lines
06-14 12:00:51.551  2178  3108 I chatty  : uid=1001(radio) Binder:2178_7 expire 6 lines
06-14 12:00:54.795  2178 29093 I chatty  : uid=1001(radio) Binder:2178_A expire 15 lines
06-14 12:00:54.855  2178  2307 I chatty  : uid=1001(radio) Binder:2178_3 expire 10 lines
06-14 12:00:54.873  2178 21936 I chatty  : uid=1001(radio) Binder:2178_9 expire 10 lines
06-14 12:01:21.550  2178  2189 I chatty  : uid=1001(radio) Binder:2178_1 expire 8 lines
06-14 12:01:52.045   786  1092 I chatty  : uid=1001(radio) /system/bin/rild expire 2 lines
06-14 12:01:52.046   859  1093 I chatty  : uid=1001(radio) /system/bin/rild expire 2 lines
06-14 12:01:52.047   786  1117 I chatty  : uid=1001(radio) /system/bin/rild expire 2 lines
06-14 12:01:52.047  2178  2298 I chatty  : uid=1001(radio) RILReceiver1 expire 15 lines
06-14 12:01:52.048   859  1114 I chatty  : uid=1001(radio) /system/bin/rild expire 2 lines
06-14 12:01:57.932  2178  2706 I chatty  : uid=1001(radio) Binder:2178_8 expire 10 lines
06-14 12:01:57.944  2178 17807 I chatty  : uid=1001(radio) Binder:2178_B expire 9 lines
06-14 12:01:57.954  2178  2737 I chatty  : uid=1001(radio) Binder:2178_5 expire 8 lines
06-14 12:01:57.959  2178  2782 I chatty  : uid=1001(radio) Binder:2178_6 expire 8 lines
06-14 12:09:13.916   786 21608 I chatty  : uid=1001(radio) /system/bin/rild expire 1 line
06-14 12:09:13.919   859 21612 I chatty  : uid=1001(radio) /system/bin/rild expire 1 line
06-14 12:09:13.929   786 21616 I chatty  : uid=1001(radio) /system/bin/rild expire 1 line
06-14 12:09:32.971   859 21958 I chatty  : uid=1001(radio) /system/bin/rild expire 1 line
06-14 12:09:32.971  2178  2178 I chatty  : uid=1001(radio) com.android.phone expire 76 lines
06-14 12:09:32.972  2178  2298 I chatty  : uid=1001(radio) RILReceiver1 expire 37 lines
06-14 12:09:32.976   859 21962 I chatty  : uid=1001(radio) /system/bin/rild expire 1 line
06-14 12:09:32.982   859 21963 I chatty  : uid=1001(radio) /system/bin/rild expire 1 line
06-14 12:09:32.988  1784  2616 D TelephonyRegistry: notifyCellLocationForSubscriber: subId=2 cellLocation=Bundle[mParcelledData.dataSize=96]
06-14 12:09:33.181  2178  2297 I chatty  : uid=1001(radio) RILSender1 expire 2 lines
06-14 12:09:35.824  2178  3108 I chatty  : uid=1001(radio) Binder:2178_7 expire 9 lines
06-14 12:09:35.835  2178  2294 I chatty  : uid=1001(radio) RILReceiver0 expire 47 lines
06-14 12:11:13.353   786  1092 I chatty  : uid=1001(radio) /system/bin/rild expire 2 lines
06-14 12:11:13.354   859  1093 I chatty  : uid=1001(radio) /system/bin/rild expire 2 lines
06-14 12:11:13.359   786  1117 I chatty  : uid=1001(radio) /system/bin/rild expire 2 lines
06-14 12:11:13.359   859  1114 I chatty  : uid=1001(radio) /system/bin/rild expire 2 lines
06-14 12:11:15.410  2178 29093 I chatty  : uid=1001(radio) Binder:2178_A expire 9 lines
06-14 12:11:15.413  2178  2189 I chatty  : uid=1001(radio) Binder:2178_1 expire 6 lines
06-14 12:11:17.972  2178  2307 I chatty  : uid=1001(radio) Binder:2178_3 expire 1 line
06-14 12:11:17.994  2178  2308 I chatty  : uid=1001(radio) Binder:2178_4 expire 4 lines
06-14 12:11:18.047  2178  2737 I chatty  : uid=1001(radio) Binder:2178_5 expire 3 lines
06-14 12:11:18.141  2178  2190 I chatty  : uid=1001(radio) Binder:2178_2 expire 6 lines
06-14 12:11:18.145  2178 17807 I chatty  : uid=1001(radio) Binder:2178_B expire 1 line
06-14 12:11:18.161  2178 21936 I chatty  : uid=1001(radio) Binder:2178_9 expire 4 lines
06-14 12:27:52.122   786 22766 I chatty  : uid=1001(radio) /system/bin/rild expire 1 line
06-14 12:27:52.312  2178  2293 I chatty  : uid=1001(radio) RILSender0 expire 1 line
06-14 12:28:12.598   786 22776 I chatty  : uid=1001(radio) /system/bin/rild expire 1 line
06-14 12:28:12.599   859 22778 I chatty  : uid=1001(radio) /system/bin/rild expire 1 line
06-14 12:28:12.622   786 22784 I chatty  : uid=1001(radio) /system/bin/rild expire 1 line
06-14 12:28:12.635  1784  1877 D TelephonyRegistry: notifyCellLocationForSubscriber: subId=1 cellLocation=Bundle[mParcelledData.dataSize=96]
06-14 12:28:12.753  2178  2178 I chatty  : uid=1001(radio) com.android.phone expire 29 lines
06-14 12:28:12.815  2178  2293 I chatty  : uid=1001(radio) RILSender0 expire 1 line
06-14 12:28:13.086  2178 17807 I chatty  : uid=1001(radio) Binder:2178_B expire 8 lines
06-14 12:28:13.091  2178  2294 I chatty  : uid=1001(radio) RILReceiver0 expire 12 lines
06-14 12:28:13.100  2178  2298 I chatty  : uid=1001(radio) RILReceiver1 expire 29 lines
06-14 12:28:13.150  2178  3108 I chatty  : uid=1001(radio) Binder:2178_7 expire 10 lines
06-14 12:28:13.357  2178  2307 I chatty  : uid=1001(radio) Binder:2178_3 expire 10 lines
06-14 12:28:13.596  2178  2737 I chatty  : uid=1001(radio) Binder:2178_5 expire 5 lines
06-14 12:28:13.606  2178  2706 I chatty  : uid=1001(radio) Binder:2178_8 expire 6 lines
06-14 12:28:16.921  2178  2782 I chatty  : uid=1001(radio) Binder:2178_6 expire 4 lines
06-14 12:28:17.442  2178 29093 I chatty  : uid=1001(radio) Binder:2178_A expire 5 lines
06-14 12:28:17.472  2178  2308 I chatty  : uid=1001(radio) Binder:2178_4 expire 9 lines
06-14 12:28:17.555  2178  2190 I chatty  : uid=1001(radio) Binder:2178_2 expire 4 lines
06-14 12:28:17.614  2178  2189 I chatty  : uid=1001(radio) Binder:2178_1 expire 6 lines
06-14 12:28:33.050   859 22998 I chatty  : uid=1001(radio) /system/bin/rild expire 1 line
06-14 12:28:33.057   859 23002 I chatty  : uid=1001(radio) /system/bin/rild expire 1 line
06-14 12:28:33.061   859 23008 I chatty  : uid=1001(radio) /system/bin/rild expire 1 line
06-14 12:28:33.068  1784  2612 D TelephonyRegistry: notifyCellLocationForSubscriber: subId=2 cellLocation=Bundle[mParcelledData.dataSize=96]
06-14 12:28:33.095  2178  3108 I chatty  : uid=1001(radio) Binder:2178_7 expire 2 lines
06-14 12:28:33.258  2178  2297 I chatty  : uid=1001(radio) RILSender1 expire 2 lines
06-14 12:28:33.840  2178 21936 I chatty  : uid=1001(radio) Binder:2178_9 expire 5 lines
06-14 12:28:33.847  2178  2298 I chatty  : uid=1001(radio) RILReceiver1 expire 23 lines
06-14 12:28:49.002  2178  2178 I chatty  : uid=1001(radio) com.android.phone expire 35 lines
06-14 12:28:54.232   859 23069 I chatty  : uid=1001(radio) /system/bin/rild expire 1 line
06-14 12:28:54.238   859 23073 I chatty  : uid=1001(radio) /system/bin/rild expire 1 line
06-14 12:28:54.242   859 23077 I chatty  : uid=1001(radio) /system/bin/rild expire 1 line
06-14 12:28:54.246  1784 23026 D TelephonyRegistry: notifyCellLocationForSubscriber: subId=2 cellLocation=Bundle[mParcelledData.dataSize=96]
06-14 12:29:03.506   786  1092 I chatty  : uid=1001(radio) /system/bin/rild expire 2 lines
06-14 12:29:03.507   859  1093 I chatty  : uid=1001(radio) /system/bin/rild expire 2 lines
06-14 12:29:03.508  2178  2298 I chatty  : uid=1001(radio) RILReceiver1 expire 4 lines
06-14 12:29:03.509   859  1114 I chatty  : uid=1001(radio) /system/bin/rild expire 2 lines
06-14 12:29:03.509   786  1117 I chatty  : uid=1001(radio) /system/bin/rild expire 4 lines
06-14 12:29:48.443  2178  2178 I chatty  : uid=1001(radio) com.android.phone expire 72 lines
06-14 12:29:48.448  2178  2294 I chatty  : uid=1001(radio) RILReceiver0 expire 42 lines
06-14 12:29:48.453   786 23114 I chatty  : uid=1001(radio) /system/bin/rild expire 1 line
06-14 12:29:48.459   859 23118 I chatty  : uid=1001(radio) /system/bin/rild expire 1 line
06-14 12:29:48.460  2178  2298 I chatty  : uid=1001(radio) RILReceiver1 expire 12 lines
06-14 12:29:48.469   786 23122 I chatty  : uid=1001(radio) /system/bin/rild expire 1 line
06-14 12:29:48.499  2178  2737 I chatty  : uid=1001(radio) Binder:2178_5 expire 12 lines
06-14 12:29:48.514  2178 29093 I chatty  : uid=1001(radio) Binder:2178_A expire 7 lines
06-14 12:29:48.537  2178  2782 I chatty  : uid=1001(radio) Binder:2178_6 expire 4 lines
06-14 12:29:48.540  2178  3108 I chatty  : uid=1001(radio) Binder:2178_7 expire 6 lines
06-14 12:29:48.541  2178  2190 I chatty  : uid=1001(radio) Binder:2178_2 expire 4 lines
06-14 12:29:48.738  2178  2297 I chatty  : uid=1001(radio) RILSender1 expire 2 lines
06-14 12:29:48.739  2178  2293 I chatty  : uid=1001(radio) RILSender0 expire 6 lines
06-14 12:29:49.406  2178  2189 I chatty  : uid=1001(radio) Binder:2178_1 expire 7 lines
06-14 12:29:49.466  2178 21936 I chatty  : uid=1001(radio) Binder:2178_9 expire 4 lines
06-14 12:29:49.474  2178 17807 I chatty  : uid=1001(radio) Binder:2178_B expire 6 lines
06-14 12:29:53.319  2178  2307 I chatty  : uid=1001(radio) Binder:2178_3 expire 8 lines
06-14 12:29:53.805  2178  2308 I chatty  : uid=1001(radio) Binder:2178_4 expire 2 lines
06-14 12:29:53.831  2178  2706 I chatty  : uid=1001(radio) Binder:2178_8 expire 3 lines
06-14 12:30:07.074   786  1092 I chatty  : uid=1001(radio) /system/bin/rild expire 2 lines
06-14 12:30:07.077   859  1093 I chatty  : uid=1001(radio) /system/bin/rild expire 2 lines
06-14 12:30:07.079   859  1114 I chatty  : uid=1001(radio) /system/bin/rild expire 5 lines
06-14 12:33:54.430  2178  2294 I chatty  : uid=1001(radio) RILReceiver0 expire 39 lines
06-14 12:33:54.430  2178  2178 I chatty  : uid=1001(radio) com.android.phone expire 72 lines
06-14 12:33:54.433  2178  2298 I chatty  : uid=1001(radio) RILReceiver1 expire 15 lines
06-14 12:33:54.442   786 23671 I chatty  : uid=1001(radio) /system/bin/rild expire 1 line
06-14 12:33:54.445   859 23675 I chatty  : uid=1001(radio) /system/bin/rild expire 1 line
06-14 12:33:54.446   786 23679 I chatty  : uid=1001(radio) /system/bin/rild expire 1 line
06-14 12:33:54.498  1784  2616 D TelephonyRegistry: notifyCellLocationForSubscriber: subId=2 cellLocation=Bundle[mParcelledData.dataSize=96]
06-14 12:33:54.507  1784 23026 D TelephonyRegistry: notifyCellLocationForSubscriber: subId=1 cellLocation=Bundle[mParcelledData.dataSize=96]
06-14 12:33:54.557  2178  2190 I chatty  : uid=1001(radio) Binder:2178_2 expire 2 lines
06-14 12:33:54.562  2178  2308 I chatty  : uid=1001(radio) Binder:2178_4 expire 3 lines
06-14 12:33:54.568  2178  2782 I chatty  : uid=1001(radio) Binder:2178_6 expire 1 line
06-14 12:33:54.574  2178  2706 I chatty  : uid=1001(radio) Binder:2178_8 expire 2 lines
06-14 12:33:54.615  2178  3108 I chatty  : uid=1001(radio) Binder:2178_7 expire 3 lines
06-14 12:33:54.634  2178  2297 I chatty  : uid=1001(radio) RILSender1 expire 3 lines
06-14 12:33:54.639  2178  2293 I chatty  : uid=1001(radio) RILSender0 expire 5 lines
06-14 12:33:54.976  2178 29093 I chatty  : uid=1001(radio) Binder:2178_A expire 3 lines
06-14 12:33:56.418   786  1092 I chatty  : uid=1001(radio) /system/bin/rild expire 4 lines
06-14 12:33:56.419   859  1093 I chatty  : uid=1001(radio) /system/bin/rild expire 3 lines
06-14 12:33:56.421   786  1117 I chatty  : uid=1001(radio) /system/bin/rild expire 3 lines
06-14 12:34:07.070  2178  2189 I chatty  : uid=1001(radio) Binder:2178_1 expire 4 lines
06-14 12:34:07.569   786 23897 I chatty  : uid=1001(radio) /system/bin/rild expire 1 line
06-14 12:34:07.569   859 23901 I chatty  : uid=1001(radio) /system/bin/rild expire 1 line
06-14 12:34:07.583   786 23905 I chatty  : uid=1001(radio) /system/bin/rild expire 1 line
06-14 12:34:07.589  1784  9498 D TelephonyRegistry: notifyCellLocationForSubscriber: subId=1 cellLocation=Bundle[mParcelledData.dataSize=96]
06-14 12:34:07.809  2178  2178 I chatty  : uid=1001(radio) com.android.phone expire 22 lines
06-14 12:34:07.810  2178 21936 I chatty  : uid=1001(radio) Binder:2178_9 expire 1 line
06-14 12:34:08.995  2178  2294 I chatty  : uid=1001(radio) RILReceiver0 expire 7 lines
06-14 12:34:08.996  2178  2298 I chatty  : uid=1001(radio) RILReceiver1 expire 20 lines
06-14 12:34:17.123  2178  2178 I chatty  : uid=1001(radio) com.android.phone expire 95 lines
06-14 12:34:17.123  2178  2294 I chatty  : uid=1001(radio) RILReceiver0 expire 62 lines
06-14 12:34:17.125   786  1117 I chatty  : uid=1001(radio) /system/bin/rild expire 3 lines
06-14 12:34:17.125   859  1093 I chatty  : uid=1001(radio) /system/bin/rild expire 3 lines
06-14 12:34:17.126   859  1114 I chatty  : uid=1001(radio) /system/bin/rild expire 3 lines
06-14 12:34:17.140   859 24033 I chatty  : uid=1001(radio) /system/bin/rild expire 1 line
06-14 12:34:17.141   786 24037 I chatty  : uid=1001(radio) /system/bin/rild expire 1 line
06-14 12:34:17.146  1784  2924 D TelephonyRegistry: notifyCellLocationForSubscriber: subId=2 cellLocation=Bundle[mParcelledData.dataSize=96]
06-14 12:34:17.162   786 24041 I chatty  : uid=1001(radio) /system/bin/rild expire 1 line
06-14 12:34:17.164   786 24045 I chatty  : uid=1001(radio) /system/bin/rild expire 1 line
06-14 12:34:17.171  1784  2191 D TelephonyRegistry: notifyCellLocationForSubscriber: subId=1 cellLocation=Bundle[mParcelledData.dataSize=96]
06-14 12:34:17.184   786 24049 I chatty  : uid=1001(radio) /system/bin/rild expire 1 line
06-14 12:34:17.193   786 24053 I chatty  : uid=1001(radio) /system/bin/rild expire 1 line
06-14 12:34:17.196  1784  2591 D TelephonyRegistry: notifyCellLocationForSubscriber: subId=1 cellLocation=Bundle[mParcelledData.dataSize=96]
06-14 12:34:17.332  2178  2297 I chatty  : uid=1001(radio) RILSender1 expire 2 lines
06-14 12:34:17.364  2178 17807 I chatty  : uid=1001(radio) Binder:2178_B expire 2 lines
06-14 12:34:17.366  2178  2190 I chatty  : uid=1001(radio) Binder:2178_2 expire 1 line
06-14 12:34:17.375  2178  2737 I chatty  : uid=1001(radio) Binder:2178_5 expire 1 line
06-14 12:34:17.382  2178  2307 I chatty  : uid=1001(radio) Binder:2178_3 expire 2 lines
06-14 12:34:17.394  2178  2293 I chatty  : uid=1001(radio) RILSender0 expire 2 lines
06-14 12:34:18.900   786  1092 I chatty  : uid=1001(radio) /system/bin/rild expire 2 lines
06-14 12:34:19.148   859 24068 I chatty  : uid=1001(radio) /system/bin/rild expire 1 line
06-14 12:34:19.148   786 24064 I chatty  : uid=1001(radio) /system/bin/rild expire 1 line
06-14 12:34:19.158   786 24072 I chatty  : uid=1001(radio) /system/bin/rild expire 1 line
06-14 12:34:19.201  2178 21936 I chatty  : uid=1001(radio) Binder:2178_9 expire 2 lines
06-14 12:34:19.480  2178  2189 I chatty  : uid=1001(radio) Binder:2178_1 expire 1 line
06-14 12:34:19.496  2178  2706 I chatty  : uid=1001(radio) Binder:2178_8 expire 1 line
06-14 12:34:19.631   786 24083 I chatty  : uid=1001(radio) /system/bin/rild expire 1 line
06-14 12:34:19.633  2178  2178 I chatty  : uid=1001(radio) com.android.phone expire 107 lines
06-14 12:34:19.634  2178  2294 I chatty  : uid=1001(radio) RILReceiver0 expire 15 lines
06-14 12:34:19.635   786 24087 I chatty  : uid=1001(radio) /system/bin/rild expire 1 line
06-14 12:34:19.647   786 24092 I chatty  : uid=1001(radio) /system/bin/rild expire 1 line
06-14 12:34:19.652  1784  2460 D TelephonyRegistry: notifyCellLocationForSubscriber: subId=1 cellLocation=Bundle[mParcelledData.dataSize=96]
06-14 12:34:19.807  2178  2293 I chatty  : uid=1001(radio) RILSender0 expire 1 line
06-14 12:34:20.483  2178  2190 I chatty  : uid=1001(radio) Binder:2178_2 expire 7 lines
06-14 12:34:20.485  2178 17807 I chatty  : uid=1001(radio) Binder:2178_B expire 4 lines
06-14 12:34:22.488  2178  2706 I chatty  : uid=1001(radio) Binder:2178_8 expire 3 lines
06-14 12:34:22.492  2178  2308 I chatty  : uid=1001(radio) Binder:2178_4 expire 5 lines
06-14 12:34:23.489  2178 29093 I chatty  : uid=1001(radio) Binder:2178_A expire 6 lines
06-14 12:34:23.493  2178  3108 I chatty  : uid=1001(radio) Binder:2178_7 expire 4 lines
06-14 12:34:24.503  2178  2737 I chatty  : uid=1001(radio) Binder:2178_5 expire 5 lines
06-14 12:34:25.148  2178  2298 I chatty  : uid=1001(radio) RILReceiver1 expire 28 lines
06-14 12:34:25.151   859 24121 I chatty  : uid=1001(radio) /system/bin/rild expire 1 line
06-14 12:34:25.163   859 24127 I chatty  : uid=1001(radio) /system/bin/rild expire 1 line
06-14 12:34:25.164   859 24131 I chatty  : uid=1001(radio) /system/bin/rild expire 1 line
06-14 12:34:25.175  1784  2191 D TelephonyRegistry: notifyCellLocationForSubscriber: subId=2 cellLocation=Bundle[mParcelledData.dataSize=96]
06-14 12:34:25.363  2178  2297 I chatty  : uid=1001(radio) RILSender1 expire 1 line
06-14 12:34:25.540  2178  2782 I chatty  : uid=1001(radio) Binder:2178_6 expire 4 lines
06-14 12:34:36.198  2178 21936 I chatty  : uid=1001(radio) Binder:2178_9 expire 4 lines
06-14 12:34:38.018  2178  2189 I chatty  : uid=1001(radio) Binder:2178_1 expire 3 lines
06-14 12:34:38.196  2178  2178 I chatty  : uid=1001(radio) com.android.phone expire 69 lines
06-14 12:34:38.204  2178 17807 I chatty  : uid=1001(radio) Binder:2178_B expire 10 lines
06-14 12:34:38.213  2178  2307 I chatty  : uid=1001(radio) Binder:2178_3 expire 6 lines
06-14 12:34:39.183  2178  2308 I chatty  : uid=1001(radio) Binder:2178_4 expire 8 lines
06-14 12:34:39.479  2178  2706 I chatty  : uid=1001(radio) Binder:2178_8 expire 4 lines
06-14 12:34:39.511  2178  2737 I chatty  : uid=1001(radio) Binder:2178_5 expire 7 lines
06-14 12:34:39.535  2178 29093 I chatty  : uid=1001(radio) Binder:2178_A expire 3 lines
06-14 12:34:39.548  2178  3108 I chatty  : uid=1001(radio) Binder:2178_7 expire 2 lines
06-14 12:34:39.643  2178  2190 I chatty  : uid=1001(radio) Binder:2178_2 expire 4 lines
06-14 12:34:39.658  2178 21936 I chatty  : uid=1001(radio) Binder:2178_9 expire 5 lines
06-14 12:34:41.766  2178  2294 I chatty  : uid=1001(radio) RILReceiver0 expire 27 lines
06-14 12:34:45.114  2178  2298 I chatty  : uid=1001(radio) RILReceiver1 expire 1 line
06-14 12:34:54.925  2178  2782 I chatty  : uid=1001(radio) Binder:2178_6 expire 3 lines
06-14 12:34:56.861   786 24326 I chatty  : uid=1001(radio) /system/bin/rild expire 1 line
06-14 12:34:56.876   786 24330 I chatty  : uid=1001(radio) /system/bin/rild expire 1 line
06-14 12:34:56.888   786 24334 I chatty  : uid=1001(radio) /system/bin/rild expire 1 line
06-14 12:34:56.896  1784  2612 D TelephonyRegistry: notifyCellLocationForSubscriber: subId=1 cellLocation=Bundle[mParcelledData.dataSize=96]
06-14 12:34:57.086  2178  2293 I chatty  : uid=1001(radio) RILSender0 expire 2 lines
06-14 12:35:00.577  2178  2294 I chatty  : uid=1001(radio) RILReceiver0 expire 22 lines
06-14 12:35:00.577  2178  2178 I chatty  : uid=1001(radio) com.android.phone expire 18 lines
06-14 12:35:00.578   786 24358 I chatty  : uid=1001(radio) /system/bin/rild expire 1 line
06-14 12:35:00.582  1784  9305 D TelephonyRegistry: notifyCellLocationForSubscriber: subId=1 cellLocation=Bundle[mParcelledData.dataSize=96]
06-14 12:35:00.589   786 24362 I chatty  : uid=1001(radio) /system/bin/rild expire 1 line
06-14 12:35:05.656  2178  2178 I chatty  : uid=1001(radio) com.android.phone expire 27 lines
06-14 12:35:05.659   786 24386 I chatty  : uid=1001(radio) /system/bin/rild expire 1 line
06-14 12:35:05.660  2178  2294 I chatty  : uid=1001(radio) RILReceiver0 expire 21 lines
06-14 12:35:05.669  1784  2943 D TelephonyRegistry: notifyCellLocationForSubscriber: subId=1 cellLocation=Bundle[mParcelledData.dataSize=96]
06-14 12:35:05.857  2178  2293 I chatty  : uid=1001(radio) RILSender0 expire 6 lines
06-14 12:35:21.294  2178  3108 I chatty  : uid=1001(radio) Binder:2178_7 expire 6 lines
06-14 12:35:21.315  2178  2298 I chatty  : uid=1001(radio) RILReceiver1 expire 5 lines
06-14 12:35:21.422  2178  2307 I chatty  : uid=1001(radio) Binder:2178_3 expire 2 lines
06-14 12:35:21.426  2178  2782 I chatty  : uid=1001(radio) Binder:2178_6 expire 3 lines
06-14 12:35:21.513  2178  2189 I chatty  : uid=1001(radio) Binder:2178_1 expire 1 line
06-14 12:35:21.633  2178 29093 I chatty  : uid=1001(radio) Binder:2178_A expire 1 line
06-14 12:35:23.728   786 24432 I chatty  : uid=1001(radio) /system/bin/rild expire 1 line
06-14 12:35:23.735   786 24436 I chatty  : uid=1001(radio) /system/bin/rild expire 1 line
06-14 12:35:23.746  1784 23030 D TelephonyRegistry: notifyCellLocationForSubscriber: subId=1 cellLocation=Bundle[mParcelledData.dataSize=96]
06-14 12:35:25.782  2178  2706 I chatty  : uid=1001(radio) Binder:2178_8 expire 1 line
06-14 12:35:28.777  2178  2178 I chatty  : uid=1001(radio) com.android.phone expire 69 lines
06-14 12:35:46.097  2178 21936 I chatty  : uid=1001(radio) Binder:2178_9 expire 1 line
06-14 12:35:46.269  2178  2308 I chatty  : uid=1001(radio) Binder:2178_4 expire 2 lines
06-14 12:35:46.270  2178  2190 I chatty  : uid=1001(radio) Binder:2178_2 expire 2 lines
06-14 12:35:46.593  2178  2294 I chatty  : uid=1001(radio) RILReceiver0 expire 16 lines
06-14 12:35:47.565   786 24572 I chatty  : uid=1001(radio) /system/bin/rild expire 1 line
06-14 12:35:47.573  1784  2460 D TelephonyRegistry: notifyCellLocationForSubscriber: subId=1 cellLocation=Bundle[mParcelledData.dataSize=96]
06-14 12:35:47.577  2178  2178 I chatty  : uid=1001(radio) com.android.phone expire 35 lines
06-14 12:35:52.508   786 24606 I chatty  : uid=1001(radio) /system/bin/rild expire 1 line
06-14 12:35:52.519  1784  2192 D TelephonyRegistry: notifyCellLocationForSubscriber: subId=1 cellLocation=Bundle[mParcelledData.dataSize=96]
06-14 12:35:53.933   859 24618 I chatty  : uid=1001(radio) /system/bin/rild expire 1 line
06-14 12:35:53.934  2178  2298 I chatty  : uid=1001(radio) RILReceiver1 expire 31 lines
06-14 12:35:53.934  2178  2178 I chatty  : uid=1001(radio) com.android.phone expire 65 lines
06-14 12:35:53.935   859 24622 I chatty  : uid=1001(radio) /system/bin/rild expire 1 line
06-14 12:35:53.939   859 24626 I chatty  : uid=1001(radio) /system/bin/rild expire 1 line
06-14 12:35:53.944   859 24630 I chatty  : uid=1001(radio) /system/bin/rild expire 1 line
06-14 12:35:53.947  1784 23030 D TelephonyRegistry: notifyCellLocationForSubscriber: subId=2 cellLocation=Bundle[mParcelledData.dataSize=96]
06-14 12:35:54.139  2178  2297 I chatty  : uid=1001(radio) RILSender1 expire 1 line
06-14 12:35:55.807  2178  2294 I chatty  : uid=1001(radio) RILReceiver0 expire 39 lines
06-14 12:35:56.960  2178  2308 I chatty  : uid=1001(radio) Binder:2178_4 expire 6 lines
06-14 12:35:57.763   786 24642 I chatty  : uid=1001(radio) /system/bin/rild expire 1 line
06-14 12:35:57.771   786 24646 I chatty  : uid=1001(radio) /system/bin/rild expire 1 line
06-14 12:35:57.774  1784  1877 D TelephonyRegistry: notifyCellLocationForSubscriber: subId=1 cellLocation=Bundle[mParcelledData.dataSize=96]
06-14 12:35:57.958  2178  2293 I chatty  : uid=1001(radio) RILSender0 expire 3 lines
06-14 12:36:02.677   786 24660 I chatty  : uid=1001(radio) /system/bin/rild expire 1 line
06-14 12:36:02.687  1784  2943 D TelephonyRegistry: notifyCellLocationForSubscriber: subId=1 cellLocation=Bundle[mParcelledData.dataSize=96]
06-14 12:36:30.012   786  1092 I chatty  : uid=1001(radio) /system/bin/rild expire 1 line
06-14 12:36:30.014   859  1093 I chatty  : uid=1001(radio) /system/bin/rild expire 1 line
06-14 12:36:30.016   859  1114 I chatty  : uid=1001(radio) /system/bin/rild expire 1 line
06-14 12:36:30.016   786  1117 I chatty  : uid=1001(radio) /system/bin/rild expire 1 line
06-14 12:36:34.662  2178  2189 I chatty  : uid=1001(radio) Binder:2178_1 expire 9 lines
06-14 12:36:34.868  2178 21936 I chatty  : uid=1001(radio) Binder:2178_9 expire 9 lines
06-14 12:36:34.881  2178  2307 I chatty  : uid=1001(radio) Binder:2178_3 expire 3 lines
06-14 12:36:34.937  2178 17807 I chatty  : uid=1001(radio) Binder:2178_B expire 2 lines
06-14 12:36:34.946  2178  3108 I chatty  : uid=1001(radio) Binder:2178_7 expire 4 lines
06-14 12:36:34.964  2178  2737 I chatty  : uid=1001(radio) Binder:2178_5 expire 9 lines
06-14 12:36:34.982  2178 29093 I chatty  : uid=1001(radio) Binder:2178_A expire 1 line
06-14 12:36:34.992  2178  2782 I chatty  : uid=1001(radio) Binder:2178_6 expire 2 lines
06-14 12:36:34.998  2178  2706 I chatty  : uid=1001(radio) Binder:2178_8 expire 5 lines
06-14 12:36:35.052  2178  2190 I chatty  : uid=1001(radio) Binder:2178_2 expire 1 line
06-14 12:40:54.575  2178  2706 I chatty  : uid=1001(radio) Binder:2178_8 expire 13 lines
06-14 12:40:54.584  2178  2294 I chatty  : uid=1001(radio) RILReceiver0 expire 22 lines
06-14 12:40:54.589  2178  2298 I chatty  : uid=1001(radio) RILReceiver1 expire 11 lines
06-14 12:40:55.407  2178  2178 I chatty  : uid=1001(radio) com.android.phone expire 31 lines
06-14 12:41:56.144  2178  2308 I chatty  : uid=1001(radio) Binder:2178_4 expire 7 lines
06-14 12:43:02.066  2178 21936 I chatty  : uid=1001(radio) Binder:2178_9 expire 9 lines
06-14 12:44:03.117  2178  2189 I chatty  : uid=1001(radio) Binder:2178_1 expire 10 lines
06-14 12:44:42.116  2178  2654 I chatty  : uid=1001(radio) RilMessageDecod expire 2 lines
06-14 12:44:42.155  2178  2606 I chatty  : uid=1001(radio) Stk App Service expire 9 lines
06-14 12:44:42.350  2178  2293 I chatty  : uid=1001(radio) RILSender0 expire 2 lines
06-14 12:45:03.477   786  1092 I chatty  : uid=1001(radio) /system/bin/rild expire 2 lines
06-14 12:45:03.481   786  1117 I chatty  : uid=1001(radio) /system/bin/rild expire 2 lines
06-14 12:45:03.481   859  1093 I chatty  : uid=1001(radio) /system/bin/rild expire 2 lines
06-14 12:45:03.482   859  1114 I chatty  : uid=1001(radio) /system/bin/rild expire 2 lines
06-14 12:45:03.497   786 25114 I chatty  : uid=1001(radio) /system/bin/rild expire 1 line
06-14 12:45:03.497   859 25118 I chatty  : uid=1001(radio) /system/bin/rild expire 1 line
06-14 12:45:03.505  1784  2591 D TelephonyRegistry: notifyCellLocationForSubscriber: subId=1 cellLocation=Bundle[mParcelledData.dataSize=96]
06-14 12:45:03.522  2178  2178 I chatty  : uid=1001(radio) com.android.phone expire 26 lines
06-14 12:45:03.528   786 25123 I chatty  : uid=1001(radio) /system/bin/rild expire 1 line
06-14 12:45:03.529  2178  2294 I chatty  : uid=1001(radio) RILReceiver0 expire 18 lines
06-14 12:45:03.537  2178  2782 I chatty  : uid=1001(radio) Binder:2178_6 expire 5 lines
06-14 12:45:03.568  2178 29093 I chatty  : uid=1001(radio) Binder:2178_A expire 9 lines
06-14 12:45:03.572  2178  2307 I chatty  : uid=1001(radio) Binder:2178_3 expire 2 lines
06-14 12:45:03.692  2178  2297 I chatty  : uid=1001(radio) RILSender1 expire 1 line
06-14 12:45:04.043  2178  3108 I chatty  : uid=1001(radio) Binder:2178_7 expire 5 lines
06-14 12:45:04.125  2178  2298 I chatty  : uid=1001(radio) RILReceiver1 expire 9 lines
06-14 12:45:04.520  2178 17807 I chatty  : uid=1001(radio) Binder:2178_B expire 1 line
06-14 12:45:05.837  2178  2737 I chatty  : uid=1001(radio) Binder:2178_5 expire 12 lines
06-14 12:52:53.772  2178  2294 I chatty  : uid=1001(radio) RILReceiver0 expire 53 lines
06-14 12:52:53.933  2178  2178 I chatty  : uid=1001(radio) com.android.phone expire 52 lines
06-14 12:52:53.973  2178  2293 I chatty  : uid=1001(radio) RILSender0 expire 11 lines
06-14 12:53:27.167  2178 21936 I chatty  : uid=1001(radio) Binder:2178_9 expire 14 lines
06-14 12:53:27.190  2178  2298 I chatty  : uid=1001(radio) RILReceiver1 expire 13 lines
06-14 12:53:27.864  2178  2782 I chatty  : uid=1001(radio) Binder:2178_6 expire 14 lines
06-14 12:53:27.869  2178  2189 I chatty  : uid=1001(radio) Binder:2178_1 expire 15 lines
06-14 12:53:28.466  2178  2190 I chatty  : uid=1001(radio) Binder:2178_2 expire 5 lines
06-14 12:53:28.497  2178  3108 I chatty  : uid=1001(radio) Binder:2178_7 expire 3 lines
06-14 12:53:28.818  2178 29093 I chatty  : uid=1001(radio) Binder:2178_A expire 1 line
06-14 12:53:28.919  2178  2706 I chatty  : uid=1001(radio) Binder:2178_8 expire 3 lines
06-14 12:53:28.948  2178  2308 I chatty  : uid=1001(radio) Binder:2178_4 expire 3 lines
06-14 12:53:29.071  2178 17807 I chatty  : uid=1001(radio) Binder:2178_B expire 5 lines
06-14 13:03:38.910  2178  2508 I chatty  : uid=1001(radio) org.codeaurora. expire 10 lines
06-14 13:15:38.141   786  1092 I chatty  : uid=1001(radio) /system/bin/rild expire 1 line
06-14 13:15:38.144   859  1093 I chatty  : uid=1001(radio) /system/bin/rild expire 1 line
06-14 13:15:38.145   786  1117 I chatty  : uid=1001(radio) /system/bin/rild expire 1 line
06-14 13:15:38.146   859  1114 I chatty  : uid=1001(radio) /system/bin/rild expire 1 line
06-14 13:15:38.177  2178  2178 I chatty  : uid=1001(radio) com.android.phone expire 55 lines
06-14 13:15:38.183  2178  2294 I chatty  : uid=1001(radio) RILReceiver0 expire 30 lines
06-14 13:15:38.184   859 26197 I chatty  : uid=1001(radio) /system/bin/rild expire 1 line
06-14 13:15:38.184  2178  2298 I chatty  : uid=1001(radio) RILReceiver1 expire 31 lines
06-14 13:15:38.203   786 26201 I chatty  : uid=1001(radio) /system/bin/rild expire 1 line
06-14 13:15:38.216  1784  2614 D TelephonyRegistry: notifyCellLocationForSubscriber: subId=1 cellLocation=Bundle[mParcelledData.dataSize=96]
06-14 13:15:38.358  2178  2297 I chatty  : uid=1001(radio) RILSender1 expire 2 lines
06-14 13:15:38.386  2178  2293 I chatty  : uid=1001(radio) RILSender0 expire 1 line
06-14 13:15:38.393  2178 21936 I chatty  : uid=1001(radio) Binder:2178_9 expire 14 lines
06-14 13:15:38.423  2178  2706 I chatty  : uid=1001(radio) Binder:2178_8 expire 7 lines
06-14 13:15:38.453  2178 29093 I chatty  : uid=1001(radio) Binder:2178_A expire 9 lines
06-14 13:15:38.454  2178  2737 I chatty  : uid=1001(radio) Binder:2178_5 expire 6 lines
06-14 13:15:39.242  2178  2308 I chatty  : uid=1001(radio) Binder:2178_4 expire 11 lines
06-14 13:15:39.271  2178  3108 I chatty  : uid=1001(radio) Binder:2178_7 expire 11 lines
06-14 13:15:40.025  2178  2190 I chatty  : uid=1001(radio) Binder:2178_2 expire 8 lines
06-14 13:15:43.490  2178  2189 I chatty  : uid=1001(radio) Binder:2178_1 expire 6 lines
06-14 13:15:43.687  2178  2307 I chatty  : uid=1001(radio) Binder:2178_3 expire 6 lines
06-14 13:15:44.346  2178  2782 I chatty  : uid=1001(radio) Binder:2178_6 expire 10 lines
06-14 13:15:44.464  2178 17807 I chatty  : uid=1001(radio) Binder:2178_B expire 6 lines
06-14 13:16:17.922   859 27111 I chatty  : uid=1001(radio) /system/bin/rild expire 1 line
06-14 13:16:17.928   859 27115 I chatty  : uid=1001(radio) /system/bin/rild expire 1 line
06-14 13:16:17.933   859 27118 I chatty  : uid=1001(radio) /system/bin/rild expire 1 line
06-14 13:16:17.941   859 27122 I chatty  : uid=1001(radio) /system/bin/rild expire 1 line
06-14 13:16:17.949  1784 23026 D TelephonyRegistry: notifyCellLocationForSubscriber: subId=2 cellLocation=Bundle[mParcelledData.dataSize=96]
06-14 13:16:27.793  2178  2178 I chatty  : uid=1001(radio) com.android.phone expire 3 lines
06-14 13:16:34.302   786  1092 I chatty  : uid=1001(radio) /system/bin/rild expire 1 line
06-14 13:16:34.302  2178  2294 I chatty  : uid=1001(radio) RILReceiver0 expire 1 line
06-14 13:16:34.304   859  1093 I chatty  : uid=1001(radio) /system/bin/rild expire 1 line
06-14 13:16:34.304  2178  2298 I chatty  : uid=1001(radio) RILReceiver1 expire 30 lines
06-14 13:16:34.306   786  1117 I chatty  : uid=1001(radio) /system/bin/rild expire 2 lines
06-14 13:16:34.309   859  1114 I chatty  : uid=1001(radio) /system/bin/rild expire 2 lines
06-14 13:16:34.699  2178  2178 I chatty  : uid=1001(radio) com.android.phone expire 61 lines
06-14 13:16:34.708  2178 17807 I chatty  : uid=1001(radio) Binder:2178_B expire 2 lines
06-14 13:16:34.715  2178  2308 I chatty  : uid=1001(radio) Binder:2178_4 expire 3 lines
06-14 13:16:37.171  2178  2294 I chatty  : uid=1001(radio) RILReceiver0 expire 19 lines
06-14 13:16:38.810   786  1092 I chatty  : uid=1001(radio) /system/bin/rild expire 1 line
06-14 13:16:38.814   859  1093 I chatty  : uid=1001(radio) /system/bin/rild expire 1 line
06-14 13:16:38.836   786 27272 I chatty  : uid=1001(radio) /system/bin/rild expire 1 line
06-14 13:16:38.851   859 27276 I chatty  : uid=1001(radio) /system/bin/rild expire 1 line
06-14 13:16:38.852   786 27280 I chatty  : uid=1001(radio) /system/bin/rild expire 1 line
06-14 13:16:38.929  2178  2307 I chatty  : uid=1001(radio) Binder:2178_3 expire 3 lines
06-14 13:16:38.932  2178 29093 I chatty  : uid=1001(radio) Binder:2178_A expire 3 lines
06-14 13:16:39.030  2178  2297 I chatty  : uid=1001(radio) RILSender1 expire 2 lines
06-14 13:16:39.043  2178  2293 I chatty  : uid=1001(radio) RILSender0 expire 2 lines
06-14 13:16:40.815  2178  3108 I chatty  : uid=1001(radio) Binder:2178_7 expire 3 lines
06-14 13:16:40.864  2178  2189 I chatty  : uid=1001(radio) Binder:2178_1 expire 3 lines
06-14 13:16:40.937  2178  2190 I chatty  : uid=1001(radio) Binder:2178_2 expire 3 lines
06-14 13:16:41.010  2178 21936 I chatty  : uid=1001(radio) Binder:2178_9 expire 2 lines
06-14 13:16:41.047  2178  2737 I chatty  : uid=1001(radio) Binder:2178_5 expire 1 line
06-14 13:16:41.063  2178  2706 I chatty  : uid=1001(radio) Binder:2178_8 expire 1 line
06-14 13:16:44.889  2178  2782 I chatty  : uid=1001(radio) Binder:2178_6 expire 1 line
06-14 13:16:52.868   859 27334 I chatty  : uid=1001(radio) /system/bin/rild expire 1 line
06-14 13:16:52.879   859 27338 I chatty  : uid=1001(radio) /system/bin/rild expire 1 line
06-14 13:16:52.885  1784  2620 D TelephonyRegistry: notifyCellLocationForSubscriber: subId=2 cellLocation=Bundle[mParcelledData.dataSize=96]
06-14 13:16:57.050  2178  2294 I chatty  : uid=1001(radio) RILReceiver0 expire 12 lines
06-14 13:16:57.050  2178  2178 I chatty  : uid=1001(radio) com.android.phone expire 41 lines
06-14 13:16:57.053   786 27349 I chatty  : uid=1001(radio) /system/bin/rild expire 1 line
06-14 13:16:57.072   786 27353 I chatty  : uid=1001(radio) /system/bin/rild expire 1 line
06-14 13:16:57.082  1784  2472 D TelephonyRegistry: notifyCellLocationForSubscriber: subId=1 cellLocation=Bundle[mParcelledData.dataSize=96]
06-14 13:17:08.504  2178  2298 I chatty  : uid=1001(radio) RILReceiver1 expire 28 lines
06-14 13:17:08.506   859 27673 I chatty  : uid=1001(radio) /system/bin/rild expire 1 line
06-14 13:17:08.512   859 27678 I chatty  : uid=1001(radio) /system/bin/rild expire 1 line
06-14 13:17:08.517   859 27690 I chatty  : uid=1001(radio) /system/bin/rild expire 1 line
06-14 13:17:08.518   859 27694 I chatty  : uid=1001(radio) /system/bin/rild expire 1 line
06-14 13:17:08.523  1784 23575 D TelephonyRegistry: notifyCellLocationForSubscriber: subId=2 cellLocation=Bundle[mParcelledData.dataSize=96]
06-14 13:17:08.716  2178  2297 I chatty  : uid=1001(radio) RILSender1 expire 4 lines
06-14 13:17:13.576  2178  2178 I chatty  : uid=1001(radio) com.android.phone expire 30 lines
06-14 13:17:25.786  2178  2298 I chatty  : uid=1001(radio) RILReceiver1 expire 53 lines
06-14 13:17:25.788   859 27904 I chatty  : uid=1001(radio) /system/bin/rild expire 1 line
06-14 13:17:27.891  2178  2294 I chatty  : uid=1001(radio) RILReceiver0 expire 37 lines
06-14 13:17:27.894   786 27912 I chatty  : uid=1001(radio) /system/bin/rild expire 1 line
06-14 13:17:27.930   786 27916 I chatty  : uid=1001(radio) /system/bin/rild expire 1 line
06-14 13:17:27.939  1784  2614 D TelephonyRegistry: notifyCellLocationForSubscriber: subId=1 cellLocation=Bundle[mParcelledData.dataSize=96]
06-14 13:17:28.119  2178  2293 I chatty  : uid=1001(radio) RILSender0 expire 3 lines
06-14 13:17:28.340  2178  2178 I chatty  : uid=1001(radio) com.android.phone expire 84 lines
06-14 13:17:28.343   859 27920 I chatty  : uid=1001(radio) /system/bin/rild expire 1 line
06-14 13:17:28.349   859 27924 I chatty  : uid=1001(radio) /system/bin/rild expire 1 line
06-14 13:17:28.353   859 27928 I chatty  : uid=1001(radio) /system/bin/rild expire 1 line
06-14 13:17:28.364  1784 23575 D TelephonyRegistry: notifyCellLocationForSubscriber: subId=2 cellLocation=Bundle[mParcelledData.dataSize=96]
06-14 13:17:35.056   786 28447 I chatty  : uid=1001(radio) /system/bin/rild expire 1 line
06-14 13:17:35.076   786 28452 I chatty  : uid=1001(radio) /system/bin/rild expire 1 line
06-14 13:17:35.080  1784  2612 D TelephonyRegistry: notifyCellLocationForSubscriber: subId=1 cellLocation=Bundle[mParcelledData.dataSize=96]
06-14 13:17:39.547   859 28469 I chatty  : uid=1001(radio) /system/bin/rild expire 1 line
06-14 13:17:39.552   859 28473 I chatty  : uid=1001(radio) /system/bin/rild expire 1 line
06-14 13:17:39.557   859 28475 I chatty  : uid=1001(radio) /system/bin/rild expire 1 line
06-14 13:17:39.703  2178 29093 I chatty  : uid=1001(radio) Binder:2178_A expire 1 line
06-14 13:17:57.621   786  1092 I chatty  : uid=1001(radio) /system/bin/rild expire 2 lines
06-14 13:17:57.623   859  1093 I chatty  : uid=1001(radio) /system/bin/rild expire 2 lines
06-14 13:17:57.624   786  1117 I chatty  : uid=1001(radio) /system/bin/rild expire 2 lines
06-14 13:17:57.624   859  1114 I chatty  : uid=1001(radio) /system/bin/rild expire 2 lines
06-14 13:17:57.841   786 28603 I chatty  : uid=1001(radio) /system/bin/rild expire 1 line
06-14 13:17:57.845  2178  2178 I chatty  : uid=1001(radio) com.android.phone expire 87 lines
06-14 13:17:57.845  2178  2294 I chatty  : uid=1001(radio) RILReceiver0 expire 28 lines
06-14 13:17:57.846   859 28607 I chatty  : uid=1001(radio) /system/bin/rild expire 1 line
06-14 13:17:57.847  2178  2298 I chatty  : uid=1001(radio) RILReceiver1 expire 34 lines
06-14 13:17:57.854   786 28611 I chatty  : uid=1001(radio) /system/bin/rild expire 1 line
06-14 13:17:57.941  2178  2307 I chatty  : uid=1001(radio) Binder:2178_3 expire 7 lines
06-14 13:17:57.953  2178  2782 I chatty  : uid=1001(radio) Binder:2178_6 expire 11 lines
06-14 13:17:57.970  2178  2308 I chatty  : uid=1001(radio) Binder:2178_4 expire 4 lines
06-14 13:17:57.981  2178  2737 I chatty  : uid=1001(radio) Binder:2178_5 expire 4 lines
06-14 13:17:58.031  2178  2297 I chatty  : uid=1001(radio) RILSender1 expire 2 lines
06-14 13:17:58.045  2178  2293 I chatty  : uid=1001(radio) RILSender0 expire 3 lines
06-14 13:17:58.096  2178  3108 I chatty  : uid=1001(radio) Binder:2178_7 expire 3 lines
06-14 13:17:58.104  2178  2706 I chatty  : uid=1001(radio) Binder:2178_8 expire 6 lines
06-14 13:17:58.115  2178 21936 I chatty  : uid=1001(radio) Binder:2178_9 expire 3 lines
06-14 13:17:58.124  2178  2190 I chatty  : uid=1001(radio) Binder:2178_2 expire 7 lines
06-14 13:17:58.129  2178 17807 I chatty  : uid=1001(radio) Binder:2178_B expire 12 lines
06-14 13:17:58.139  2178 29093 I chatty  : uid=1001(radio) Binder:2178_A expire 3 lines
06-14 13:17:58.146  2178  2189 I chatty  : uid=1001(radio) Binder:2178_1 expire 4 lines
06-14 13:18:04.507   786 28677 I chatty  : uid=1001(radio) /system/bin/rild expire 1 line
06-14 13:18:04.524   786 28681 I chatty  : uid=1001(radio) /system/bin/rild expire 1 line
06-14 13:18:04.533  1784  2683 D TelephonyRegistry: notifyCellLocationForSubscriber: subId=1 cellLocation=Bundle[mParcelledData.dataSize=96]
06-14 13:18:27.523   859 28896 I chatty  : uid=1001(radio) /system/bin/rild expire 1 line
06-14 13:18:27.534   859 28900 I chatty  : uid=1001(radio) /system/bin/rild expire 1 line
06-14 13:18:27.669   859 28901 I chatty  : uid=1001(radio) /system/bin/rild expire 1 line
06-14 13:18:28.785   859 28909 I chatty  : uid=1001(radio) /system/bin/rild expire 1 line
06-14 13:18:28.793  2178  2178 I chatty  : uid=1001(radio) com.android.phone expire 84 lines
06-14 13:18:28.985  2178  2297 I chatty  : uid=1001(radio) RILSender1 expire 3 lines
06-14 13:18:29.009  2178  2298 I chatty  : uid=1001(radio) RILReceiver1 expire 41 lines
06-14 13:18:29.049   859 28917 I chatty  : uid=1001(radio) /system/bin/rild expire 1 line
06-14 13:18:29.054  1784  1877 D TelephonyRegistry: notifyCellLocationForSubscriber: subId=2 cellLocation=Bundle[mParcelledData.dataSize=96]
06-14 13:18:29.099   859 28937 I chatty  : uid=1001(radio) /system/bin/rild expire 1 line
06-14 13:18:29.101  2178  2511 I chatty  : uid=1001(radio) pool-2-thread-1 expire 4 lines
06-14 13:18:29.128   859 28943 I chatty  : uid=1001(radio) /system/bin/rild expire 1 line
06-14 13:18:29.265   859 28950 I chatty  : uid=1001(radio) /system/bin/rild expire 1 line
06-14 13:18:29.388  2178  2737 I chatty  : uid=1001(radio) Binder:2178_5 expire 5 lines
06-14 13:18:29.613  2178  2308 I chatty  : uid=1001(radio) Binder:2178_4 expire 7 lines
06-14 13:18:29.615  2178  2294 I chatty  : uid=1001(radio) RILReceiver0 expire 23 lines
06-14 13:18:29.678  2178 21936 I chatty  : uid=1001(radio) Binder:2178_9 expire 8 lines
06-14 13:18:29.698  2178  2190 I chatty  : uid=1001(radio) Binder:2178_2 expire 6 lines
06-14 13:18:29.724  2178  2706 I chatty  : uid=1001(radio) Binder:2178_8 expire 5 lines
06-14 13:18:29.865  2178  2189 I chatty  : uid=1001(radio) Binder:2178_1 expire 5 lines
06-14 13:18:29.985  2178 29093 I chatty  : uid=1001(radio) Binder:2178_A expire 4 lines
06-14 13:18:30.024  2178  2307 I chatty  : uid=1001(radio) Binder:2178_3 expire 3 lines
06-14 13:18:30.047  2178  3108 I chatty  : uid=1001(radio) Binder:2178_7 expire 5 lines
06-14 13:18:30.198  2178 17807 I chatty  : uid=1001(radio) Binder:2178_B expire 6 lines
06-14 13:18:30.672  2178  2782 I chatty  : uid=1001(radio) Binder:2178_6 expire 6 lines
06-14 13:18:30.749   786  1092 I chatty  : uid=1001(radio) /system/bin/rild expire 2 lines
06-14 13:18:30.754   786  1117 I chatty  : uid=1001(radio) /system/bin/rild expire 2 lines
06-14 13:18:30.767   859  1093 I chatty  : uid=1001(radio) /system/bin/rild expire 2 lines
06-14 13:18:30.769   859  1114 I chatty  : uid=1001(radio) /system/bin/rild expire 2 lines
06-14 13:18:48.587   786 29028 I chatty  : uid=1001(radio) /system/bin/rild expire 1 line
06-14 13:18:48.588   859 29032 I chatty  : uid=1001(radio) /system/bin/rild expire 1 line
06-14 13:18:48.588  2178  2298 I chatty  : uid=1001(radio) RILReceiver1 expire 10 lines
06-14 13:18:48.589  2178  2294 I chatty  : uid=1001(radio) RILReceiver0 expire 12 lines
06-14 13:18:48.597  2178  2178 I chatty  : uid=1001(radio) com.android.phone expire 32 lines
06-14 13:18:48.619   786 29036 I chatty  : uid=1001(radio) /system/bin/rild expire 1 line
06-14 13:18:48.657  2178  2190 I chatty  : uid=1001(radio) Binder:2178_2 expire 6 lines
06-14 13:18:48.671  2178  2782 I chatty  : uid=1001(radio) Binder:2178_6 expire 6 lines
06-14 13:18:48.688  2178  2189 I chatty  : uid=1001(radio) Binder:2178_1 expire 4 lines
06-14 13:18:48.690  2178  3108 I chatty  : uid=1001(radio) Binder:2178_7 expire 5 lines
06-14 13:18:48.775  2178  2297 I chatty  : uid=1001(radio) RILSender1 expire 2 lines
06-14 13:18:48.799  2178  2293 I chatty  : uid=1001(radio) RILSender0 expire 2 lines
06-14 13:18:49.612  2178  2307 I chatty  : uid=1001(radio) Binder:2178_3 expire 2 lines
06-14 13:18:49.810   859 29046 I chatty  : uid=1001(radio) /system/bin/rild expire 1 line
