--------- beginning of radio
06-14 11:09:19.046  1784  2622 D TelephonyRegistry: notifyCellLocationForSubscriber: subId=1 cellLocation=Bundle[mParcelledData.dataSize=96]
06-14 11:09:19.234  2178  2293 I chatty  : uid=1001(radio) RILSender0 expire 8 lines
06-14 11:09:19.252  2178  2178 I chatty  : uid=1001(radio) com.android.phone expire 101 lines
06-14 11:09:19.288  2178  2294 I chatty  : uid=1001(radio) RILReceiver0 expire 92 lines
06-14 11:09:19.306   786  6052 I chatty  : uid=1001(radio) /system/bin/rild expire 1 line
06-14 11:09:23.570   786  6069 I chatty  : uid=1001(radio) /system/bin/rild expire 1 line
06-14 11:09:28.043   786  6075 I chatty  : uid=1001(radio) /system/bin/rild expire 1 line
06-14 11:09:30.126   786  6082 I chatty  : uid=1001(radio) /system/bin/rild expire 1 line
06-14 11:09:31.680   786  6090 I chatty  : uid=1001(radio) /system/bin/rild expire 1 line
06-14 11:09:32.963   786  6096 I chatty  : uid=1001(radio) /system/bin/rild expire 1 line
06-14 11:09:37.165   786  6367 I chatty  : uid=1001(radio) /system/bin/rild expire 1 line
06-14 11:09:37.174   786  6371 I chatty  : uid=1001(radio) /system/bin/rild expire 1 line
06-14 11:09:37.195  1784  2460 D TelephonyRegistry: notifyCellLocationForSubscriber: subId=1 cellLocation=Bundle[mParcelledData.dataSize=96]
06-14 11:09:37.198  2178  2178 I chatty  : uid=1001(radio) com.android.phone expire 8 lines
06-14 11:09:37.201   786  6380 I chatty  : uid=1001(radio) /system/bin/rild expire 1 line
06-14 11:09:37.202  2178  2294 I chatty  : uid=1001(radio) RILReceiver0 expire 33 lines
06-14 11:09:37.206  2178  2178 I chatty  : uid=1001(radio) com.android.phone expire 40 lines
06-14 11:09:37.392  2178  2293 I chatty  : uid=1001(radio) RILSender0 expire 3 lines
06-14 11:09:37.921   786  6430 I chatty  : uid=1001(radio) /system/bin/rild expire 1 line
06-14 11:09:40.511  2178  3108 I chatty  : uid=1001(radio) Binder:2178_7 expire 5 lines
06-14 11:09:40.588  2178  2782 I chatty  : uid=1001(radio) Binder:2178_6 expire 3 lines
06-14 11:09:40.627  2178  2706 I chatty  : uid=1001(radio) Binder:2178_8 expire 7 lines
06-14 11:09:40.628  2178 21936 I chatty  : uid=1001(radio) Binder:2178_9 expire 7 lines
06-14 11:09:58.540  2178  2298 I chatty  : uid=1001(radio) RILReceiver1 expire 11 lines
06-14 11:09:58.743  2178  2297 I chatty  : uid=1001(radio) RILSender1 expire 3 lines
06-14 11:10:13.663   786  1092 I chatty  : uid=1001(radio) /system/bin/rild expire 1 line
06-14 11:10:13.664   859  1093 I chatty  : uid=1001(radio) /system/bin/rild expire 1 line
06-14 11:10:13.664   786  1117 I chatty  : uid=1001(radio) /system/bin/rild expire 1 line
06-14 11:10:13.665   859  1114 I chatty  : uid=1001(radio) /system/bin/rild expire 1 line
06-14 11:10:13.683   786  6998 I chatty  : uid=1001(radio) /system/bin/rild expire 1 line
06-14 11:10:13.690   786  7015 I chatty  : uid=1001(radio) /system/bin/rild expire 1 line
06-14 11:10:13.693   859  7003 I chatty  : uid=1001(radio) /system/bin/rild expire 1 line
06-14 11:10:13.696  1784 23026 D TelephonyRegistry: notifyCellLocationForSubscriber: subId=2 cellLocation=Bundle[mParcelledData.dataSize=96]
06-14 11:10:13.704  2178  2178 I chatty  : uid=1001(radio) com.android.phone expire 30 lines
06-14 11:10:13.705  1784  3828 D TelephonyRegistry: notifyCellLocationForSubscriber: subId=1 cellLocation=Bundle[mParcelledData.dataSize=96]
06-14 11:10:13.957  2178  2189 I chatty  : uid=1001(radio) Binder:2178_1 expire 5 lines
06-14 11:10:14.372  2178  2308 I chatty  : uid=1001(radio) Binder:2178_4 expire 7 lines
06-14 11:10:14.626  2178  2307 I chatty  : uid=1001(radio) Binder:2178_3 expire 8 lines
06-14 11:10:14.970  2178 29093 I chatty  : uid=1001(radio) Binder:2178_A expire 3 lines
06-14 11:10:14.986  2178  2190 I chatty  : uid=1001(radio) Binder:2178_2 expire 10 lines
06-14 11:10:15.168  2178  2737 I chatty  : uid=1001(radio) Binder:2178_5 expire 9 lines
06-14 11:10:16.184  2178  2294 I chatty  : uid=1001(radio) RILReceiver0 expire 7 lines
06-14 11:10:17.918  2178  2298 I chatty  : uid=1001(radio) RILReceiver1 expire 21 lines
06-14 11:10:17.925   859  7282 I chatty  : uid=1001(radio) /system/bin/rild expire 1 line
06-14 11:10:17.929  1784  2925 D TelephonyRegistry: notifyCellLocationForSubscriber: subId=2 cellLocation=Bundle[mParcelledData.dataSize=96]
06-14 11:10:36.716   859  7472 I chatty  : uid=1001(radio) /system/bin/rild expire 1 line
06-14 11:10:36.721  2178  2298 I chatty  : uid=1001(radio) RILReceiver1 expire 66 lines
06-14 11:10:36.721  2178  2178 I chatty  : uid=1001(radio) com.android.phone expire 123 lines
06-14 11:10:36.729   859  7478 I chatty  : uid=1001(radio) /system/bin/rild expire 1 line
06-14 11:10:36.741   859  7482 I chatty  : uid=1001(radio) /system/bin/rild expire 1 line
06-14 11:10:36.749  1784  2614 D TelephonyRegistry: notifyCellLocationForSubscriber: subId=2 cellLocation=Bundle[mParcelledData.dataSize=96]
06-14 11:10:36.926  2178  2297 I chatty  : uid=1001(radio) RILSender1 expire 3 lines
06-14 11:10:44.492   859  7543 I chatty  : uid=1001(radio) /system/bin/rild expire 1 line
06-14 11:10:44.498   859  7547 I chatty  : uid=1001(radio) /system/bin/rild expire 1 line
06-14 11:10:44.600   859  7549 I chatty  : uid=1001(radio) /system/bin/rild expire 1 line
06-14 11:10:45.054  2178 21936 I chatty  : uid=1001(radio) Binder:2178_9 expire 1 line
06-14 11:10:45.286  2178  2294 I chatty  : uid=1001(radio) RILReceiver0 expire 5 lines
06-14 11:10:45.718   859  7589 I chatty  : uid=1001(radio) /system/bin/rild expire 1 line
06-14 11:10:46.033   859  7602 I chatty  : uid=1001(radio) /system/bin/rild expire 1 line
06-14 11:10:46.080  2178  2511 I chatty  : uid=1001(radio) pool-2-thread-1 expire 4 lines
06-14 11:10:46.088  2178  2737 I chatty  : uid=1001(radio) Binder:2178_5 expire 2 lines
06-14 11:10:46.093  2178  2307 I chatty  : uid=1001(radio) Binder:2178_3 expire 2 lines
06-14 11:10:46.095   859  7623 I chatty  : uid=1001(radio) /system/bin/rild expire 1 line
06-14 11:10:46.096  2178 29093 I chatty  : uid=1001(radio) Binder:2178_A expire 1 line
06-14 11:10:46.115  2178  2190 I chatty  : uid=1001(radio) Binder:2178_2 expire 3 lines
06-14 11:10:46.134  2178  2706 I chatty  : uid=1001(radio) Binder:2178_8 expire 1 line
06-14 11:10:46.153  2178  2189 I chatty  : uid=1001(radio) Binder:2178_1 expire 1 line
06-14 11:10:46.174  2178  2308 I chatty  : uid=1001(radio) Binder:2178_4 expire 9 lines
06-14 11:10:46.292  2178  2178 I chatty  : uid=1001(radio) com.android.phone expire 79 lines
06-14 11:10:46.339  1784  2612 D TelephonyRegistry: notifyCellLocationForSubscriber: subId=2 cellLocation=Bundle[mParcelledData.dataSize=96]
06-14 11:10:46.344  2178 21936 I chatty  : uid=1001(radio) Binder:2178_9 expire 8 lines
06-14 11:10:46.365  2178  2737 I chatty  : uid=1001(radio) Binder:2178_5 expire 4 lines
06-14 11:10:46.400  2178  2298 I chatty  : uid=1001(radio) RILReceiver1 expire 18 lines
06-14 11:10:46.403  2178  3108 I chatty  : uid=1001(radio) Binder:2178_7 expire 5 lines
06-14 11:10:46.404  2178  2294 I chatty  : uid=1001(radio) RILReceiver0 expire 44 lines
06-14 11:10:46.405  2178  2782 I chatty  : uid=1001(radio) Binder:2178_6 expire 6 lines
06-14 11:10:46.411  2178  2307 I chatty  : uid=1001(radio) Binder:2178_3 expire 4 lines
06-14 11:10:46.415  2178  2511 I chatty  : uid=1001(radio) pool-2-thread-1 expire 4 lines
06-14 11:10:46.427  2178 29093 I chatty  : uid=1001(radio) Binder:2178_A expire 7 lines
06-14 11:10:46.446  2178  2189 I chatty  : uid=1001(radio) Binder:2178_1 expire 6 lines
06-14 11:10:46.473  2178  2706 I chatty  : uid=1001(radio) Binder:2178_8 expire 5 lines
06-14 11:10:46.547   859  7674 I chatty  : uid=1001(radio) /system/bin/rild expire 1 line
06-14 11:10:46.573  2178  2190 I chatty  : uid=1001(radio) Binder:2178_2 expire 7 lines
06-14 11:10:46.601  2178  2297 I chatty  : uid=1001(radio) RILSender1 expire 2 lines
06-14 11:10:46.896   859  7678 I chatty  : uid=1001(radio) /system/bin/rild expire 1 line
06-14 11:10:46.904  1784  2191 D TelephonyRegistry: notifyCellLocationForSubscriber: subId=2 cellLocation=Bundle[mParcelledData.dataSize=96]
06-14 11:11:54.331  2178  2311 I chatty  : uid=1001(radio) DcHandlerThread expire 9 lines
06-14 11:11:54.533  2178  2293 I chatty  : uid=1001(radio) RILSender0 expire 1 line
06-14 11:11:56.139   786  7965 I chatty  : uid=1001(radio) /system/bin/rild expire 1 line
06-14 11:11:56.149   786  7971 I chatty  : uid=1001(radio) /system/bin/rild expire 1 line
06-14 11:11:56.156   786  7974 I chatty  : uid=1001(radio) /system/bin/rild expire 1 line
06-14 11:11:56.163  2178  2294 I chatty  : uid=1001(radio) RILReceiver0 expire 59 lines
06-14 11:11:56.164  2178  2178 I chatty  : uid=1001(radio) com.android.phone expire 49 lines
06-14 11:11:56.165  1784  1877 D TelephonyRegistry: notifyCellLocationForSubscriber: subId=1 cellLocation=Bundle[mParcelledData.dataSize=96]
06-14 11:11:56.365  2178  2293 I chatty  : uid=1001(radio) RILSender0 expire 5 lines
06-14 11:12:01.221  2178  2311 I chatty  : uid=1001(radio) DcHandlerThread expire 18 lines
06-14 11:12:01.231  2178  2190 I chatty  : uid=1001(radio) Binder:2178_2 expire 9 lines
06-14 11:12:01.234  2178  2189 I chatty  : uid=1001(radio) Binder:2178_1 expire 10 lines
06-14 11:12:01.933   786  7985 I chatty  : uid=1001(radio) /system/bin/rild expire 1 line
06-14 11:12:01.947  1784  2620 D TelephonyRegistry: notifyCellLocationForSubscriber: subId=1 cellLocation=Bundle[mParcelledData.dataSize=96]
06-14 11:12:01.960   786  7991 I chatty  : uid=1001(radio) /system/bin/rild expire 1 line
06-14 11:12:02.237  2178  2307 I chatty  : uid=1001(radio) Binder:2178_3 expire 9 lines
06-14 11:12:03.203   786  1092 I chatty  : uid=1001(radio) /system/bin/rild expire 1 line
06-14 11:12:03.203   859  1093 I chatty  : uid=1001(radio) /system/bin/rild expire 1 line
06-14 11:12:03.204  2178  2298 I chatty  : uid=1001(radio) RILReceiver1 expire 1 line
06-14 11:12:03.204   786  1117 I chatty  : uid=1001(radio) /system/bin/rild expire 1 line
06-14 11:12:03.204   859  1114 I chatty  : uid=1001(radio) /system/bin/rild expire 1 line
06-14 11:12:03.605  2178  2706 I chatty  : uid=1001(radio) Binder:2178_8 expire 7 lines
06-14 11:12:03.612  2178 29093 I chatty  : uid=1001(radio) Binder:2178_A expire 7 lines
06-14 11:12:07.864  2178  3108 I chatty  : uid=1001(radio) Binder:2178_7 expire 6 lines
06-14 11:12:07.920  2178  2308 I chatty  : uid=1001(radio) Binder:2178_4 expire 8 lines
06-14 11:12:07.933  2178  2737 I chatty  : uid=1001(radio) Binder:2178_5 expire 6 lines
06-14 11:12:07.966  2178 21936 I chatty  : uid=1001(radio) Binder:2178_9 expire 7 lines
06-14 11:12:15.163  2178  2782 I chatty  : uid=1001(radio) Binder:2178_6 expire 4 lines
06-14 11:12:30.719   786  8195 I chatty  : uid=1001(radio) /system/bin/rild expire 1 line
06-14 11:12:39.014   786  8201 I chatty  : uid=1001(radio) /system/bin/rild expire 1 line
06-14 11:12:39.020  2178  2178 I chatty  : uid=1001(radio) com.android.phone expire 80 lines
06-14 11:12:39.025  2178  2294 I chatty  : uid=1001(radio) RILReceiver0 expire 92 lines
06-14 11:12:39.228  2178  2293 I chatty  : uid=1001(radio) RILSender0 expire 9 lines
06-14 11:12:44.885  2178  2706 I chatty  : uid=1001(radio) Binder:2178_8 expire 5 lines
06-14 11:12:44.909  2178  2298 I chatty  : uid=1001(radio) RILReceiver1 expire 2 lines
06-14 11:13:37.893  2178  2508 I chatty  : uid=1001(radio) org.codeaurora. expire 10 lines
06-14 11:14:56.925   786  8306 I chatty  : uid=1001(radio) /system/bin/rild expire 1 line
06-14 11:15:07.040  2178 29093 I chatty  : uid=1001(radio) Binder:2178_A expire 1 line
06-14 11:15:07.965   786  8332 I chatty  : uid=1001(radio) /system/bin/rild expire 1 line
06-14 11:15:07.982  2178 21936 I chatty  : uid=1001(radio) Binder:2178_9 expire 2 lines
06-14 11:15:07.998  2178  2737 I chatty  : uid=1001(radio) Binder:2178_5 expire 1 line
06-14 11:15:30.508   786  8342 I chatty  : uid=1001(radio) /system/bin/rild expire 1 line
06-14 11:15:30.528  2178  2190 I chatty  : uid=1001(radio) Binder:2178_2 expire 1 line
06-14 11:15:30.548  2178  2189 I chatty  : uid=1001(radio) Binder:2178_1 expire 1 line
06-14 11:16:55.183   786  8356 I chatty  : uid=1001(radio) /system/bin/rild expire 1 line
06-14 11:17:23.913   786  8371 I chatty  : uid=1001(radio) /system/bin/rild expire 1 line
06-14 11:17:48.904  2178  3108 I chatty  : uid=1001(radio) Binder:2178_7 expire 4 lines
06-14 11:17:49.951   786  8391 I chatty  : uid=1001(radio) /system/bin/rild expire 1 line
06-14 11:17:49.957  2178  2178 I chatty  : uid=1001(radio) com.android.phone expire 95 lines
06-14 11:17:49.957  2178  2294 I chatty  : uid=1001(radio) RILReceiver0 expire 82 lines
06-14 11:17:50.162  2178  2293 I chatty  : uid=1001(radio) RILSender0 expire 7 lines
06-14 11:20:07.339  2178 29093 I chatty  : uid=1001(radio) Binder:2178_A expire 1 line
06-14 11:20:27.043   786  8564 I chatty  : uid=1001(radio) /system/bin/rild expire 1 line
06-14 11:20:27.161  2178  2737 I chatty  : uid=1001(radio) Binder:2178_5 expire 2 lines
06-14 11:21:51.142   786  8591 I chatty  : uid=1001(radio) /system/bin/rild expire 1 line
06-14 11:22:03.410   786  8602 I chatty  : uid=1001(radio) /system/bin/rild expire 1 line
06-14 11:22:52.181  2178  2706 I chatty  : uid=1001(radio) Binder:2178_8 expire 4 lines
06-14 11:22:52.189  2178  2298 I chatty  : uid=1001(radio) RILReceiver1 expire 8 lines
06-14 11:22:53.238   786  8620 I chatty  : uid=1001(radio) /system/bin/rild expire 1 line
06-14 11:23:12.856  2178  3108 I chatty  : uid=1001(radio) Binder:2178_7 expire 1 line
06-14 11:23:12.865   786  1092 I chatty  : uid=1001(radio) /system/bin/rild expire 1 line
06-14 11:23:12.866   859  1093 I chatty  : uid=1001(radio) /system/bin/rild expire 1 line
06-14 11:23:12.873   786  1117 I chatty  : uid=1001(radio) /system/bin/rild expire 1 line
06-14 11:23:12.873   859  1114 I chatty  : uid=1001(radio) /system/bin/rild expire 1 line
06-14 11:23:12.890   786  8635 I chatty  : uid=1001(radio) /system/bin/rild expire 1 line
06-14 11:23:12.900   859  8638 I chatty  : uid=1001(radio) /system/bin/rild expire 1 line
06-14 11:23:12.913   786  8643 I chatty  : uid=1001(radio) /system/bin/rild expire 1 line
06-14 11:23:12.919  2178  2178 I chatty  : uid=1001(radio) com.android.phone expire 44 lines
06-14 11:23:12.920  1784  5084 D TelephonyRegistry: notifyCellLocationForSubscriber: subId=1 cellLocation=Bundle[mParcelledData.dataSize=96]
06-14 11:23:13.087  2178  2297 I chatty  : uid=1001(radio) RILSender1 expire 3 lines
06-14 11:23:13.097  2178  2293 I chatty  : uid=1001(radio) RILSender0 expire 1 line
06-14 11:23:13.474  2178 21936 I chatty  : uid=1001(radio) Binder:2178_9 expire 7 lines
06-14 11:23:13.858  2178  2737 I chatty  : uid=1001(radio) Binder:2178_5 expire 3 lines
06-14 11:23:13.872  2178  2190 I chatty  : uid=1001(radio) Binder:2178_2 expire 9 lines
06-14 11:23:13.885  2178 29093 I chatty  : uid=1001(radio) Binder:2178_A expire 4 lines
06-14 11:23:15.107  2178  2294 I chatty  : uid=1001(radio) RILReceiver0 expire 20 lines
06-14 11:23:15.864  2178  3108 I chatty  : uid=1001(radio) Binder:2178_7 expire 5 lines
06-14 11:23:15.914  2178  2189 I chatty  : uid=1001(radio) Binder:2178_1 expire 4 lines
06-14 11:23:15.931  2178  2307 I chatty  : uid=1001(radio) Binder:2178_3 expire 10 lines
06-14 11:23:23.127   786  1092 I chatty  : uid=1001(radio) /system/bin/rild expire 1 line
06-14 11:23:23.128   859  1093 I chatty  : uid=1001(radio) /system/bin/rild expire 1 line
06-14 11:23:23.128  2178  2298 I chatty  : uid=1001(radio) RILReceiver1 expire 36 lines
06-14 11:23:23.130   859  1114 I chatty  : uid=1001(radio) /system/bin/rild expire 1 line
06-14 11:23:23.130   786  1117 I chatty  : uid=1001(radio) /system/bin/rild expire 1 line
06-14 11:23:23.499  2178  2782 I chatty  : uid=1001(radio) Binder:2178_6 expire 8 lines
06-14 11:23:28.018   859  8881 I chatty  : uid=1001(radio) /system/bin/rild expire 1 line
06-14 11:23:28.033  1784  2620 D TelephonyRegistry: notifyCellLocationForSubscriber: subId=2 cellLocation=Bundle[mParcelledData.dataSize=96]
06-14 11:23:28.081  2178  2511 I chatty  : uid=1001(radio) pool-2-thread-1 expire 4 lines
06-14 11:23:28.218  2178  2178 I chatty  : uid=1001(radio) com.android.phone expire 42 lines
06-14 11:23:31.258  2178  2308 I chatty  : uid=1001(radio) Binder:2178_4 expire 3 lines
06-14 11:23:42.021   859  9248 I chatty  : uid=1001(radio) /system/bin/rild expire 1 line
06-14 11:23:42.025  2178  2178 I chatty  : uid=1001(radio) com.android.phone expire 59 lines
06-14 11:23:42.029  1784  1794 D TelephonyRegistry: notifyCellLocationForSubscriber: subId=2 cellLocation=Bundle[mParcelledData.dataSize=96]
06-14 11:23:42.050  2178  2511 I chatty  : uid=1001(radio) pool-2-thread-1 expire 4 lines
06-14 11:23:42.207  2178  2297 I chatty  : uid=1001(radio) RILSender1 expire 1 line
06-14 11:23:42.871  2178  2298 I chatty  : uid=1001(radio) RILReceiver1 expire 5 lines
06-14 11:23:43.189  2178 21936 I chatty  : uid=1001(radio) Binder:2178_9 expire 11 lines
06-14 11:23:47.432  2178  2294 I chatty  : uid=1001(radio) RILReceiver0 expire 54 lines
06-14 11:24:12.285  2178  2311 I chatty  : uid=1001(radio) DcHandlerThread expire 9 lines
06-14 11:24:12.309  2178  2307 I chatty  : uid=1001(radio) Binder:2178_3 expire 7 lines
06-14 11:24:12.319  2178  3108 I chatty  : uid=1001(radio) Binder:2178_7 expire 7 lines
06-14 11:24:12.484  2178  2293 I chatty  : uid=1001(radio) RILSender0 expire 7 lines
06-14 11:24:14.070   786  9815 I chatty  : uid=1001(radio) /system/bin/rild expire 1 line
06-14 11:24:14.093  2178 29093 I chatty  : uid=1001(radio) Binder:2178_A expire 4 lines
06-14 11:24:14.115  2178  2308 I chatty  : uid=1001(radio) Binder:2178_4 expire 3 lines
06-14 11:24:22.606   786  9825 I chatty  : uid=1001(radio) /system/bin/rild expire 1 line
06-14 11:24:22.620  2178  2189 I chatty  : uid=1001(radio) Binder:2178_1 expire 8 lines
06-14 11:24:22.659  2178  2737 I chatty  : uid=1001(radio) Binder:2178_5 expire 5 lines
06-14 11:24:25.295  2178  2782 I chatty  : uid=1001(radio) Binder:2178_6 expire 9 lines
06-14 11:25:27.592  2178  2706 I chatty  : uid=1001(radio) Binder:2178_8 expire 6 lines
06-14 11:25:28.027  2178  2190 I chatty  : uid=1001(radio) Binder:2178_2 expire 9 lines
06-14 11:27:29.026  2178  2737 I chatty  : uid=1001(radio) Binder:2178_5 expire 5 lines
06-14 11:27:29.049  2178 29093 I chatty  : uid=1001(radio) Binder:2178_A expire 4 lines
06-14 11:27:29.075  2178  3108 I chatty  : uid=1001(radio) Binder:2178_7 expire 4 lines
06-14 11:27:29.120  2178  2782 I chatty  : uid=1001(radio) Binder:2178_6 expire 10 lines
06-14 11:27:29.152  2178  2308 I chatty  : uid=1001(radio) Binder:2178_4 expire 4 lines
06-14 11:27:29.184  2178  2307 I chatty  : uid=1001(radio) Binder:2178_3 expire 3 lines
06-14 11:27:29.227  2178  2189 I chatty  : uid=1001(radio) Binder:2178_1 expire 2 lines
06-14 11:27:29.250  2178  2706 I chatty  : uid=1001(radio) Binder:2178_8 expire 3 lines
06-14 11:27:29.281  2178 21936 I chatty  : uid=1001(radio) Binder:2178_9 expire 4 lines
06-14 11:27:31.126  2178  2294 I chatty  : uid=1001(radio) RILReceiver0 expire 87 lines
06-14 11:27:31.136  2178  2178 I chatty  : uid=1001(radio) com.android.phone expire 72 lines
06-14 11:27:31.145   786 10431 I chatty  : uid=1001(radio) /system/bin/rild expire 1 line
06-14 11:27:31.341  2178  2293 I chatty  : uid=1001(radio) RILSender0 expire 7 lines
06-14 11:27:34.878  2178  2298 I chatty  : uid=1001(radio) RILReceiver1 expire 1 line
06-14 11:27:38.208   786 10444 I chatty  : uid=1001(radio) /system/bin/rild expire 1 line
06-14 11:27:52.888   786 10455 I chatty  : uid=1001(radio) /system/bin/rild expire 1 line
06-14 11:27:59.867   786 10461 I chatty  : uid=1001(radio) /system/bin/rild expire 1 line
06-14 11:28:11.315   786 10469 I chatty  : uid=1001(radio) /system/bin/rild expire 1 line
06-14 11:28:23.225   786 10476 I chatty  : uid=1001(radio) /system/bin/rild expire 1 line
06-14 11:28:23.434  2178  2293 I chatty  : uid=1001(radio) RILSender0 expire 10 lines
06-14 11:28:34.158  2178  2782 I chatty  : uid=1001(radio) Binder:2178_6 expire 6 lines
06-14 11:28:34.167  2178  2294 I chatty  : uid=1001(radio) RILReceiver0 expire 99 lines
06-14 11:28:34.171  2178  2298 I chatty  : uid=1001(radio) RILReceiver1 expire 3 lines
06-14 11:28:47.942  2178  2178 I chatty  : uid=1001(radio) com.android.phone expire 79 lines
06-14 11:28:53.572   786 10497 I chatty  : uid=1001(radio) /system/bin/rild expire 1 line
06-14 11:28:53.621  2178 29093 I chatty  : uid=1001(radio) Binder:2178_A expire 2 lines
06-14 11:28:53.638  2178 21936 I chatty  : uid=1001(radio) Binder:2178_9 expire 2 lines
06-14 11:28:55.686   786 10503 I chatty  : uid=1001(radio) /system/bin/rild expire 1 line
06-14 11:29:35.344  2178  2190 I chatty  : uid=1001(radio) Binder:2178_2 expire 4 lines
06-14 11:29:47.698   786 10539 I chatty  : uid=1001(radio) /system/bin/rild expire 1 line
06-14 11:30:12.874   786 10546 I chatty  : uid=1001(radio) /system/bin/rild expire 1 line
06-14 11:30:25.300   786 10554 I chatty  : uid=1001(radio) /system/bin/rild expire 1 line
06-14 11:30:39.256  2178  2308 I chatty  : uid=1001(radio) Binder:2178_4 expire 4 lines
06-14 11:30:39.452   786 10709 I chatty  : uid=1001(radio) /system/bin/rild expire 1 line
06-14 11:30:39.503  2178  2178 I chatty  : uid=1001(radio) com.android.phone expire 37 lines
06-14 11:30:54.218  2178  2294 I chatty  : uid=1001(radio) RILReceiver0 expire 32 lines
06-14 11:30:54.231   786 10722 I chatty  : uid=1001(radio) /system/bin/rild expire 1 line
06-14 11:30:54.422  2178  2293 I chatty  : uid=1001(radio) RILSender0 expire 5 lines
06-14 11:31:16.749   786  1092 I chatty  : uid=1001(radio) /system/bin/rild expire 1 line
06-14 11:31:16.751   859  1093 I chatty  : uid=1001(radio) /system/bin/rild expire 1 line
06-14 11:31:16.751  2178  2298 I chatty  : uid=1001(radio) RILReceiver1 expire 7 lines
06-14 11:31:16.752   786  1117 I chatty  : uid=1001(radio) /system/bin/rild expire 1 line
06-14 11:31:16.753   859  1114 I chatty  : uid=1001(radio) /system/bin/rild expire 1 line
06-14 11:31:16.769   786 10728 I chatty  : uid=1001(radio) /system/bin/rild expire 1 line
06-14 11:31:16.775  2178  2311 I chatty  : uid=1001(radio) DcHandlerThread expire 18 lines
06-14 11:31:16.780   859 10733 I chatty  : uid=1001(radio) /system/bin/rild expire 1 line
06-14 11:31:16.782   786 10737 I chatty  : uid=1001(radio) /system/bin/rild expire 1 line
06-14 11:31:16.788  1784  2591 D TelephonyRegistry: notifyCellLocationForSubscriber: subId=1 cellLocation=Bundle[mParcelledData.dataSize=96]
06-14 11:31:16.791  2178  2178 I chatty  : uid=1001(radio) com.android.phone expire 49 lines
06-14 11:31:16.798  2178  2706 I chatty  : uid=1001(radio) Binder:2178_8 expire 2 lines
06-14 11:31:16.805  2178  2308 I chatty  : uid=1001(radio) Binder:2178_4 expire 1 line
06-14 11:31:16.947  2178  3108 I chatty  : uid=1001(radio) Binder:2178_7 expire 1 line
06-14 11:31:16.957  2178  2190 I chatty  : uid=1001(radio) Binder:2178_2 expire 2 lines
06-14 11:31:16.963  2178  2297 I chatty  : uid=1001(radio) RILSender1 expire 1 line
06-14 11:31:17.369  2178  2307 I chatty  : uid=1001(radio) Binder:2178_3 expire 1 line
06-14 11:31:17.580  2178  2294 I chatty  : uid=1001(radio) RILReceiver0 expire 44 lines
06-14 11:31:17.593  2178  2782 I chatty  : uid=1001(radio) Binder:2178_6 expire 1 line
06-14 11:31:17.595  2178  2737 I chatty  : uid=1001(radio) Binder:2178_5 expire 2 lines
06-14 11:31:17.955  2178 21936 I chatty  : uid=1001(radio) Binder:2178_9 expire 1 line
06-14 11:31:19.294   786 10781 I chatty  : uid=1001(radio) /system/bin/rild expire 1 line
06-14 11:31:21.325   786 10795 I chatty  : uid=1001(radio) /system/bin/rild expire 1 line
06-14 11:31:21.363   786 10799 I chatty  : uid=1001(radio) /system/bin/rild expire 1 line
06-14 11:31:21.370  1784  2612 D TelephonyRegistry: notifyCellLocationForSubscriber: subId=1 cellLocation=Bundle[mParcelledData.dataSize=96]
06-14 11:31:21.383   786 10805 I chatty  : uid=1001(radio) /system/bin/rild expire 1 line
06-14 11:31:22.515   786 10810 I chatty  : uid=1001(radio) /system/bin/rild expire 1 line
06-14 11:31:22.519  2178  2294 I chatty  : uid=1001(radio) RILReceiver0 expire 61 lines
06-14 11:31:22.520  2178  2178 I chatty  : uid=1001(radio) com.android.phone expire 65 lines
06-14 11:31:22.524  1784  2940 D TelephonyRegistry: notifyCellLocationForSubscriber: subId=1 cellLocation=Bundle[mParcelledData.dataSize=96]
06-14 11:31:22.542   786 10816 I chatty  : uid=1001(radio) /system/bin/rild expire 1 line
06-14 11:31:22.734  2178  2293 I chatty  : uid=1001(radio) RILSender0 expire 5 lines
06-14 11:31:25.390  2178  2189 I chatty  : uid=1001(radio) Binder:2178_1 expire 4 lines
06-14 11:31:25.399  2178  2308 I chatty  : uid=1001(radio) Binder:2178_4 expire 3 lines
06-14 11:31:25.409  2178  2307 I chatty  : uid=1001(radio) Binder:2178_3 expire 3 lines
06-14 11:31:25.981  2178  2706 I chatty  : uid=1001(radio) Binder:2178_8 expire 3 lines
06-14 11:31:25.997  2178 29093 I chatty  : uid=1001(radio) Binder:2178_A expire 2 lines
06-14 11:31:27.262   786  1092 I chatty  : uid=1001(radio) /system/bin/rild expire 2 lines
06-14 11:31:27.263   859  1093 I chatty  : uid=1001(radio) /system/bin/rild expire 2 lines
06-14 11:31:27.264   786  1117 I chatty  : uid=1001(radio) /system/bin/rild expire 2 lines
06-14 11:31:27.264  2178  2298 I chatty  : uid=1001(radio) RILReceiver1 expire 11 lines
06-14 11:31:27.265   859  1114 I chatty  : uid=1001(radio) /system/bin/rild expire 2 lines
06-14 11:31:27.679  2178  3108 I chatty  : uid=1001(radio) Binder:2178_7 expire 1 line
06-14 11:31:39.727  2178  2311 I chatty  : uid=1001(radio) DcHandlerThread expire 18 lines
06-14 11:31:39.746  2178 21936 I chatty  : uid=1001(radio) Binder:2178_9 expire 2 lines
06-14 11:31:39.758  2178  2737 I chatty  : uid=1001(radio) Binder:2178_5 expire 2 lines
06-14 11:31:39.793  2178  2190 I chatty  : uid=1001(radio) Binder:2178_2 expire 12 lines
06-14 11:32:07.373   786 10866 I chatty  : uid=1001(radio) /system/bin/rild expire 1 line
06-14 11:33:32.231   786 10937 I chatty  : uid=1001(radio) /system/bin/rild expire 1 line
06-14 11:33:32.239   859 10940 I chatty  : uid=1001(radio) /system/bin/rild expire 1 line
06-14 11:33:32.251   786 10949 I chatty  : uid=1001(radio) /system/bin/rild expire 1 line
06-14 11:33:32.258  1784  1794 D TelephonyRegistry: notifyCellLocationForSubscriber: subId=1 cellLocation=Bundle[mParcelledData.dataSize=96]
06-14 11:33:32.263  2178  2178 I chatty  : uid=1001(radio) com.android.phone expire 6 lines
06-14 11:33:32.412  2178  2294 I chatty  : uid=1001(radio) RILReceiver0 expire 3 lines
06-14 11:33:32.424  2178  2190 I chatty  : uid=1001(radio) Binder:2178_2 expire 1 line
06-14 11:33:32.428  2178  2297 I chatty  : uid=1001(radio) RILSender1 expire 2 lines
06-14 11:33:33.324  2178  2190 I chatty  : uid=1001(radio) Binder:2178_2 expire 7 lines
06-14 11:33:34.448  2178  2178 I chatty  : uid=1001(radio) com.android.phone expire 15 lines
06-14 11:33:34.451  2178  2294 I chatty  : uid=1001(radio) RILReceiver0 expire 14 lines
06-14 11:33:35.284  2178  2308 I chatty  : uid=1001(radio) Binder:2178_4 expire 14 lines
06-14 11:33:35.873  2178 29093 I chatty  : uid=1001(radio) Binder:2178_A expire 4 lines
06-14 11:33:35.884  2178  2737 I chatty  : uid=1001(radio) Binder:2178_5 expire 14 lines
06-14 11:33:35.893  2178  2706 I chatty  : uid=1001(radio) Binder:2178_8 expire 6 lines
06-14 11:33:36.284  2178 21936 I chatty  : uid=1001(radio) Binder:2178_9 expire 15 lines
06-14 11:33:40.298  2178  2307 I chatty  : uid=1001(radio) Binder:2178_3 expire 8 lines
06-14 11:33:43.288  2178  2298 I chatty  : uid=1001(radio) RILReceiver1 expire 13 lines
06-14 11:33:44.307  2178  3108 I chatty  : uid=1001(radio) Binder:2178_7 expire 19 lines
06-14 11:33:53.488  2178  2189 I chatty  : uid=1001(radio) Binder:2178_1 expire 19 lines
06-14 11:33:53.559  2178  2782 I chatty  : uid=1001(radio) Binder:2178_6 expire 8 lines
06-14 11:33:58.749   859 11235 I chatty  : uid=1001(radio) /system/bin/rild expire 1 line
06-14 11:33:58.755   859 11239 I chatty  : uid=1001(radio) /system/bin/rild expire 1 line
06-14 11:33:58.766  1784  9498 D TelephonyRegistry: notifyCellLocationForSubscriber: subId=2 cellLocation=Bundle[mParcelledData.dataSize=96]
06-14 11:34:19.520  2178  2178 I chatty  : uid=1001(radio) com.android.phone expire 26 lines
06-14 11:34:37.895  2178  2311 I chatty  : uid=1001(radio) DcHandlerThread expire 31 lines
06-14 11:34:38.084  2178  2293 I chatty  : uid=1001(radio) RILSender0 expire 2 lines
06-14 11:34:42.967   786  1365 I chatty  : uid=1001(radio) /system/bin/rild expire 1 line
06-14 11:34:42.985  2178  2294 I chatty  : uid=1001(radio) RILReceiver0 expire 18 lines
06-14 11:34:42.988  1784  2940 D TelephonyRegistry: Notify data connection state changed on sub: 1
06-14 11:34:42.989  2178  2311 I chatty  : uid=1001(radio) DcHandlerThread expire 7 lines
06-14 11:34:42.990  2178  2178 I chatty  : uid=1001(radio) com.android.phone expire 49 lines
06-14 11:34:43.015  2178  2307 I chatty  : uid=1001(radio) Binder:2178_3 expire 11 lines
06-14 11:34:43.027  2178  2737 I chatty  : uid=1001(radio) Binder:2178_5 expire 5 lines
06-14 11:34:43.037  2178  2782 I chatty  : uid=1001(radio) Binder:2178_6 expire 4 lines
06-14 11:34:43.186  2178  2293 I chatty  : uid=1001(radio) RILSender0 expire 3 lines
06-14 11:34:43.717  2178 21936 I chatty  : uid=1001(radio) Binder:2178_9 expire 3 lines
06-14 11:34:43.720  2178 29093 I chatty  : uid=1001(radio) Binder:2178_A expire 4 lines
06-14 11:34:43.819  2178  2190 I chatty  : uid=1001(radio) Binder:2178_2 expire 3 lines
06-14 11:34:45.258  2178  2298 I chatty  : uid=1001(radio) RILReceiver1 expire 26 lines
06-14 11:34:51.001  2178  2706 I chatty  : uid=1001(radio) Binder:2178_8 expire 4 lines
06-14 11:35:05.655   859 12132 I chatty  : uid=1001(radio) /system/bin/rild expire 1 line
06-14 11:35:05.664  1784  9497 D TelephonyRegistry: notifyCellLocationForSubscriber: subId=2 cellLocation=Bundle[mParcelledData.dataSize=96]
06-14 11:35:05.854  2178  2297 I chatty  : uid=1001(radio) RILSender1 expire 2 lines
06-14 11:35:07.735  2178  2178 I chatty  : uid=1001(radio) com.android.phone expire 75 lines
06-14 11:35:07.743   786 12148 I chatty  : uid=1001(radio) /system/bin/rild expire 1 line
06-14 11:35:07.749  1784  2472 D TelephonyRegistry: notifyCellLocationForSubscriber: subId=1 cellLocation=Bundle[mParcelledData.dataSize=96]
06-14 11:35:07.960  2178  2294 I chatty  : uid=1001(radio) RILReceiver0 expire 4 lines
06-14 11:35:22.056  2178  2308 I chatty  : uid=1001(radio) Binder:2178_4 expire 5 lines
06-14 11:35:22.812  2178  2189 I chatty  : uid=1001(radio) Binder:2178_1 expire 2 lines
06-14 11:35:22.887  2178  3108 I chatty  : uid=1001(radio) Binder:2178_7 expire 1 line
06-14 11:35:29.411   859 13660 I chatty  : uid=1001(radio) /system/bin/rild expire 1 line
06-14 11:35:29.416   859 13665 I chatty  : uid=1001(radio) /system/bin/rild expire 1 line
06-14 11:35:29.434   859 13668 I chatty  : uid=1001(radio) /system/bin/rild expire 1 line
06-14 11:35:31.023  2178  2178 I chatty  : uid=1001(radio) com.android.phone expire 74 lines
06-14 11:35:31.024   859 13781 I chatty  : uid=1001(radio) /system/bin/rild expire 1 line
06-14 11:35:31.027  2178  2298 I chatty  : uid=1001(radio) RILReceiver1 expire 60 lines
06-14 11:35:31.032   859 13788 I chatty  : uid=1001(radio) /system/bin/rild expire 1 line
06-14 11:35:31.041  1784  2460 D TelephonyRegistry: notifyCellLocationForSubscriber: subId=2 cellLocation=Bundle[mParcelledData.dataSize=96]
06-14 11:35:31.081  2178  2511 I chatty  : uid=1001(radio) pool-2-thread-1 expire 4 lines
06-14 11:35:31.179   859 13766 I chatty  : uid=1001(radio) /system/bin/rild expire 1 line
06-14 11:35:31.196  2178  2297 I chatty  : uid=1001(radio) RILSender1 expire 4 lines
06-14 11:35:31.363   859 13822 I chatty  : uid=1001(radio) /system/bin/rild expire 1 line
06-14 11:35:34.785  2178 21936 I chatty  : uid=1001(radio) Binder:2178_9 expire 11 lines
06-14 11:35:34.787  2178  2294 I chatty  : uid=1001(radio) RILReceiver0 expire 19 lines
06-14 11:35:34.800  2178  2308 I chatty  : uid=1001(radio) Binder:2178_4 expire 12 lines
06-14 11:35:34.813  2178 29093 I chatty  : uid=1001(radio) Binder:2178_A expire 8 lines
06-14 11:35:34.824  2178  2189 I chatty  : uid=1001(radio) Binder:2178_1 expire 10 lines
06-14 11:35:34.853  2178  2307 I chatty  : uid=1001(radio) Binder:2178_3 expire 5 lines
06-14 11:35:35.216  2178  2782 I chatty  : uid=1001(radio) Binder:2178_6 expire 5 lines
06-14 11:35:35.303  2178  2706 I chatty  : uid=1001(radio) Binder:2178_8 expire 4 lines
06-14 11:35:38.628  2178  2737 I chatty  : uid=1001(radio) Binder:2178_5 expire 4 lines
06-14 11:35:38.799  2178  3108 I chatty  : uid=1001(radio) Binder:2178_7 expire 2 lines
06-14 11:35:38.860  2178  2190 I chatty  : uid=1001(radio) Binder:2178_2 expire 5 lines
06-14 11:35:46.201  2178  2293 I chatty  : uid=1001(radio) RILSender0 expire 1 line
06-14 11:35:48.810   859 14537 I chatty  : uid=1001(radio) /system/bin/rild expire 1 line
06-14 11:35:48.955   859 14541 I chatty  : uid=1001(radio) /system/bin/rild expire 1 line
06-14 11:35:50.008  2178  2178 I chatty  : uid=1001(radio) com.android.phone expire 82 lines
06-14 11:35:50.009  2178  2298 I chatty  : uid=1001(radio) RILReceiver1 expire 43 lines
06-14 11:35:50.021   859 14555 I chatty  : uid=1001(radio) /system/bin/rild expire 1 line
06-14 11:35:50.025   859 14561 I chatty  : uid=1001(radio) /system/bin/rild expire 1 line
06-14 11:35:50.029  1784  1794 D TelephonyRegistry: notifyCellLocationForSubscriber: subId=2 cellLocation=Bundle[mParcelledData.dataSize=96]
06-14 11:35:50.048  2178  2511 I chatty  : uid=1001(radio) pool-2-thread-1 expire 4 lines
06-14 11:35:50.138  2178  2737 I chatty  : uid=1001(radio) Binder:2178_5 expire 7 lines
06-14 11:35:50.139  2178  2294 I chatty  : uid=1001(radio) RILReceiver0 expire 25 lines
06-14 11:35:50.150  2178 21936 I chatty  : uid=1001(radio) Binder:2178_9 expire 6 lines
06-14 11:35:50.165  2178  2308 I chatty  : uid=1001(radio) Binder:2178_4 expire 5 lines
06-14 11:35:50.178  2178  2189 I chatty  : uid=1001(radio) Binder:2178_1 expire 14 lines
06-14 11:35:50.202  2178  2297 I chatty  : uid=1001(radio) RILSender1 expire 3 lines
06-14 11:35:50.246   859 14548 I chatty  : uid=1001(radio) /system/bin/rild expire 1 line
06-14 11:35:50.263  2178  2782 I chatty  : uid=1001(radio) Binder:2178_6 expire 5 lines
06-14 11:35:50.425   859 14584 I chatty  : uid=1001(radio) /system/bin/rild expire 1 line
06-14 11:35:50.437  2178  2190 I chatty  : uid=1001(radio) Binder:2178_2 expire 10 lines
06-14 11:35:50.451  2178  3108 I chatty  : uid=1001(radio) Binder:2178_7 expire 5 lines
06-14 11:35:50.469  2178  2706 I chatty  : uid=1001(radio) Binder:2178_8 expire 4 lines
06-14 11:35:50.480  2178 29093 I chatty  : uid=1001(radio) Binder:2178_A expire 4 lines
06-14 11:35:51.259   859 14596 I chatty  : uid=1001(radio) /system/bin/rild expire 1 line
06-14 11:35:55.368  2178  2307 I chatty  : uid=1001(radio) Binder:2178_3 expire 7 lines
06-14 11:37:04.755   786 15236 I chatty  : uid=1001(radio) /system/bin/rild expire 1 line
06-14 11:37:04.757  2178  2178 I chatty  : uid=1001(radio) com.android.phone expire 30 lines
06-14 11:37:04.758  2178  2294 I chatty  : uid=1001(radio) RILReceiver0 expire 26 lines
06-14 11:37:04.761   786 15240 I chatty  : uid=1001(radio) /system/bin/rild expire 1 line
06-14 11:37:04.773  1784  2472 D TelephonyRegistry: notifyCellLocationForSubscriber: subId=1 cellLocation=Bundle[mParcelledData.dataSize=96]
06-14 11:37:04.784   786 15242 I chatty  : uid=1001(radio) /system/bin/rild expire 1 line
06-14 11:37:04.982  2178  2293 I chatty  : uid=1001(radio) RILSender0 expire 2 lines
06-14 11:37:24.618   786 15377 I chatty  : uid=1001(radio) /system/bin/rild expire 1 line
06-14 11:37:24.628  1784  2942 D TelephonyRegistry: notifyCellLocationForSubscriber: subId=1 cellLocation=Bundle[mParcelledData.dataSize=96]
06-14 11:37:24.628  2178  2294 I chatty  : uid=1001(radio) RILReceiver0 expire 16 lines
06-14 11:37:24.638  2178  2178 I chatty  : uid=1001(radio) com.android.phone expire 64 lines
06-14 11:37:24.640   786 15384 I chatty  : uid=1001(radio) /system/bin/rild expire 1 line
06-14 11:37:25.061  2178  2190 I chatty  : uid=1001(radio) Binder:2178_2 expire 4 lines
06-14 11:37:25.068  2178  2298 I chatty  : uid=1001(radio) RILReceiver1 expire 28 lines
06-14 11:37:25.080  2178 29093 I chatty  : uid=1001(radio) Binder:2178_A expire 4 lines
06-14 11:37:45.161   859 15526 I chatty  : uid=1001(radio) /system/bin/rild expire 1 line
06-14 11:37:45.164   859 15530 I chatty  : uid=1001(radio) /system/bin/rild expire 1 line
06-14 11:37:45.187   859 15536 I chatty  : uid=1001(radio) /system/bin/rild expire 1 line
06-14 11:37:45.380  2178  2297 I chatty  : uid=1001(radio) RILSender1 expire 3 lines
06-14 11:37:45.552  2178 21936 I chatty  : uid=1001(radio) Binder:2178_9 expire 4 lines
06-14 11:37:47.029  1784  2940 D TelephonyRegistry: notifyCellLocationForSubscriber: subId=2 cellLocation=Bundle[mParcelledData.dataSize=96]
06-14 11:37:47.030   859 15603 I chatty  : uid=1001(radio) /system/bin/rild expire 1 line
06-14 11:37:47.030  2178  2298 I chatty  : uid=1001(radio) RILReceiver1 expire 16 lines
06-14 11:37:47.030  2178  2178 I chatty  : uid=1001(radio) com.android.phone expire 15 lines
06-14 11:37:47.050  2178  2511 I chatty  : uid=1001(radio) pool-2-thread-1 expire 4 lines
06-14 11:37:47.257   859 15589 I chatty  : uid=1001(radio) /system/bin/rild expire 1 line
06-14 11:37:47.404   859 15556 I chatty  : uid=1001(radio) /system/bin/rild expire 1 line
06-14 11:37:47.404  2178  2178 I chatty  : uid=1001(radio) com.android.phone expire 34 lines
06-14 11:37:47.404  2178  2298 I chatty  : uid=1001(radio) RILReceiver1 expire 12 lines
06-14 11:37:47.441   859 15696 I chatty  : uid=1001(radio) /system/bin/rild expire 1 line
06-14 11:37:47.603  2178  2297 I chatty  : uid=1001(radio) RILSender1 expire 3 lines
06-14 11:37:48.995  2178 21936 I chatty  : uid=1001(radio) Binder:2178_9 expire 10 lines
06-14 11:37:48.997  2178  2294 I chatty  : uid=1001(radio) RILReceiver0 expire 30 lines
06-14 11:37:49.009  2178  2189 I chatty  : uid=1001(radio) Binder:2178_1 expire 4 lines
06-14 11:37:49.021  2178  2307 I chatty  : uid=1001(radio) Binder:2178_3 expire 9 lines
06-14 11:37:49.036  2178  2782 I chatty  : uid=1001(radio) Binder:2178_6 expire 10 lines
06-14 11:37:49.138  2178  2737 I chatty  : uid=1001(radio) Binder:2178_5 expire 10 lines
06-14 11:37:49.225  2178  2706 I chatty  : uid=1001(radio) Binder:2178_8 expire 9 lines
06-14 11:38:01.118   786 16216 I chatty  : uid=1001(radio) /system/bin/rild expire 1 line
06-14 11:38:01.122   786 16220 I chatty  : uid=1001(radio) /system/bin/rild expire 1 line
06-14 11:38:01.124  1784  1794 D TelephonyRegistry: notifyCellLocationForSubscriber: subId=1 cellLocation=Bundle[mParcelledData.dataSize=96]
06-14 11:38:01.318  2178  2293 I chatty  : uid=1001(radio) RILSender0 expire 2 lines
06-14 11:38:01.429  2178  2294 I chatty  : uid=1001(radio) RILReceiver0 expire 4 lines
06-14 11:38:01.429  2178  2178 I chatty  : uid=1001(radio) com.android.phone expire 37 lines
06-14 11:38:32.900  2178  3108 I chatty  : uid=1001(radio) Binder:2178_7 expire 5 lines
06-14 11:38:33.045  2178 29093 I chatty  : uid=1001(radio) Binder:2178_A expire 3 lines
06-14 11:38:33.105  2178  2308 I chatty  : uid=1001(radio) Binder:2178_4 expire 2 lines
06-14 11:38:33.439  2178  2190 I chatty  : uid=1001(radio) Binder:2178_2 expire 1 line
06-14 11:38:34.919  2178  2298 I chatty  : uid=1001(radio) RILReceiver1 expire 28 lines
06-14 11:38:34.925   859 16634 I chatty  : uid=1001(radio) /system/bin/rild expire 1 line
06-14 11:38:34.931   859 16638 I chatty  : uid=1001(radio) /system/bin/rild expire 1 line
06-14 11:38:34.937   859 16642 I chatty  : uid=1001(radio) /system/bin/rild expire 1 line
06-14 11:38:35.027   859 16646 I chatty  : uid=1001(radio) /system/bin/rild expire 1 line
06-14 11:38:36.009  2178  2298 I chatty  : uid=1001(radio) RILReceiver1 expire 39 lines
06-14 11:38:36.010  2178  2178 I chatty  : uid=1001(radio) com.android.phone expire 92 lines
06-14 11:38:36.025   859 16659 I chatty  : uid=1001(radio) /system/bin/rild expire 1 line
06-14 11:38:36.035  1784  9497 D TelephonyRegistry: notifyCellLocationForSubscriber: subId=2 cellLocation=Bundle[mParcelledData.dataSize=96]
06-14 11:38:36.039   859 16666 I chatty  : uid=1001(radio) /system/bin/rild expire 1 line
06-14 11:38:36.068  2178  2511 I chatty  : uid=1001(radio) pool-2-thread-1 expire 4 lines
06-14 11:38:36.135  2178  2190 I chatty  : uid=1001(radio) Binder:2178_2 expire 7 lines
06-14 11:38:36.138  2178  2294 I chatty  : uid=1001(radio) RILReceiver0 expire 19 lines
06-14 11:38:36.156  2178  2782 I chatty  : uid=1001(radio) Binder:2178_6 expire 5 lines
06-14 11:38:36.180  2178  2308 I chatty  : uid=1001(radio) Binder:2178_4 expire 6 lines
06-14 11:38:36.204  2178  2297 I chatty  : uid=1001(radio) RILSender1 expire 3 lines
06-14 11:38:36.211  2178 29093 I chatty  : uid=1001(radio) Binder:2178_A expire 4 lines
06-14 11:38:36.223   859 16652 I chatty  : uid=1001(radio) /system/bin/rild expire 1 line
06-14 11:38:36.374   859 16686 I chatty  : uid=1001(radio) /system/bin/rild expire 1 line
06-14 11:38:36.386  2178  2706 I chatty  : uid=1001(radio) Binder:2178_8 expire 3 lines
06-14 11:38:36.409  2178  3108 I chatty  : uid=1001(radio) Binder:2178_7 expire 1 line
06-14 11:38:36.435  2178  2307 I chatty  : uid=1001(radio) Binder:2178_3 expire 5 lines
06-14 11:38:36.478  2178  2189 I chatty  : uid=1001(radio) Binder:2178_1 expire 5 lines
06-14 11:38:36.531  2178 21936 I chatty  : uid=1001(radio) Binder:2178_9 expire 4 lines
06-14 11:38:36.982   859 16691 I chatty  : uid=1001(radio) /system/bin/rild expire 1 line
06-14 11:38:37.092   786  1092 I chatty  : uid=1001(radio) /system/bin/rild expire 1 line
06-14 11:38:37.093   859  1093 I chatty  : uid=1001(radio) /system/bin/rild expire 1 line
06-14 11:38:37.094   859  1114 I chatty  : uid=1001(radio) /system/bin/rild expire 1 line
06-14 11:38:37.095   786  1117 I chatty  : uid=1001(radio) /system/bin/rild expire 1 line
06-14 11:38:38.201  2178  2293 I chatty  : uid=1001(radio) RILSender0 expire 3 lines
06-14 11:38:42.591  2178 29093 I chatty  : uid=1001(radio) Binder:2178_A expire 5 lines
06-14 11:38:42.610  2178  2190 I chatty  : uid=1001(radio) Binder:2178_2 expire 7 lines
06-14 11:38:42.628  2178  2737 I chatty  : uid=1001(radio) Binder:2178_5 expire 8 lines
06-14 11:38:42.658  2178  2706 I chatty  : uid=1001(radio) Binder:2178_8 expire 7 lines
06-14 11:38:42.672  2178  2782 I chatty  : uid=1001(radio) Binder:2178_6 expire 5 lines
06-14 11:38:42.744  2178  2308 I chatty  : uid=1001(radio) Binder:2178_4 expire 4 lines
06-14 11:38:49.782  2178  2307 I chatty  : uid=1001(radio) Binder:2178_3 expire 5 lines
06-14 11:38:49.787  2178  2294 I chatty  : uid=1001(radio) RILReceiver0 expire 39 lines
06-14 11:38:49.792  2178  2298 I chatty  : uid=1001(radio) RILReceiver1 expire 17 lines
06-14 11:39:16.812  2178  2178 I chatty  : uid=1001(radio) com.android.phone expire 74 lines
06-14 11:39:16.813   786  1092 I chatty  : uid=1001(radio) /system/bin/rild expire 3 lines
06-14 11:39:16.815   859  1093 I chatty  : uid=1001(radio) /system/bin/rild expire 3 lines
06-14 11:39:16.817   859  1114 I chatty  : uid=1001(radio) /system/bin/rild expire 3 lines
06-14 11:39:16.817   786  1117 I chatty  : uid=1001(radio) /system/bin/rild expire 3 lines
06-14 11:39:16.842   786 16787 I chatty  : uid=1001(radio) /system/bin/rild expire 1 line
06-14 11:39:16.842   859 16791 I chatty  : uid=1001(radio) /system/bin/rild expire 1 line
06-14 11:39:17.027  2178  2297 I chatty  : uid=1001(radio) RILSender1 expire 2 lines
06-14 11:39:17.080  2178 21936 I chatty  : uid=1001(radio) Binder:2178_9 expire 1 line
06-14 11:39:21.163  2178  2189 I chatty  : uid=1001(radio) Binder:2178_1 expire 6 lines
06-14 11:39:21.174  2178  3108 I chatty  : uid=1001(radio) Binder:2178_7 expire 7 lines
06-14 11:40:48.430   859 16969 I chatty  : uid=1001(radio) /system/bin/rild expire 1 line
06-14 11:40:48.448   786 16973 I chatty  : uid=1001(radio) /system/bin/rild expire 1 line
06-14 11:41:10.798  2178  2294 I chatty  : uid=1001(radio) RILReceiver0 expire 6 lines
06-14 11:41:20.683  2178  2298 I chatty  : uid=1001(radio) RILReceiver1 expire 54 lines
06-14 11:41:20.684  2178  2178 I chatty  : uid=1001(radio) com.android.phone expire 92 lines
06-14 11:41:20.688   859 17140 I chatty  : uid=1001(radio) /system/bin/rild expire 1 line
06-14 11:41:20.716   859 17144 I chatty  : uid=1001(radio) /system/bin/rild expire 1 line
06-14 11:41:20.910  2178  2297 I chatty  : uid=1001(radio) RILSender1 expire 5 lines
06-14 11:41:22.016   859 17160 I chatty  : uid=1001(radio) /system/bin/rild expire 1 line
06-14 11:41:22.027   859 17172 I chatty  : uid=1001(radio) /system/bin/rild expire 1 line
06-14 11:41:22.049  1784  5084 D TelephonyRegistry: notifyCellLocationForSubscriber: subId=2 cellLocation=Bundle[mParcelledData.dataSize=96]
06-14 11:41:22.079  2178  2511 I chatty  : uid=1001(radio) pool-2-thread-1 expire 4 lines
06-14 11:41:22.211   859 17152 I chatty  : uid=1001(radio) /system/bin/rild expire 1 line
06-14 11:41:22.234   859 17165 I chatty  : uid=1001(radio) /system/bin/rild expire 1 line
06-14 11:41:22.457   859 17322 I chatty  : uid=1001(radio) /system/bin/rild expire 1 line
06-14 11:41:23.908  2178  2737 I chatty  : uid=1001(radio) Binder:2178_5 expire 5 lines
06-14 11:41:23.911  2178 21936 I chatty  : uid=1001(radio) Binder:2178_9 expire 6 lines
06-14 11:41:23.924  2178  3108 I chatty  : uid=1001(radio) Binder:2178_7 expire 5 lines
06-14 11:41:23.956  2178  2307 I chatty  : uid=1001(radio) Binder:2178_3 expire 5 lines
06-14 11:41:23.966  2178  2190 I chatty  : uid=1001(radio) Binder:2178_2 expire 4 lines
06-14 11:41:23.975  2178  2782 I chatty  : uid=1001(radio) Binder:2178_6 expire 3 lines
06-14 11:41:24.009  2178  2189 I chatty  : uid=1001(radio) Binder:2178_1 expire 5 lines
06-14 11:41:24.017  2178  2308 I chatty  : uid=1001(radio) Binder:2178_4 expire 3 lines
06-14 11:41:24.037  2178  2706 I chatty  : uid=1001(radio) Binder:2178_8 expire 4 lines
06-14 11:41:24.052  2178 29093 I chatty  : uid=1001(radio) Binder:2178_A expire 9 lines
06-14 11:41:25.494  2178  2782 I chatty  : uid=1001(radio) Binder:2178_6 expire 11 lines
06-14 11:41:25.511  2178  2307 I chatty  : uid=1001(radio) Binder:2178_3 expire 6 lines
06-14 11:41:25.512  2178  2190 I chatty  : uid=1001(radio) Binder:2178_2 expire 9 lines
06-14 11:41:25.514  2178  2294 I chatty  : uid=1001(radio) RILReceiver0 expire 33 lines
06-14 11:41:25.541  2178 21936 I chatty  : uid=1001(radio) Binder:2178_9 expire 5 lines
06-14 11:41:25.550  2178  2706 I chatty  : uid=1001(radio) Binder:2178_8 expire 6 lines
06-14 11:41:25.721  2178  2737 I chatty  : uid=1001(radio) Binder:2178_5 expire 6 lines
06-14 11:41:25.784  2178  2308 I chatty  : uid=1001(radio) Binder:2178_4 expire 8 lines
06-14 11:41:25.869  2178 17807 I chatty  : uid=1001(radio) Binder:2178_B expire 5 lines
06-14 11:41:25.876  2178  2189 I chatty  : uid=1001(radio) Binder:2178_1 expire 5 lines
06-14 11:41:25.891  2178  3108 I chatty  : uid=1001(radio) Binder:2178_7 expire 7 lines
06-14 11:41:30.061  2178  2178 I chatty  : uid=1001(radio) com.android.phone expire 73 lines
06-14 11:41:49.932  2178  2298 I chatty  : uid=1001(radio) RILReceiver1 expire 17 lines
06-14 11:41:50.553   786  1092 I chatty  : uid=1001(radio) /system/bin/rild expire 2 lines
06-14 11:41:50.554   859  1093 I chatty  : uid=1001(radio) /system/bin/rild expire 2 lines
06-14 11:41:50.556   786  1117 I chatty  : uid=1001(radio) /system/bin/rild expire 2 lines
06-14 11:41:50.557   859  1114 I chatty  : uid=1001(radio) /system/bin/rild expire 2 lines
06-14 11:43:04.184   786 18225 I chatty  : uid=1001(radio) /system/bin/rild expire 1 line
06-14 11:43:04.185   859 18229 I chatty  : uid=1001(radio) /system/bin/rild expire 1 line
06-14 11:43:04.204   786 18234 I chatty  : uid=1001(radio) /system/bin/rild expire 1 line
06-14 11:43:04.379  2178  2297 I chatty  : uid=1001(radio) RILSender1 expire 1 line
06-14 11:43:04.394  2178  2293 I chatty  : uid=1001(radio) RILSender0 expire 1 line
06-14 11:43:09.533   859 18310 I chatty  : uid=1001(radio) /system/bin/rild expire 1 line
06-14 11:43:09.536  2178  2178 I chatty  : uid=1001(radio) com.android.phone expire 23 lines
06-14 11:43:09.537  2178  2298 I chatty  : uid=1001(radio) RILReceiver1 expire 26 lines
06-14 11:43:09.543   859 18314 I chatty  : uid=1001(radio) /system/bin/rild expire 1 line
06-14 11:43:09.548  1784  2616 D TelephonyRegistry: notifyCellLocationForSubscriber: subId=2 cellLocation=Bundle[mParcelledData.dataSize=96]
06-14 11:43:09.738  2178  2297 I chatty  : uid=1001(radio) RILSender1 expire 4 lines
06-14 11:43:37.569  2178  2294 I chatty  : uid=1001(radio) RILReceiver0 expire 10 lines
06-14 11:44:07.228   859 18479 I chatty  : uid=1001(radio) /system/bin/rild expire 1 line
06-14 11:44:07.233  1784  2943 D TelephonyRegistry: notifyCellLocationForSubscriber: subId=2 cellLocation=Bundle[mParcelledData.dataSize=96]
06-14 11:44:07.233  2178  2298 I chatty  : uid=1001(radio) RILReceiver1 expire 28 lines
06-14 11:44:07.237  2178  2178 I chatty  : uid=1001(radio) com.android.phone expire 26 lines
06-14 11:44:07.239   859 18483 I chatty  : uid=1001(radio) /system/bin/rild expire 1 line
06-14 11:44:07.248   859 18487 I chatty  : uid=1001(radio) /system/bin/rild expire 1 line
06-14 11:44:27.592   859 18537 I chatty  : uid=1001(radio) /system/bin/rild expire 1 line
06-14 11:44:27.596  1784 23030 D TelephonyRegistry: notifyCellLocationForSubscriber: subId=2 cellLocation=Bundle[mParcelledData.dataSize=96]
06-14 11:44:27.601  2178  2178 I chatty  : uid=1001(radio) com.android.phone expire 24 lines
06-14 11:44:27.607   859 18541 I chatty  : uid=1001(radio) /system/bin/rild expire 1 line
